[     145ms] [LOG] [Fast Refresh] rebuilding @ http://localhost:3456/_next/static/chunks/node_modules_next_dist_1ybzpk2._.js:2477
[     654ms] [LOG] [Fast Refresh] done in 612ms @ http://localhost:3456/_next/static/chunks/node_modules_next_dist_1ybzpk2._.js:2477
[    1066ms] [INFO] %cDownload the React DevTools for a better development experience: https://react.dev/link/react-devtools font-weight:bold @ http://localhost:3456/_next/static/chunks/node_modules_next_dist_1ybzpk2._.js:2477
[    1081ms] [LOG] [HMR] connected @ http://localhost:3456/_next/static/chunks/node_modules_next_dist_1ybzpk2._.js:2477
[   19705ms] [ERROR] Failed to load resource: the server responded with a status of 404 (Not Found) @ http://localhost:8765/api/v1/lessons/3692f63e-7d5f-4053-9c53-2fa85e6b3d8d/quiz:0
[   19711ms] [ERROR] Failed to load resource: the server responded with a status of 404 (Not Found) @ http://localhost:8765/api/v1/lessons/3692f63e-7d5f-4053-9c53-2fa85e6b3d8d/assignment:0
[   19711ms] [ERROR] Failed to load resource: the server responded with a status of 404 (Not Found) @ http://localhost:8765/api/v1/lessons/3692f63e-7d5f-4053-9c53-2fa85e6b3d8d/quiz:0
[   19734ms] [ERROR] Failed to load resource: the server responded with a status of 404 (Not Found) @ http://localhost:8765/api/v1/lessons/3692f63e-7d5f-4053-9c53-2fa85e6b3d8d/assignment:0
[  148629ms] [ERROR] WebSocket connection to 'ws://localhost:3456/_next/webpack-hmr?id=lokRTlnVvKwfYyNb6qHF8' failed: Error in connection establishment: net::ERR_CONNECTION_REFUSED @ http://localhost:3456/_next/static/chunks/node_modules_next_dist_client_0r5nbpw._.js:13422
[  149633ms] [ERROR] WebSocket connection to 'ws://localhost:3456/_next/webpack-hmr?id=lokRTlnVvKwfYyNb6qHF8' failed: Error in connection establishment: net::ERR_CONNECTION_REFUSED @ http://localhost:3456/_next/static/chunks/node_modules_next_dist_client_0r5nbpw._.js:13422
[  150637ms] [ERROR] WebSocket connection to 'ws://localhost:3456/_next/webpack-hmr?id=lokRTlnVvKwfYyNb6qHF8' failed: Error in connection establishment: net::ERR_CONNECTION_REFUSED @ http://localhost:3456/_next/static/chunks/node_modules_next_dist_client_0r5nbpw._.js:13422
[  151640ms] [ERROR] WebSocket connection to 'ws://localhost:3456/_next/webpack-hmr?id=lokRTlnVvKwfYyNb6qHF8' failed: Error in connection establishment: net::ERR_CONNECTION_REFUSED @ http://localhost:3456/_next/static/chunks/node_modules_next_dist_client_0r5nbpw._.js:13422
[  152644ms] [ERROR] WebSocket connection to 'ws://localhost:3456/_next/webpack-hmr?id=lokRTlnVvKwfYyNb6qHF8' failed: Error in connection establishment: net::ERR_CONNECTION_REFUSED @ http://localhost:3456/_next/static/chunks/node_modules_next_dist_client_0r5nbpw._.js:13422
[  157648ms] [ERROR] WebSocket connection to 'ws://localhost:3456/_next/webpack-hmr?id=lokRTlnVvKwfYyNb6qHF8' failed: Error in connection establishment: net::ERR_CONNECTION_REFUSED @ http://localhost:3456/_next/static/chunks/node_modules_next_dist_client_0r5nbpw._.js:13422
[  162652ms] [ERROR] WebSocket connection to 'ws://localhost:3456/_next/webpack-hmr?id=lokRTlnVvKwfYyNb6qHF8' failed: Error in connection establishment: net::ERR_CONNECTION_REFUSED @ http://localhost:3456/_next/static/chunks/node_modules_next_dist_client_0r5nbpw._.js:13422
[  167657ms] [ERROR] WebSocket connection to 'ws://localhost:3456/_next/webpack-hmr?id=lokRTlnVvKwfYyNb6qHF8' failed: Error in connection establishment: net::ERR_CONNECTION_REFUSED @ http://localhost:3456/_next/static/chunks/node_modules_next_dist_client_0r5nbpw._.js:13422
[  172663ms] [ERROR] WebSocket connection to 'ws://localhost:3456/_next/webpack-hmr?id=lokRTlnVvKwfYyNb6qHF8' failed: Error in connection establishment: net::ERR_CONNECTION_REFUSED @ http://localhost:3456/_next/static/chunks/node_modules_next_dist_client_0r5nbpw._.js:13422
[  177668ms] [ERROR] WebSocket connection to 'ws://localhost:3456/_next/webpack-hmr?id=lokRTlnVvKwfYyNb6qHF8' failed: Error in connection establishment: net::ERR_CONNECTION_REFUSED @ http://localhost:3456/_next/static/chunks/node_modules_next_dist_client_0r5nbpw._.js:13422
[  181181ms] [ERROR] Failed to load resource: net::ERR_CONNECTION_REFUSED @ http://localhost:8765/api/v1/notifications:0
[  182674ms] [ERROR] WebSocket connection to 'ws://localhost:3456/_next/webpack-hmr?id=lokRTlnVvKwfYyNb6qHF8' failed: Error in connection establishment: net::ERR_CONNECTION_REFUSED @ http://localhost:3456/_next/static/chunks/node_modules_next_dist_client_0r5nbpw._.js:13422
[  187683ms] [ERROR] WebSocket connection to 'ws://localhost:3456/_next/webpack-hmr?id=lokRTlnVvKwfYyNb6qHF8' failed: Error in connection establishment: net::ERR_CONNECTION_REFUSED @ http://localhost:3456/_next/static/chunks/node_modules_next_dist_client_0r5nbpw._.js:13422
