[     217ms] [VERBOSE] [DOM] Input elements should have autocomplete attributes (suggested: "current-password"): (More info: https://goo.gl/9p2vKq) %o @ http://localhost:3108/login:0
[     249ms] [INFO] %cDownload the React DevTools for a better development experience: https://react.dev/link/react-devtools font-weight:bold @ http://localhost:3108/_next/static/chunks/node_modules_next_dist_1ybzpk2._.js:2477
[     308ms] [LOG] [HMR] connected @ http://localhost:3108/_next/static/chunks/node_modules_next_dist_1ybzpk2._.js:2477
[     438ms] [LOG] [Fast Refresh] rebuilding @ http://localhost:3108/_next/static/chunks/node_modules_next_dist_1ybzpk2._.js:2477
[     460ms] [LOG] [Fast Refresh] done in 124ms @ http://localhost:3108/_next/static/chunks/node_modules_next_dist_1ybzpk2._.js:2477
[     550ms] [WARNING] Detected `scroll-behavior: smooth` on the `<html>` element. To disable smooth scrolling during route transitions, add `data-scroll-behavior="smooth"` to your <html> element. Learn more: https://nextjs.org/docs/messages/missing-data-scroll-behavior @ http://localhost:3108/_next/static/chunks/node_modules_next_dist_1ybzpk2._.js:2477
[     629ms] [ERROR] %o

%s TypeError: Cannot read properties of undefined (reading 'length')
    at TeamWidget (http://localhost:3108/_next/static/chunks/src_0s_v274._.js:834:34)
    at Object.react_stack_bottom_frame (http://localhost:3108/_next/static/chunks/node_modules_next_dist_compiled_react-dom_096_9a-._.js:15037:24)
    at renderWithHooks (http://localhost:3108/_next/static/chunks/node_modules_next_dist_compiled_react-dom_096_9a-._.js:4620:24)
    at updateFunctionComponent (http://localhost:3108/_next/static/chunks/node_modules_next_dist_compiled_react-dom_096_9a-._.js:6081:21)
    at beginWork (http://localhost:3108/_next/static/chunks/node_modules_next_dist_compiled_react-dom_096_9a-._.js:6691:24)
    at runWithFiberInDEV (http://localhost:3108/_next/static/chunks/node_modules_next_dist_compiled_react-dom_096_9a-._.js:965:74)
    at performUnitOfWork (http://localhost:3108/_next/static/chunks/node_modules_next_dist_compiled_react-dom_096_9a-._.js:9555:97)
    at workLoopSync (http://localhost:3108/_next/static/chunks/node_modules_next_dist_compiled_react-dom_096_9a-._.js:9449:40)
    at renderRootSync (http://localhost:3108/_next/static/chunks/node_modules_next_dist_compiled_react-dom_096_9a-._.js:9433:13)
    at performWorkOnRoot (http://localhost:3108/_next/static/chunks/node_modules_next_dist_compiled_react-dom_096_9a-._.js:9098:47)
    at performSyncWorkOnRoot (http://localhost:3108/_next/static/chunks/node_modules_next_dist_compiled_react-dom_096_9a-._.js:10263:9)
    at flushSyncWorkAcrossRoots_impl (http://localhost:3108/_next/static/chunks/node_modules_next_dist_compiled_react-dom_096_9a-._.js:10179:316)
    at processRootScheduleInMicrotask (http://localhost:3108/_next/static/chunks/node_modules_next_dist_compiled_react-dom_096_9a-._.js:10200:106)
    at http://localhost:3108/_next/static/chunks/node_modules_next_dist_compiled_react-dom_096_9a-._.js:10274:158 The above error occurred in the <TeamWidget> component. It was handled by the <ErrorBoundaryHandler> error boundary. @ http://localhost:3108/_next/static/chunks/node_modules_next_dist_client_0r5nbpw._.js:1998
[     630ms] [ERROR] [app] route error boundary caught: TypeError: Cannot read properties of undefined (reading 'length')
    at TeamWidget (http://localhost:3108/_next/static/chunks/src_0s_v274._.js:834:34)
    at Object.react_stack_bottom_frame (http://localhost:3108/_next/static/chunks/node_modules_next_dist_compiled_react-dom_096_9a-._.js:15037:24)
    at renderWithHooks (http://localhost:3108/_next/static/chunks/node_modules_next_dist_compiled_react-dom_096_9a-._.js:4620:24)
    at updateFunctionComponent (http://localhost:3108/_next/static/chunks/node_modules_next_dist_compiled_react-dom_096_9a-._.js:6081:21)
    at beginWork (http://localhost:3108/_next/static/chunks/node_modules_next_dist_compiled_react-dom_096_9a-._.js:6691:24)
    at runWithFiberInDEV (http://localhost:3108/_next/static/chunks/node_modules_next_dist_compiled_react-dom_096_9a-._.js:965:74)
    at performUnitOfWork (http://localhost:3108/_next/static/chunks/node_modules_next_dist_compiled_react-dom_096_9a-._.js:9555:97)
    at workLoopSync (http://localhost:3108/_next/static/chunks/node_modules_next_dist_compiled_react-dom_096_9a-._.js:9449:40)
    at renderRootSync (http://localhost:3108/_next/static/chunks/node_modules_next_dist_compiled_react-dom_096_9a-._.js:9433:13)
    at performWorkOnRoot (http://localhost:3108/_next/static/chunks/node_modules_next_dist_compiled_react-dom_096_9a-._.js:9098:47)
    at performSyncWorkOnRoot (http://localhost:3108/_next/static/chunks/node_modules_next_dist_compiled_react-dom_096_9a-._.js:10263:9)
    at flushSyncWorkAcrossRoots_impl (http://localhost:3108/_next/static/chunks/node_modules_next_dist_compiled_react-dom_096_9a-._.js:10179:316)
    at processRootScheduleInMicrotask (http://localhost:3108/_next/static/chunks/node_modules_next_dist_compiled_react-dom_096_9a-._.js:10200:106)
    at http://localhost:3108/_next/static/chunks/node_modules_next_dist_compiled_react-dom_096_9a-._.js:10274:158 @ http://localhost:3108/_next/static/chunks/node_modules_next_dist_1ybzpk2._.js:3318
[     631ms] [ERROR] [app] route error boundary caught: TypeError: Cannot read properties of undefined (reading 'length')
    at TeamWidget (http://localhost:3108/_next/static/chunks/src_0s_v274._.js:834:34)
    at Object.react_stack_bottom_frame (http://localhost:3108/_next/static/chunks/node_modules_next_dist_compiled_react-dom_096_9a-._.js:15037:24)
    at renderWithHooks (http://localhost:3108/_next/static/chunks/node_modules_next_dist_compiled_react-dom_096_9a-._.js:4620:24)
    at updateFunctionComponent (http://localhost:3108/_next/static/chunks/node_modules_next_dist_compiled_react-dom_096_9a-._.js:6081:21)
    at beginWork (http://localhost:3108/_next/static/chunks/node_modules_next_dist_compiled_react-dom_096_9a-._.js:6691:24)
    at runWithFiberInDEV (http://localhost:3108/_next/static/chunks/node_modules_next_dist_compiled_react-dom_096_9a-._.js:965:74)
    at performUnitOfWork (http://localhost:3108/_next/static/chunks/node_modules_next_dist_compiled_react-dom_096_9a-._.js:9555:97)
    at workLoopSync (http://localhost:3108/_next/static/chunks/node_modules_next_dist_compiled_react-dom_096_9a-._.js:9449:40)
    at renderRootSync (http://localhost:3108/_next/static/chunks/node_modules_next_dist_compiled_react-dom_096_9a-._.js:9433:13)
    at performWorkOnRoot (http://localhost:3108/_next/static/chunks/node_modules_next_dist_compiled_react-dom_096_9a-._.js:9098:47)
    at performSyncWorkOnRoot (http://localhost:3108/_next/static/chunks/node_modules_next_dist_compiled_react-dom_096_9a-._.js:10263:9)
    at flushSyncWorkAcrossRoots_impl (http://localhost:3108/_next/static/chunks/node_modules_next_dist_compiled_react-dom_096_9a-._.js:10179:316)
    at processRootScheduleInMicrotask (http://localhost:3108/_next/static/chunks/node_modules_next_dist_compiled_react-dom_096_9a-._.js:10200:106)
    at http://localhost:3108/_next/static/chunks/node_modules_next_dist_compiled_react-dom_096_9a-._.js:10274:158 @ http://localhost:3108/_next/static/chunks/node_modules_next_dist_1ybzpk2._.js:3318
[   66441ms] [INFO] %cDownload the React DevTools for a better development experience: https://react.dev/link/react-devtools font-weight:bold @ http://localhost:3108/_next/static/chunks/node_modules_next_dist_1ybzpk2._.js:2477
[   66450ms] [LOG] [HMR] connected @ http://localhost:3108/_next/static/chunks/node_modules_next_dist_1ybzpk2._.js:2477
[   66569ms] [LOG] [Fast Refresh] rebuilding @ http://localhost:3108/_next/static/chunks/node_modules_next_dist_1ybzpk2._.js:2477
[   66582ms] [LOG] [Fast Refresh] done in 114ms @ http://localhost:3108/_next/static/chunks/node_modules_next_dist_1ybzpk2._.js:2477
[   96078ms] [INFO] %cDownload the React DevTools for a better development experience: https://react.dev/link/react-devtools font-weight:bold @ http://localhost:3108/_next/static/chunks/node_modules_next_dist_1ybzpk2._.js:2477
[   96085ms] [LOG] [HMR] connected @ http://localhost:3108/_next/static/chunks/node_modules_next_dist_1ybzpk2._.js:2477
[  304278ms] [ERROR] Failed to load resource: the server responded with a status of 500 (Internal Server Error) @ http://localhost:8000/api/v1/courses/c1/structure:0
[  325747ms] [ERROR] Failed to load resource: the server responded with a status of 500 (Internal Server Error) @ http://localhost:8000/api/v1/courses/c1/structure:0
[  344564ms] [LOG] [Fast Refresh] rebuilding @ http://localhost:3108/_next/static/chunks/node_modules_next_dist_1ybzpk2._.js:2477
[  344590ms] [LOG] [Fast Refresh] done in 74ms @ http://localhost:3108/_next/static/chunks/node_modules_next_dist_1ybzpk2._.js:2477
[  361939ms] [INFO] %cDownload the React DevTools for a better development experience: https://react.dev/link/react-devtools font-weight:bold @ http://localhost:3108/_next/static/chunks/node_modules_next_dist_1ybzpk2._.js:2477
[  361953ms] [LOG] [HMR] connected @ http://localhost:3108/_next/static/chunks/node_modules_next_dist_1ybzpk2._.js:2477
[  420613ms] [INFO] %cDownload the React DevTools for a better development experience: https://react.dev/link/react-devtools font-weight:bold @ http://localhost:3108/_next/static/chunks/node_modules_next_dist_1ybzpk2._.js:2477
[  420624ms] [LOG] [HMR] connected @ http://localhost:3108/_next/static/chunks/node_modules_next_dist_1ybzpk2._.js:2477
[  444804ms] [ERROR] Failed to load resource: the server responded with a status of 500 (Internal Server Error) @ http://localhost:8000/api/v1/courses/c1/structure:0
[  461608ms] [ERROR] Failed to load resource: the server responded with a status of 500 (Internal Server Error) @ http://localhost:8000/api/v1/courses/c1/structure:0
[  462481ms] [INFO] %cDownload the React DevTools for a better development experience: https://react.dev/link/react-devtools font-weight:bold @ http://localhost:3108/_next/static/chunks/node_modules_next_dist_1ybzpk2._.js:2477
[  462488ms] [LOG] [HMR] connected @ http://localhost:3108/_next/static/chunks/node_modules_next_dist_1ybzpk2._.js:2477
[  511256ms] [INFO] %cDownload the React DevTools for a better development experience: https://react.dev/link/react-devtools font-weight:bold @ http://localhost:3108/_next/static/chunks/node_modules_next_dist_1ybzpk2._.js:2477
[  511264ms] [LOG] [HMR] connected @ http://localhost:3108/_next/static/chunks/node_modules_next_dist_1ybzpk2._.js:2477
[  512962ms] [INFO] %cDownload the React DevTools for a better development experience: https://react.dev/link/react-devtools font-weight:bold @ http://localhost:3108/_next/static/chunks/node_modules_next_dist_1ybzpk2._.js:2477
[  512968ms] [LOG] [HMR] connected @ http://localhost:3108/_next/static/chunks/node_modules_next_dist_1ybzpk2._.js:2477
[  532761ms] [INFO] %cDownload the React DevTools for a better development experience: https://react.dev/link/react-devtools font-weight:bold @ http://localhost:3108/_next/static/chunks/node_modules_next_dist_1ybzpk2._.js:2477
[  532768ms] [LOG] [HMR] connected @ http://localhost:3108/_next/static/chunks/node_modules_next_dist_1ybzpk2._.js:2477
[  948576ms] [ERROR] WebSocket connection to 'ws://localhost:3108/_next/webpack-hmr?id=3u1eK9P8fVfGvwjnvhr0l' failed:  @ http://localhost:3108/_next/static/chunks/node_modules_next_dist_client_0r5nbpw._.js:13422
[  949581ms] [ERROR] WebSocket connection to 'ws://localhost:3108/_next/webpack-hmr?id=3u1eK9P8fVfGvwjnvhr0l' failed: Error in connection establishment: net::ERR_CONNECTION_REFUSED @ http://localhost:3108/_next/static/chunks/node_modules_next_dist_client_0r5nbpw._.js:13422
[  950586ms] [ERROR] WebSocket connection to 'ws://localhost:3108/_next/webpack-hmr?id=3u1eK9P8fVfGvwjnvhr0l' failed: Error in connection establishment: net::ERR_CONNECTION_REFUSED @ http://localhost:3108/_next/static/chunks/node_modules_next_dist_client_0r5nbpw._.js:13422
[  951590ms] [ERROR] WebSocket connection to 'ws://localhost:3108/_next/webpack-hmr?id=3u1eK9P8fVfGvwjnvhr0l' failed: Error in connection establishment: net::ERR_CONNECTION_REFUSED @ http://localhost:3108/_next/static/chunks/node_modules_next_dist_client_0r5nbpw._.js:13422
[  952595ms] [ERROR] WebSocket connection to 'ws://localhost:3108/_next/webpack-hmr?id=3u1eK9P8fVfGvwjnvhr0l' failed: Error in connection establishment: net::ERR_CONNECTION_REFUSED @ http://localhost:3108/_next/static/chunks/node_modules_next_dist_client_0r5nbpw._.js:13422
[  953602ms] [ERROR] WebSocket connection to 'ws://localhost:3108/_next/webpack-hmr?id=3u1eK9P8fVfGvwjnvhr0l' failed: Error in connection establishment: net::ERR_CONNECTION_REFUSED @ http://localhost:3108/_next/static/chunks/node_modules_next_dist_client_0r5nbpw._.js:13422
[  958612ms] [ERROR] WebSocket connection to 'ws://localhost:3108/_next/webpack-hmr?id=3u1eK9P8fVfGvwjnvhr0l' failed: Error in connection establishment: net::ERR_CONNECTION_REFUSED @ http://localhost:3108/_next/static/chunks/node_modules_next_dist_client_0r5nbpw._.js:13422
[  963620ms] [ERROR] WebSocket connection to 'ws://localhost:3108/_next/webpack-hmr?id=3u1eK9P8fVfGvwjnvhr0l' failed: Error in connection establishment: net::ERR_CONNECTION_REFUSED @ http://localhost:3108/_next/static/chunks/node_modules_next_dist_client_0r5nbpw._.js:13422
[  968652ms] [ERROR] WebSocket connection to 'ws://localhost:3108/_next/webpack-hmr?id=3u1eK9P8fVfGvwjnvhr0l' failed: Error in connection establishment: net::ERR_CONNECTION_REFUSED @ http://localhost:3108/_next/static/chunks/node_modules_next_dist_client_0r5nbpw._.js:13422
[  973704ms] [ERROR] WebSocket connection to 'ws://localhost:3108/_next/webpack-hmr?id=3u1eK9P8fVfGvwjnvhr0l' failed: Error in connection establishment: net::ERR_CONNECTION_REFUSED @ http://localhost:3108/_next/static/chunks/node_modules_next_dist_client_0r5nbpw._.js:13422
[  978752ms] [ERROR] WebSocket connection to 'ws://localhost:3108/_next/webpack-hmr?id=3u1eK9P8fVfGvwjnvhr0l' failed: Error in connection establishment: net::ERR_CONNECTION_REFUSED @ http://localhost:3108/_next/static/chunks/node_modules_next_dist_client_0r5nbpw._.js:13422
[  983897ms] [ERROR] WebSocket connection to 'ws://localhost:3108/_next/webpack-hmr?id=3u1eK9P8fVfGvwjnvhr0l' failed: Error in connection establishment: net::ERR_CONNECTION_REFUSED @ http://localhost:3108/_next/static/chunks/node_modules_next_dist_client_0r5nbpw._.js:13422
[  988998ms] [ERROR] WebSocket connection to 'ws://localhost:3108/_next/webpack-hmr?id=3u1eK9P8fVfGvwjnvhr0l' failed: Error in connection establishment: net::ERR_CONNECTION_REFUSED @ http://localhost:3108/_next/static/chunks/node_modules_next_dist_client_0r5nbpw._.js:13422
[  989080ms] SecurityError: Failed to read the 'localStorage' property from 'Window': Access is denied for this document.
    at <anonymous>:6:5
    at <anonymous>:7:7
