[     751ms] [LOG] [Telegram.WebView] > postEvent web_app_set_header_color {color_key: bg_color} @ https://telegram.org/js/telegram-web-app.js:134
[     752ms] [LOG] [Telegram.WebView] > postEvent web_app_set_bottom_bar_color {color: #ffffff} @ https://telegram.org/js/telegram-web-app.js:134
[     752ms] [LOG] [Telegram.WebView] > postEvent web_app_request_theme  @ https://telegram.org/js/telegram-web-app.js:134
[     752ms] [LOG] [Telegram.WebView] > postEvent web_app_request_viewport  @ https://telegram.org/js/telegram-web-app.js:134
[     752ms] [LOG] [Telegram.WebView] > postEvent web_app_request_safe_area  @ https://telegram.org/js/telegram-web-app.js:134
[     752ms] [LOG] [Telegram.WebView] > postEvent web_app_request_content_safe_area  @ https://telegram.org/js/telegram-web-app.js:134
[     805ms] [LOG] [Telegram.WebView] > postEvent web_app_ready  @ https://telegram.org/js/telegram-web-app.js:134
[     805ms] [LOG] [Telegram.WebView] > postEvent web_app_expand  @ https://telegram.org/js/telegram-web-app.js:134
[     806ms] [WARNING] [Telegram.WebApp] Changing swipes behavior is not supported in version 6.0 @ https://telegram.org/js/telegram-web-app.js:607
[     806ms] [WARNING] [Telegram.WebApp] BackButton is not supported in version 6.0 @ https://telegram.org/js/telegram-web-app.js:988
[     806ms] [WARNING] [Telegram.WebApp] BackButton is not supported in version 6.0 @ https://telegram.org/js/telegram-web-app.js:988
[17165535ms] [LOG] [Telegram.WebView] > postEvent web_app_set_header_color {color_key: bg_color} @ https://telegram.org/js/telegram-web-app.js:134
[17165538ms] [LOG] [Telegram.WebView] > postEvent web_app_set_bottom_bar_color {color: #ffffff} @ https://telegram.org/js/telegram-web-app.js:134
[17165538ms] [LOG] [Telegram.WebView] > postEvent web_app_request_theme  @ https://telegram.org/js/telegram-web-app.js:134
[17165538ms] [LOG] [Telegram.WebView] > postEvent web_app_request_viewport  @ https://telegram.org/js/telegram-web-app.js:134
[17165538ms] [LOG] [Telegram.WebView] > postEvent web_app_request_safe_area  @ https://telegram.org/js/telegram-web-app.js:134
[17165538ms] [LOG] [Telegram.WebView] > postEvent web_app_request_content_safe_area  @ https://telegram.org/js/telegram-web-app.js:134
[17165598ms] [LOG] [Telegram.WebView] > postEvent web_app_ready  @ https://telegram.org/js/telegram-web-app.js:134
[17165598ms] [LOG] [Telegram.WebView] > postEvent web_app_expand  @ https://telegram.org/js/telegram-web-app.js:134
[17165599ms] [WARNING] [Telegram.WebApp] Changing swipes behavior is not supported in version 6.0 @ https://telegram.org/js/telegram-web-app.js:607
[17165599ms] [WARNING] [Telegram.WebApp] BackButton is not supported in version 6.0 @ https://telegram.org/js/telegram-web-app.js:988
[17165600ms] [WARNING] [Telegram.WebApp] BackButton is not supported in version 6.0 @ https://telegram.org/js/telegram-web-app.js:988
