[     114ms] [LOG] [Fast Refresh] rebuilding @ http://localhost:3114/_next/static/chunks/node_modules_next_dist_1ybzpk2._.js:2477
[     754ms] [LOG] [Fast Refresh] done in 741ms @ http://localhost:3114/_next/static/chunks/node_modules_next_dist_1ybzpk2._.js:2477
[     782ms] [INFO] %cDownload the React DevTools for a better development experience: https://react.dev/link/react-devtools font-weight:bold @ http://localhost:3114/_next/static/chunks/node_modules_next_dist_1ybzpk2._.js:2477
[     795ms] [LOG] [HMR] connected @ http://localhost:3114/_next/static/chunks/node_modules_next_dist_1ybzpk2._.js:2477
[     950ms] [VERBOSE] [DOM] Password forms should have (optionally hidden) username fields for accessibility: (More info: https://goo.gl/9p2vKq) %o @ http://localhost:3114/profile:0
[  103298ms] [ERROR] Failed to load resource: the server responded with a status of 400 (Bad Request) @ http://localhost:8123/api/v1/auth/change-password:0
[  164033ms] [ERROR] Failed to load resource: the server responded with a status of 400 (Bad Request) @ http://localhost:8123/api/v1/auth/change-password:0
[  212307ms] [INFO] %cDownload the React DevTools for a better development experience: https://react.dev/link/react-devtools font-weight:bold @ http://localhost:3114/_next/static/chunks/node_modules_next_dist_1ybzpk2._.js:2477
[  212327ms] [LOG] [HMR] connected @ http://localhost:3114/_next/static/chunks/node_modules_next_dist_1ybzpk2._.js:2477
[  213977ms] [INFO] %cDownload the React DevTools for a better development experience: https://react.dev/link/react-devtools font-weight:bold @ http://localhost:3114/_next/static/chunks/node_modules_next_dist_1ybzpk2._.js:2477
[  213985ms] [LOG] [HMR] connected @ http://localhost:3114/_next/static/chunks/node_modules_next_dist_1ybzpk2._.js:2477
[  215603ms] [INFO] %cDownload the React DevTools for a better development experience: https://react.dev/link/react-devtools font-weight:bold @ http://localhost:3114/_next/static/chunks/node_modules_next_dist_1ybzpk2._.js:2477
[  215617ms] [LOG] [HMR] connected @ http://localhost:3114/_next/static/chunks/node_modules_next_dist_1ybzpk2._.js:2477
[  215779ms] [VERBOSE] [DOM] Password forms should have (optionally hidden) username fields for accessibility: (More info: https://goo.gl/9p2vKq) %o @ http://localhost:3114/profile:0
[  246571ms] [ERROR] WebSocket connection to 'ws://localhost:3114/_next/webpack-hmr?id=vzrLRJtq4UZWMpuE-Eo5B' failed: Error in connection establishment: net::ERR_CONNECTION_REFUSED @ http://localhost:3114/_next/static/chunks/node_modules_next_dist_client_0r5nbpw._.js:13422
[  247573ms] [ERROR] WebSocket connection to 'ws://localhost:3114/_next/webpack-hmr?id=vzrLRJtq4UZWMpuE-Eo5B' failed: Error in connection establishment: net::ERR_CONNECTION_REFUSED @ http://localhost:3114/_next/static/chunks/node_modules_next_dist_client_0r5nbpw._.js:13422
[  248576ms] [ERROR] WebSocket connection to 'ws://localhost:3114/_next/webpack-hmr?id=vzrLRJtq4UZWMpuE-Eo5B' failed: Error in connection establishment: net::ERR_CONNECTION_REFUSED @ http://localhost:3114/_next/static/chunks/node_modules_next_dist_client_0r5nbpw._.js:13422
[  249579ms] [ERROR] WebSocket connection to 'ws://localhost:3114/_next/webpack-hmr?id=vzrLRJtq4UZWMpuE-Eo5B' failed: Error in connection establishment: net::ERR_CONNECTION_REFUSED @ http://localhost:3114/_next/static/chunks/node_modules_next_dist_client_0r5nbpw._.js:13422
[  250581ms] [ERROR] WebSocket connection to 'ws://localhost:3114/_next/webpack-hmr?id=vzrLRJtq4UZWMpuE-Eo5B' failed: Error in connection establishment: net::ERR_CONNECTION_REFUSED @ http://localhost:3114/_next/static/chunks/node_modules_next_dist_client_0r5nbpw._.js:13422
[  255585ms] [ERROR] WebSocket connection to 'ws://localhost:3114/_next/webpack-hmr?id=vzrLRJtq4UZWMpuE-Eo5B' failed: Error in connection establishment: net::ERR_CONNECTION_REFUSED @ http://localhost:3114/_next/static/chunks/node_modules_next_dist_client_0r5nbpw._.js:13422
[  260588ms] [ERROR] WebSocket connection to 'ws://localhost:3114/_next/webpack-hmr?id=vzrLRJtq4UZWMpuE-Eo5B' failed: Error in connection establishment: net::ERR_CONNECTION_REFUSED @ http://localhost:3114/_next/static/chunks/node_modules_next_dist_client_0r5nbpw._.js:13422
[  265591ms] [ERROR] WebSocket connection to 'ws://localhost:3114/_next/webpack-hmr?id=vzrLRJtq4UZWMpuE-Eo5B' failed: Error in connection establishment: net::ERR_CONNECTION_REFUSED @ http://localhost:3114/_next/static/chunks/node_modules_next_dist_client_0r5nbpw._.js:13422
[  270594ms] [ERROR] WebSocket connection to 'ws://localhost:3114/_next/webpack-hmr?id=vzrLRJtq4UZWMpuE-Eo5B' failed: Error in connection establishment: net::ERR_CONNECTION_REFUSED @ http://localhost:3114/_next/static/chunks/node_modules_next_dist_client_0r5nbpw._.js:13422
[  275598ms] [ERROR] WebSocket connection to 'ws://localhost:3114/_next/webpack-hmr?id=vzrLRJtq4UZWMpuE-Eo5B' failed: Error in connection establishment: net::ERR_CONNECTION_REFUSED @ http://localhost:3114/_next/static/chunks/node_modules_next_dist_client_0r5nbpw._.js:13422
[  275687ms] [ERROR] Failed to load resource: net::ERR_CONNECTION_REFUSED @ http://localhost:8123/api/v1/notifications:0
[  280602ms] [ERROR] WebSocket connection to 'ws://localhost:3114/_next/webpack-hmr?id=vzrLRJtq4UZWMpuE-Eo5B' failed: Error in connection establishment: net::ERR_CONNECTION_REFUSED @ http://localhost:3114/_next/static/chunks/node_modules_next_dist_client_0r5nbpw._.js:13422
[  285606ms] [ERROR] WebSocket connection to 'ws://localhost:3114/_next/webpack-hmr?id=vzrLRJtq4UZWMpuE-Eo5B' failed: Error in connection establishment: net::ERR_CONNECTION_REFUSED @ http://localhost:3114/_next/static/chunks/node_modules_next_dist_client_0r5nbpw._.js:13422
