[     218ms] [INFO] %cDownload the React DevTools for a better development experience: https://react.dev/link/react-devtools font-weight:bold @ http://localhost:3103/_next/static/chunks/node_modules_next_dist_1ybzpk2._.js:2477
[     230ms] [LOG] [HMR] connected @ http://localhost:3103/_next/static/chunks/node_modules_next_dist_1ybzpk2._.js:2477
[     376ms] [ERROR] %o

%s TypeError: Cannot read properties of undefined (reading 'length')
    at http://localhost:3103/_next/static/chunks/_1e3mq3d._.js:732:45
    at Array.map (<anonymous>)
    at StudioPage (http://localhost:3103/_next/static/chunks/_1e3mq3d._.js:687:39)
    at Object.react_stack_bottom_frame (http://localhost:3103/_next/static/chunks/node_modules_next_dist_compiled_react-dom_096_9a-._.js:15037:24)
    at renderWithHooks (http://localhost:3103/_next/static/chunks/node_modules_next_dist_compiled_react-dom_096_9a-._.js:4620:24)
    at updateFunctionComponent (http://localhost:3103/_next/static/chunks/node_modules_next_dist_compiled_react-dom_096_9a-._.js:6081:21)
    at beginWork (http://localhost:3103/_next/static/chunks/node_modules_next_dist_compiled_react-dom_096_9a-._.js:6691:24)
    at runWithFiberInDEV (http://localhost:3103/_next/static/chunks/node_modules_next_dist_compiled_react-dom_096_9a-._.js:965:74)
    at performUnitOfWork (http://localhost:3103/_next/static/chunks/node_modules_next_dist_compiled_react-dom_096_9a-._.js:9555:97)
    at workLoopSync (http://localhost:3103/_next/static/chunks/node_modules_next_dist_compiled_react-dom_096_9a-._.js:9449:40)
    at renderRootSync (http://localhost:3103/_next/static/chunks/node_modules_next_dist_compiled_react-dom_096_9a-._.js:9433:13)
    at performWorkOnRoot (http://localhost:3103/_next/static/chunks/node_modules_next_dist_compiled_react-dom_096_9a-._.js:9098:47)
    at performSyncWorkOnRoot (http://localhost:3103/_next/static/chunks/node_modules_next_dist_compiled_react-dom_096_9a-._.js:10263:9)
    at flushSyncWorkAcrossRoots_impl (http://localhost:3103/_next/static/chunks/node_modules_next_dist_compiled_react-dom_096_9a-._.js:10179:316)
    at processRootScheduleInMicrotask (http://localhost:3103/_next/static/chunks/node_modules_next_dist_compiled_react-dom_096_9a-._.js:10200:106)
    at http://localhost:3103/_next/static/chunks/node_modules_next_dist_compiled_react-dom_096_9a-._.js:10274:158 The above error occurred in the <StudioPage> component. It was handled by the <ErrorBoundaryHandler> error boundary. @ http://localhost:3103/_next/static/chunks/node_modules_next_dist_client_0r5nbpw._.js:1998
[     377ms] [ERROR] [app] route error boundary caught: TypeError: Cannot read properties of undefined (reading 'length')
    at http://localhost:3103/_next/static/chunks/_1e3mq3d._.js:732:45
    at Array.map (<anonymous>)
    at StudioPage (http://localhost:3103/_next/static/chunks/_1e3mq3d._.js:687:39)
    at Object.react_stack_bottom_frame (http://localhost:3103/_next/static/chunks/node_modules_next_dist_compiled_react-dom_096_9a-._.js:15037:24)
    at renderWithHooks (http://localhost:3103/_next/static/chunks/node_modules_next_dist_compiled_react-dom_096_9a-._.js:4620:24)
    at updateFunctionComponent (http://localhost:3103/_next/static/chunks/node_modules_next_dist_compiled_react-dom_096_9a-._.js:6081:21)
    at beginWork (http://localhost:3103/_next/static/chunks/node_modules_next_dist_compiled_react-dom_096_9a-._.js:6691:24)
    at runWithFiberInDEV (http://localhost:3103/_next/static/chunks/node_modules_next_dist_compiled_react-dom_096_9a-._.js:965:74)
    at performUnitOfWork (http://localhost:3103/_next/static/chunks/node_modules_next_dist_compiled_react-dom_096_9a-._.js:9555:97)
    at workLoopSync (http://localhost:3103/_next/static/chunks/node_modules_next_dist_compiled_react-dom_096_9a-._.js:9449:40)
    at renderRootSync (http://localhost:3103/_next/static/chunks/node_modules_next_dist_compiled_react-dom_096_9a-._.js:9433:13)
    at performWorkOnRoot (http://localhost:3103/_next/static/chunks/node_modules_next_dist_compiled_react-dom_096_9a-._.js:9098:47)
    at performSyncWorkOnRoot (http://localhost:3103/_next/static/chunks/node_modules_next_dist_compiled_react-dom_096_9a-._.js:10263:9)
    at flushSyncWorkAcrossRoots_impl (http://localhost:3103/_next/static/chunks/node_modules_next_dist_compiled_react-dom_096_9a-._.js:10179:316)
    at processRootScheduleInMicrotask (http://localhost:3103/_next/static/chunks/node_modules_next_dist_compiled_react-dom_096_9a-._.js:10200:106)
    at http://localhost:3103/_next/static/chunks/node_modules_next_dist_compiled_react-dom_096_9a-._.js:10274:158 @ http://localhost:3103/_next/static/chunks/node_modules_next_dist_1ybzpk2._.js:3318
[     377ms] [ERROR] [app] route error boundary caught: TypeError: Cannot read properties of undefined (reading 'length')
    at http://localhost:3103/_next/static/chunks/_1e3mq3d._.js:732:45
    at Array.map (<anonymous>)
    at StudioPage (http://localhost:3103/_next/static/chunks/_1e3mq3d._.js:687:39)
    at Object.react_stack_bottom_frame (http://localhost:3103/_next/static/chunks/node_modules_next_dist_compiled_react-dom_096_9a-._.js:15037:24)
    at renderWithHooks (http://localhost:3103/_next/static/chunks/node_modules_next_dist_compiled_react-dom_096_9a-._.js:4620:24)
    at updateFunctionComponent (http://localhost:3103/_next/static/chunks/node_modules_next_dist_compiled_react-dom_096_9a-._.js:6081:21)
    at beginWork (http://localhost:3103/_next/static/chunks/node_modules_next_dist_compiled_react-dom_096_9a-._.js:6691:24)
    at runWithFiberInDEV (http://localhost:3103/_next/static/chunks/node_modules_next_dist_compiled_react-dom_096_9a-._.js:965:74)
    at performUnitOfWork (http://localhost:3103/_next/static/chunks/node_modules_next_dist_compiled_react-dom_096_9a-._.js:9555:97)
    at workLoopSync (http://localhost:3103/_next/static/chunks/node_modules_next_dist_compiled_react-dom_096_9a-._.js:9449:40)
    at renderRootSync (http://localhost:3103/_next/static/chunks/node_modules_next_dist_compiled_react-dom_096_9a-._.js:9433:13)
    at performWorkOnRoot (http://localhost:3103/_next/static/chunks/node_modules_next_dist_compiled_react-dom_096_9a-._.js:9098:47)
    at performSyncWorkOnRoot (http://localhost:3103/_next/static/chunks/node_modules_next_dist_compiled_react-dom_096_9a-._.js:10263:9)
    at flushSyncWorkAcrossRoots_impl (http://localhost:3103/_next/static/chunks/node_modules_next_dist_compiled_react-dom_096_9a-._.js:10179:316)
    at processRootScheduleInMicrotask (http://localhost:3103/_next/static/chunks/node_modules_next_dist_compiled_react-dom_096_9a-._.js:10200:106)
    at http://localhost:3103/_next/static/chunks/node_modules_next_dist_compiled_react-dom_096_9a-._.js:10274:158 @ http://localhost:3103/_next/static/chunks/node_modules_next_dist_1ybzpk2._.js:3318
[   60551ms] [INFO] %cDownload the React DevTools for a better development experience: https://react.dev/link/react-devtools font-weight:bold @ http://localhost:3103/_next/static/chunks/node_modules_next_dist_1ybzpk2._.js:2477
[   60562ms] [LOG] [HMR] connected @ http://localhost:3103/_next/static/chunks/node_modules_next_dist_1ybzpk2._.js:2477
