[    4338ms] Error: Minified React error #418; visit https://reactjs.org/docs/error-decoder.html?invariant=418 for the full message or use the non-minified dev environment for full errors and additional helpful warnings.
    at lg (https://static.pexels.com/1/_next/static/chunks/framework-f601d7b14b2dcb46.js:1:53940)
    at i (https://static.pexels.com/1/_next/static/chunks/framework-f601d7b14b2dcb46.js:1:128615)
    at oD (https://static.pexels.com/1/_next/static/chunks/framework-f601d7b14b2dcb46.js:1:106599)
    at oO (https://static.pexels.com/1/_next/static/chunks/framework-f601d7b14b2dcb46.js:1:106469)
    at ox (https://static.pexels.com/1/_next/static/chunks/framework-f601d7b14b2dcb46.js:1:101542)
    at x (https://static.pexels.com/1/_next/static/chunks/framework-f601d7b14b2dcb46.js:1:137676)
    at MessagePort.T (https://static.pexels.com/1/_next/static/chunks/framework-f601d7b14b2dcb46.js:1:138197)
[    4339ms] Error: Minified React error #418; visit https://reactjs.org/docs/error-decoder.html?invariant=418 for the full message or use the non-minified dev environment for full errors and additional helpful warnings.
    at lg (https://static.pexels.com/1/_next/static/chunks/framework-f601d7b14b2dcb46.js:1:53940)
    at i (https://static.pexels.com/1/_next/static/chunks/framework-f601d7b14b2dcb46.js:1:128615)
    at oD (https://static.pexels.com/1/_next/static/chunks/framework-f601d7b14b2dcb46.js:1:106599)
    at oO (https://static.pexels.com/1/_next/static/chunks/framework-f601d7b14b2dcb46.js:1:106469)
    at ox (https://static.pexels.com/1/_next/static/chunks/framework-f601d7b14b2dcb46.js:1:101542)
    at x (https://static.pexels.com/1/_next/static/chunks/framework-f601d7b14b2dcb46.js:1:137676)
    at MessagePort.T (https://static.pexels.com/1/_next/static/chunks/framework-f601d7b14b2dcb46.js:1:138197)
[    4339ms] Error: Minified React error #418; visit https://reactjs.org/docs/error-decoder.html?invariant=418 for the full message or use the non-minified dev environment for full errors and additional helpful warnings.
    at lg (https://static.pexels.com/1/_next/static/chunks/framework-f601d7b14b2dcb46.js:1:53940)
    at i (https://static.pexels.com/1/_next/static/chunks/framework-f601d7b14b2dcb46.js:1:128615)
    at oD (https://static.pexels.com/1/_next/static/chunks/framework-f601d7b14b2dcb46.js:1:106599)
    at oO (https://static.pexels.com/1/_next/static/chunks/framework-f601d7b14b2dcb46.js:1:106469)
    at ox (https://static.pexels.com/1/_next/static/chunks/framework-f601d7b14b2dcb46.js:1:101542)
    at x (https://static.pexels.com/1/_next/static/chunks/framework-f601d7b14b2dcb46.js:1:137676)
    at MessagePort.T (https://static.pexels.com/1/_next/static/chunks/framework-f601d7b14b2dcb46.js:1:138197)
[    4339ms] Error: Minified React error #418; visit https://reactjs.org/docs/error-decoder.html?invariant=418 for the full message or use the non-minified dev environment for full errors and additional helpful warnings.
    at lg (https://static.pexels.com/1/_next/static/chunks/framework-f601d7b14b2dcb46.js:1:53940)
    at i (https://static.pexels.com/1/_next/static/chunks/framework-f601d7b14b2dcb46.js:1:128615)
    at oD (https://static.pexels.com/1/_next/static/chunks/framework-f601d7b14b2dcb46.js:1:106599)
    at oO (https://static.pexels.com/1/_next/static/chunks/framework-f601d7b14b2dcb46.js:1:106469)
    at ox (https://static.pexels.com/1/_next/static/chunks/framework-f601d7b14b2dcb46.js:1:101542)
    at x (https://static.pexels.com/1/_next/static/chunks/framework-f601d7b14b2dcb46.js:1:137676)
    at MessagePort.T (https://static.pexels.com/1/_next/static/chunks/framework-f601d7b14b2dcb46.js:1:138197)
[    4339ms] Error: Minified React error #418; visit https://reactjs.org/docs/error-decoder.html?invariant=418 for the full message or use the non-minified dev environment for full errors and additional helpful warnings.
    at lg (https://static.pexels.com/1/_next/static/chunks/framework-f601d7b14b2dcb46.js:1:53940)
    at i (https://static.pexels.com/1/_next/static/chunks/framework-f601d7b14b2dcb46.js:1:128615)
    at oD (https://static.pexels.com/1/_next/static/chunks/framework-f601d7b14b2dcb46.js:1:106599)
    at oO (https://static.pexels.com/1/_next/static/chunks/framework-f601d7b14b2dcb46.js:1:106469)
    at ox (https://static.pexels.com/1/_next/static/chunks/framework-f601d7b14b2dcb46.js:1:101542)
    at x (https://static.pexels.com/1/_next/static/chunks/framework-f601d7b14b2dcb46.js:1:137676)
    at MessagePort.T (https://static.pexels.com/1/_next/static/chunks/framework-f601d7b14b2dcb46.js:1:138197)
[    4339ms] Error: Minified React error #418; visit https://reactjs.org/docs/error-decoder.html?invariant=418 for the full message or use the non-minified dev environment for full errors and additional helpful warnings.
    at lg (https://static.pexels.com/1/_next/static/chunks/framework-f601d7b14b2dcb46.js:1:53940)
    at i (https://static.pexels.com/1/_next/static/chunks/framework-f601d7b14b2dcb46.js:1:128615)
    at oD (https://static.pexels.com/1/_next/static/chunks/framework-f601d7b14b2dcb46.js:1:106599)
    at oO (https://static.pexels.com/1/_next/static/chunks/framework-f601d7b14b2dcb46.js:1:106469)
    at ox (https://static.pexels.com/1/_next/static/chunks/framework-f601d7b14b2dcb46.js:1:101542)
    at x (https://static.pexels.com/1/_next/static/chunks/framework-f601d7b14b2dcb46.js:1:137676)
    at MessagePort.T (https://static.pexels.com/1/_next/static/chunks/framework-f601d7b14b2dcb46.js:1:138197)
[    4339ms] Error: Minified React error #418; visit https://reactjs.org/docs/error-decoder.html?invariant=418 for the full message or use the non-minified dev environment for full errors and additional helpful warnings.
    at lg (https://static.pexels.com/1/_next/static/chunks/framework-f601d7b14b2dcb46.js:1:53940)
    at i (https://static.pexels.com/1/_next/static/chunks/framework-f601d7b14b2dcb46.js:1:128615)
    at oD (https://static.pexels.com/1/_next/static/chunks/framework-f601d7b14b2dcb46.js:1:106599)
    at oO (https://static.pexels.com/1/_next/static/chunks/framework-f601d7b14b2dcb46.js:1:106469)
    at ox (https://static.pexels.com/1/_next/static/chunks/framework-f601d7b14b2dcb46.js:1:101542)
    at x (https://static.pexels.com/1/_next/static/chunks/framework-f601d7b14b2dcb46.js:1:137676)
    at MessagePort.T (https://static.pexels.com/1/_next/static/chunks/framework-f601d7b14b2dcb46.js:1:138197)
[    4339ms] Error: Minified React error #418; visit https://reactjs.org/docs/error-decoder.html?invariant=418 for the full message or use the non-minified dev environment for full errors and additional helpful warnings.
    at lg (https://static.pexels.com/1/_next/static/chunks/framework-f601d7b14b2dcb46.js:1:53940)
    at i (https://static.pexels.com/1/_next/static/chunks/framework-f601d7b14b2dcb46.js:1:128615)
    at oD (https://static.pexels.com/1/_next/static/chunks/framework-f601d7b14b2dcb46.js:1:106599)
    at oO (https://static.pexels.com/1/_next/static/chunks/framework-f601d7b14b2dcb46.js:1:106469)
    at ox (https://static.pexels.com/1/_next/static/chunks/framework-f601d7b14b2dcb46.js:1:101542)
    at x (https://static.pexels.com/1/_next/static/chunks/framework-f601d7b14b2dcb46.js:1:137676)
    at MessagePort.T (https://static.pexels.com/1/_next/static/chunks/framework-f601d7b14b2dcb46.js:1:138197)
[    4339ms] Error: Minified React error #418; visit https://reactjs.org/docs/error-decoder.html?invariant=418 for the full message or use the non-minified dev environment for full errors and additional helpful warnings.
    at lg (https://static.pexels.com/1/_next/static/chunks/framework-f601d7b14b2dcb46.js:1:53940)
    at i (https://static.pexels.com/1/_next/static/chunks/framework-f601d7b14b2dcb46.js:1:128615)
    at oD (https://static.pexels.com/1/_next/static/chunks/framework-f601d7b14b2dcb46.js:1:106599)
    at oO (https://static.pexels.com/1/_next/static/chunks/framework-f601d7b14b2dcb46.js:1:106469)
    at ox (https://static.pexels.com/1/_next/static/chunks/framework-f601d7b14b2dcb46.js:1:101542)
    at x (https://static.pexels.com/1/_next/static/chunks/framework-f601d7b14b2dcb46.js:1:137676)
    at MessagePort.T (https://static.pexels.com/1/_next/static/chunks/framework-f601d7b14b2dcb46.js:1:138197)
[    4339ms] Error: Minified React error #418; visit https://reactjs.org/docs/error-decoder.html?invariant=418 for the full message or use the non-minified dev environment for full errors and additional helpful warnings.
    at lg (https://static.pexels.com/1/_next/static/chunks/framework-f601d7b14b2dcb46.js:1:53940)
    at i (https://static.pexels.com/1/_next/static/chunks/framework-f601d7b14b2dcb46.js:1:128615)
    at oD (https://static.pexels.com/1/_next/static/chunks/framework-f601d7b14b2dcb46.js:1:106599)
    at oO (https://static.pexels.com/1/_next/static/chunks/framework-f601d7b14b2dcb46.js:1:106469)
    at ox (https://static.pexels.com/1/_next/static/chunks/framework-f601d7b14b2dcb46.js:1:101542)
    at x (https://static.pexels.com/1/_next/static/chunks/framework-f601d7b14b2dcb46.js:1:137676)
    at MessagePort.T (https://static.pexels.com/1/_next/static/chunks/framework-f601d7b14b2dcb46.js:1:138197)
[    4339ms] Error: Minified React error #418; visit https://reactjs.org/docs/error-decoder.html?invariant=418 for the full message or use the non-minified dev environment for full errors and additional helpful warnings.
    at lg (https://static.pexels.com/1/_next/static/chunks/framework-f601d7b14b2dcb46.js:1:53940)
    at i (https://static.pexels.com/1/_next/static/chunks/framework-f601d7b14b2dcb46.js:1:128615)
    at oD (https://static.pexels.com/1/_next/static/chunks/framework-f601d7b14b2dcb46.js:1:106599)
    at oO (https://static.pexels.com/1/_next/static/chunks/framework-f601d7b14b2dcb46.js:1:106469)
    at ox (https://static.pexels.com/1/_next/static/chunks/framework-f601d7b14b2dcb46.js:1:101542)
    at x (https://static.pexels.com/1/_next/static/chunks/framework-f601d7b14b2dcb46.js:1:137676)
    at MessagePort.T (https://static.pexels.com/1/_next/static/chunks/framework-f601d7b14b2dcb46.js:1:138197)
[    4339ms] Error: Minified React error #418; visit https://reactjs.org/docs/error-decoder.html?invariant=418 for the full message or use the non-minified dev environment for full errors and additional helpful warnings.
    at lg (https://static.pexels.com/1/_next/static/chunks/framework-f601d7b14b2dcb46.js:1:53940)
    at i (https://static.pexels.com/1/_next/static/chunks/framework-f601d7b14b2dcb46.js:1:128615)
    at oD (https://static.pexels.com/1/_next/static/chunks/framework-f601d7b14b2dcb46.js:1:106599)
    at oO (https://static.pexels.com/1/_next/static/chunks/framework-f601d7b14b2dcb46.js:1:106469)
    at ox (https://static.pexels.com/1/_next/static/chunks/framework-f601d7b14b2dcb46.js:1:101542)
    at x (https://static.pexels.com/1/_next/static/chunks/framework-f601d7b14b2dcb46.js:1:137676)
    at MessagePort.T (https://static.pexels.com/1/_next/static/chunks/framework-f601d7b14b2dcb46.js:1:138197)
[    4339ms] Error: Minified React error #418; visit https://reactjs.org/docs/error-decoder.html?invariant=418 for the full message or use the non-minified dev environment for full errors and additional helpful warnings.
    at lg (https://static.pexels.com/1/_next/static/chunks/framework-f601d7b14b2dcb46.js:1:53940)
    at i (https://static.pexels.com/1/_next/static/chunks/framework-f601d7b14b2dcb46.js:1:128615)
    at oD (https://static.pexels.com/1/_next/static/chunks/framework-f601d7b14b2dcb46.js:1:106599)
    at oO (https://static.pexels.com/1/_next/static/chunks/framework-f601d7b14b2dcb46.js:1:106469)
    at ox (https://static.pexels.com/1/_next/static/chunks/framework-f601d7b14b2dcb46.js:1:101542)
    at x (https://static.pexels.com/1/_next/static/chunks/framework-f601d7b14b2dcb46.js:1:137676)
    at MessagePort.T (https://static.pexels.com/1/_next/static/chunks/framework-f601d7b14b2dcb46.js:1:138197)
[    4339ms] Error: Minified React error #418; visit https://reactjs.org/docs/error-decoder.html?invariant=418 for the full message or use the non-minified dev environment for full errors and additional helpful warnings.
    at lg (https://static.pexels.com/1/_next/static/chunks/framework-f601d7b14b2dcb46.js:1:53940)
    at i (https://static.pexels.com/1/_next/static/chunks/framework-f601d7b14b2dcb46.js:1:128615)
    at oD (https://static.pexels.com/1/_next/static/chunks/framework-f601d7b14b2dcb46.js:1:106599)
    at oO (https://static.pexels.com/1/_next/static/chunks/framework-f601d7b14b2dcb46.js:1:106469)
    at ox (https://static.pexels.com/1/_next/static/chunks/framework-f601d7b14b2dcb46.js:1:101542)
    at x (https://static.pexels.com/1/_next/static/chunks/framework-f601d7b14b2dcb46.js:1:137676)
    at MessagePort.T (https://static.pexels.com/1/_next/static/chunks/framework-f601d7b14b2dcb46.js:1:138197)
[    4339ms] Error: Minified React error #418; visit https://reactjs.org/docs/error-decoder.html?invariant=418 for the full message or use the non-minified dev environment for full errors and additional helpful warnings.
    at lg (https://static.pexels.com/1/_next/static/chunks/framework-f601d7b14b2dcb46.js:1:53940)
    at i (https://static.pexels.com/1/_next/static/chunks/framework-f601d7b14b2dcb46.js:1:128615)
    at oD (https://static.pexels.com/1/_next/static/chunks/framework-f601d7b14b2dcb46.js:1:106599)
    at oO (https://static.pexels.com/1/_next/static/chunks/framework-f601d7b14b2dcb46.js:1:106469)
    at ox (https://static.pexels.com/1/_next/static/chunks/framework-f601d7b14b2dcb46.js:1:101542)
    at x (https://static.pexels.com/1/_next/static/chunks/framework-f601d7b14b2dcb46.js:1:137676)
    at MessagePort.T (https://static.pexels.com/1/_next/static/chunks/framework-f601d7b14b2dcb46.js:1:138197)
[    4339ms] Error: Minified React error #418; visit https://reactjs.org/docs/error-decoder.html?invariant=418 for the full message or use the non-minified dev environment for full errors and additional helpful warnings.
    at lg (https://static.pexels.com/1/_next/static/chunks/framework-f601d7b14b2dcb46.js:1:53940)
    at i (https://static.pexels.com/1/_next/static/chunks/framework-f601d7b14b2dcb46.js:1:128615)
    at oD (https://static.pexels.com/1/_next/static/chunks/framework-f601d7b14b2dcb46.js:1:106599)
    at oO (https://static.pexels.com/1/_next/static/chunks/framework-f601d7b14b2dcb46.js:1:106469)
    at ox (https://static.pexels.com/1/_next/static/chunks/framework-f601d7b14b2dcb46.js:1:101542)
    at x (https://static.pexels.com/1/_next/static/chunks/framework-f601d7b14b2dcb46.js:1:137676)
    at MessagePort.T (https://static.pexels.com/1/_next/static/chunks/framework-f601d7b14b2dcb46.js:1:138197)
[    4340ms] Error: Minified React error #418; visit https://reactjs.org/docs/error-decoder.html?invariant=418 for the full message or use the non-minified dev environment for full errors and additional helpful warnings.
    at lg (https://static.pexels.com/1/_next/static/chunks/framework-f601d7b14b2dcb46.js:1:53940)
    at i (https://static.pexels.com/1/_next/static/chunks/framework-f601d7b14b2dcb46.js:1:128615)
    at oD (https://static.pexels.com/1/_next/static/chunks/framework-f601d7b14b2dcb46.js:1:106599)
    at oO (https://static.pexels.com/1/_next/static/chunks/framework-f601d7b14b2dcb46.js:1:106469)
    at ox (https://static.pexels.com/1/_next/static/chunks/framework-f601d7b14b2dcb46.js:1:101542)
    at x (https://static.pexels.com/1/_next/static/chunks/framework-f601d7b14b2dcb46.js:1:137676)
    at MessagePort.T (https://static.pexels.com/1/_next/static/chunks/framework-f601d7b14b2dcb46.js:1:138197)
[    4340ms] Error: Minified React error #418; visit https://reactjs.org/docs/error-decoder.html?invariant=418 for the full message or use the non-minified dev environment for full errors and additional helpful warnings.
    at lg (https://static.pexels.com/1/_next/static/chunks/framework-f601d7b14b2dcb46.js:1:53940)
    at i (https://static.pexels.com/1/_next/static/chunks/framework-f601d7b14b2dcb46.js:1:128615)
    at oD (https://static.pexels.com/1/_next/static/chunks/framework-f601d7b14b2dcb46.js:1:106599)
    at oO (https://static.pexels.com/1/_next/static/chunks/framework-f601d7b14b2dcb46.js:1:106469)
    at ox (https://static.pexels.com/1/_next/static/chunks/framework-f601d7b14b2dcb46.js:1:101542)
    at x (https://static.pexels.com/1/_next/static/chunks/framework-f601d7b14b2dcb46.js:1:137676)
    at MessagePort.T (https://static.pexels.com/1/_next/static/chunks/framework-f601d7b14b2dcb46.js:1:138197)
[    4340ms] Error: Minified React error #418; visit https://reactjs.org/docs/error-decoder.html?invariant=418 for the full message or use the non-minified dev environment for full errors and additional helpful warnings.
    at lg (https://static.pexels.com/1/_next/static/chunks/framework-f601d7b14b2dcb46.js:1:53940)
    at i (https://static.pexels.com/1/_next/static/chunks/framework-f601d7b14b2dcb46.js:1:128615)
    at oD (https://static.pexels.com/1/_next/static/chunks/framework-f601d7b14b2dcb46.js:1:106599)
    at oO (https://static.pexels.com/1/_next/static/chunks/framework-f601d7b14b2dcb46.js:1:106469)
    at ox (https://static.pexels.com/1/_next/static/chunks/framework-f601d7b14b2dcb46.js:1:101542)
    at x (https://static.pexels.com/1/_next/static/chunks/framework-f601d7b14b2dcb46.js:1:137676)
    at MessagePort.T (https://static.pexels.com/1/_next/static/chunks/framework-f601d7b14b2dcb46.js:1:138197)
[    4340ms] Error: Minified React error #418; visit https://reactjs.org/docs/error-decoder.html?invariant=418 for the full message or use the non-minified dev environment for full errors and additional helpful warnings.
    at lg (https://static.pexels.com/1/_next/static/chunks/framework-f601d7b14b2dcb46.js:1:53940)
    at i (https://static.pexels.com/1/_next/static/chunks/framework-f601d7b14b2dcb46.js:1:128615)
    at oD (https://static.pexels.com/1/_next/static/chunks/framework-f601d7b14b2dcb46.js:1:106599)
    at oO (https://static.pexels.com/1/_next/static/chunks/framework-f601d7b14b2dcb46.js:1:106469)
    at ox (https://static.pexels.com/1/_next/static/chunks/framework-f601d7b14b2dcb46.js:1:101542)
    at x (https://static.pexels.com/1/_next/static/chunks/framework-f601d7b14b2dcb46.js:1:137676)
    at MessagePort.T (https://static.pexels.com/1/_next/static/chunks/framework-f601d7b14b2dcb46.js:1:138197)
[    4340ms] Error: Minified React error #418; visit https://reactjs.org/docs/error-decoder.html?invariant=418 for the full message or use the non-minified dev environment for full errors and additional helpful warnings.
    at lg (https://static.pexels.com/1/_next/static/chunks/framework-f601d7b14b2dcb46.js:1:53940)
    at i (https://static.pexels.com/1/_next/static/chunks/framework-f601d7b14b2dcb46.js:1:128615)
    at oD (https://static.pexels.com/1/_next/static/chunks/framework-f601d7b14b2dcb46.js:1:106599)
    at oO (https://static.pexels.com/1/_next/static/chunks/framework-f601d7b14b2dcb46.js:1:106469)
    at ox (https://static.pexels.com/1/_next/static/chunks/framework-f601d7b14b2dcb46.js:1:101542)
    at x (https://static.pexels.com/1/_next/static/chunks/framework-f601d7b14b2dcb46.js:1:137676)
    at MessagePort.T (https://static.pexels.com/1/_next/static/chunks/framework-f601d7b14b2dcb46.js:1:138197)
[    4340ms] Error: Minified React error #418; visit https://reactjs.org/docs/error-decoder.html?invariant=418 for the full message or use the non-minified dev environment for full errors and additional helpful warnings.
    at lg (https://static.pexels.com/1/_next/static/chunks/framework-f601d7b14b2dcb46.js:1:53940)
    at i (https://static.pexels.com/1/_next/static/chunks/framework-f601d7b14b2dcb46.js:1:128615)
    at oD (https://static.pexels.com/1/_next/static/chunks/framework-f601d7b14b2dcb46.js:1:106599)
    at oO (https://static.pexels.com/1/_next/static/chunks/framework-f601d7b14b2dcb46.js:1:106469)
    at ox (https://static.pexels.com/1/_next/static/chunks/framework-f601d7b14b2dcb46.js:1:101542)
    at x (https://static.pexels.com/1/_next/static/chunks/framework-f601d7b14b2dcb46.js:1:137676)
    at MessagePort.T (https://static.pexels.com/1/_next/static/chunks/framework-f601d7b14b2dcb46.js:1:138197)
[    4340ms] Error: Minified React error #418; visit https://reactjs.org/docs/error-decoder.html?invariant=418 for the full message or use the non-minified dev environment for full errors and additional helpful warnings.
    at lg (https://static.pexels.com/1/_next/static/chunks/framework-f601d7b14b2dcb46.js:1:53940)
    at i (https://static.pexels.com/1/_next/static/chunks/framework-f601d7b14b2dcb46.js:1:128615)
    at oD (https://static.pexels.com/1/_next/static/chunks/framework-f601d7b14b2dcb46.js:1:106599)
    at oO (https://static.pexels.com/1/_next/static/chunks/framework-f601d7b14b2dcb46.js:1:106469)
    at ox (https://static.pexels.com/1/_next/static/chunks/framework-f601d7b14b2dcb46.js:1:101542)
    at x (https://static.pexels.com/1/_next/static/chunks/framework-f601d7b14b2dcb46.js:1:137676)
    at MessagePort.T (https://static.pexels.com/1/_next/static/chunks/framework-f601d7b14b2dcb46.js:1:138197)
[    4341ms] Error: Minified React error #418; visit https://reactjs.org/docs/error-decoder.html?invariant=418 for the full message or use the non-minified dev environment for full errors and additional helpful warnings.
    at lg (https://static.pexels.com/1/_next/static/chunks/framework-f601d7b14b2dcb46.js:1:53940)
    at i (https://static.pexels.com/1/_next/static/chunks/framework-f601d7b14b2dcb46.js:1:128615)
    at oD (https://static.pexels.com/1/_next/static/chunks/framework-f601d7b14b2dcb46.js:1:106599)
    at oO (https://static.pexels.com/1/_next/static/chunks/framework-f601d7b14b2dcb46.js:1:106469)
    at ox (https://static.pexels.com/1/_next/static/chunks/framework-f601d7b14b2dcb46.js:1:101542)
    at x (https://static.pexels.com/1/_next/static/chunks/framework-f601d7b14b2dcb46.js:1:137676)
    at MessagePort.T (https://static.pexels.com/1/_next/static/chunks/framework-f601d7b14b2dcb46.js:1:138197)
[    4341ms] Error: Minified React error #418; visit https://reactjs.org/docs/error-decoder.html?invariant=418 for the full message or use the non-minified dev environment for full errors and additional helpful warnings.
    at lg (https://static.pexels.com/1/_next/static/chunks/framework-f601d7b14b2dcb46.js:1:53940)
    at i (https://static.pexels.com/1/_next/static/chunks/framework-f601d7b14b2dcb46.js:1:128615)
    at oD (https://static.pexels.com/1/_next/static/chunks/framework-f601d7b14b2dcb46.js:1:106599)
    at oO (https://static.pexels.com/1/_next/static/chunks/framework-f601d7b14b2dcb46.js:1:106469)
    at ox (https://static.pexels.com/1/_next/static/chunks/framework-f601d7b14b2dcb46.js:1:101542)
    at x (https://static.pexels.com/1/_next/static/chunks/framework-f601d7b14b2dcb46.js:1:137676)
    at MessagePort.T (https://static.pexels.com/1/_next/static/chunks/framework-f601d7b14b2dcb46.js:1:138197)
[    4341ms] Error: Minified React error #418; visit https://reactjs.org/docs/error-decoder.html?invariant=418 for the full message or use the non-minified dev environment for full errors and additional helpful warnings.
    at lg (https://static.pexels.com/1/_next/static/chunks/framework-f601d7b14b2dcb46.js:1:53940)
    at i (https://static.pexels.com/1/_next/static/chunks/framework-f601d7b14b2dcb46.js:1:128615)
    at oD (https://static.pexels.com/1/_next/static/chunks/framework-f601d7b14b2dcb46.js:1:106599)
    at oO (https://static.pexels.com/1/_next/static/chunks/framework-f601d7b14b2dcb46.js:1:106469)
    at ox (https://static.pexels.com/1/_next/static/chunks/framework-f601d7b14b2dcb46.js:1:101542)
    at x (https://static.pexels.com/1/_next/static/chunks/framework-f601d7b14b2dcb46.js:1:137676)
    at MessagePort.T (https://static.pexels.com/1/_next/static/chunks/framework-f601d7b14b2dcb46.js:1:138197)
[    4341ms] Error: Minified React error #418; visit https://reactjs.org/docs/error-decoder.html?invariant=418 for the full message or use the non-minified dev environment for full errors and additional helpful warnings.
    at lg (https://static.pexels.com/1/_next/static/chunks/framework-f601d7b14b2dcb46.js:1:53940)
    at i (https://static.pexels.com/1/_next/static/chunks/framework-f601d7b14b2dcb46.js:1:128615)
    at oD (https://static.pexels.com/1/_next/static/chunks/framework-f601d7b14b2dcb46.js:1:106599)
    at oO (https://static.pexels.com/1/_next/static/chunks/framework-f601d7b14b2dcb46.js:1:106469)
    at ox (https://static.pexels.com/1/_next/static/chunks/framework-f601d7b14b2dcb46.js:1:101542)
    at x (https://static.pexels.com/1/_next/static/chunks/framework-f601d7b14b2dcb46.js:1:137676)
    at MessagePort.T (https://static.pexels.com/1/_next/static/chunks/framework-f601d7b14b2dcb46.js:1:138197)
[    4341ms] Error: Minified React error #418; visit https://reactjs.org/docs/error-decoder.html?invariant=418 for the full message or use the non-minified dev environment for full errors and additional helpful warnings.
    at lg (https://static.pexels.com/1/_next/static/chunks/framework-f601d7b14b2dcb46.js:1:53940)
    at i (https://static.pexels.com/1/_next/static/chunks/framework-f601d7b14b2dcb46.js:1:128615)
    at oD (https://static.pexels.com/1/_next/static/chunks/framework-f601d7b14b2dcb46.js:1:106599)
    at oO (https://static.pexels.com/1/_next/static/chunks/framework-f601d7b14b2dcb46.js:1:106469)
    at ox (https://static.pexels.com/1/_next/static/chunks/framework-f601d7b14b2dcb46.js:1:101542)
    at x (https://static.pexels.com/1/_next/static/chunks/framework-f601d7b14b2dcb46.js:1:137676)
    at MessagePort.T (https://static.pexels.com/1/_next/static/chunks/framework-f601d7b14b2dcb46.js:1:138197)
[    4341ms] Error: Minified React error #418; visit https://reactjs.org/docs/error-decoder.html?invariant=418 for the full message or use the non-minified dev environment for full errors and additional helpful warnings.
    at lg (https://static.pexels.com/1/_next/static/chunks/framework-f601d7b14b2dcb46.js:1:53940)
    at i (https://static.pexels.com/1/_next/static/chunks/framework-f601d7b14b2dcb46.js:1:128615)
    at oD (https://static.pexels.com/1/_next/static/chunks/framework-f601d7b14b2dcb46.js:1:106599)
    at oO (https://static.pexels.com/1/_next/static/chunks/framework-f601d7b14b2dcb46.js:1:106469)
    at ox (https://static.pexels.com/1/_next/static/chunks/framework-f601d7b14b2dcb46.js:1:101542)
    at x (https://static.pexels.com/1/_next/static/chunks/framework-f601d7b14b2dcb46.js:1:137676)
    at MessagePort.T (https://static.pexels.com/1/_next/static/chunks/framework-f601d7b14b2dcb46.js:1:138197)
[    4341ms] Error: Minified React error #418; visit https://reactjs.org/docs/error-decoder.html?invariant=418 for the full message or use the non-minified dev environment for full errors and additional helpful warnings.
    at lg (https://static.pexels.com/1/_next/static/chunks/framework-f601d7b14b2dcb46.js:1:53940)
    at i (https://static.pexels.com/1/_next/static/chunks/framework-f601d7b14b2dcb46.js:1:128615)
    at oD (https://static.pexels.com/1/_next/static/chunks/framework-f601d7b14b2dcb46.js:1:106599)
    at oO (https://static.pexels.com/1/_next/static/chunks/framework-f601d7b14b2dcb46.js:1:106469)
    at ox (https://static.pexels.com/1/_next/static/chunks/framework-f601d7b14b2dcb46.js:1:101542)
    at x (https://static.pexels.com/1/_next/static/chunks/framework-f601d7b14b2dcb46.js:1:137676)
    at MessagePort.T (https://static.pexels.com/1/_next/static/chunks/framework-f601d7b14b2dcb46.js:1:138197)
[    4341ms] Error: Minified React error #418; visit https://reactjs.org/docs/error-decoder.html?invariant=418 for the full message or use the non-minified dev environment for full errors and additional helpful warnings.
    at lg (https://static.pexels.com/1/_next/static/chunks/framework-f601d7b14b2dcb46.js:1:53940)
    at i (https://static.pexels.com/1/_next/static/chunks/framework-f601d7b14b2dcb46.js:1:128615)
    at oD (https://static.pexels.com/1/_next/static/chunks/framework-f601d7b14b2dcb46.js:1:106599)
    at oO (https://static.pexels.com/1/_next/static/chunks/framework-f601d7b14b2dcb46.js:1:106469)
    at ox (https://static.pexels.com/1/_next/static/chunks/framework-f601d7b14b2dcb46.js:1:101542)
    at x (https://static.pexels.com/1/_next/static/chunks/framework-f601d7b14b2dcb46.js:1:137676)
    at MessagePort.T (https://static.pexels.com/1/_next/static/chunks/framework-f601d7b14b2dcb46.js:1:138197)
[    4341ms] Error: Minified React error #418; visit https://reactjs.org/docs/error-decoder.html?invariant=418 for the full message or use the non-minified dev environment for full errors and additional helpful warnings.
    at lg (https://static.pexels.com/1/_next/static/chunks/framework-f601d7b14b2dcb46.js:1:53940)
    at i (https://static.pexels.com/1/_next/static/chunks/framework-f601d7b14b2dcb46.js:1:128615)
    at oD (https://static.pexels.com/1/_next/static/chunks/framework-f601d7b14b2dcb46.js:1:106599)
    at oO (https://static.pexels.com/1/_next/static/chunks/framework-f601d7b14b2dcb46.js:1:106469)
    at ox (https://static.pexels.com/1/_next/static/chunks/framework-f601d7b14b2dcb46.js:1:101542)
    at x (https://static.pexels.com/1/_next/static/chunks/framework-f601d7b14b2dcb46.js:1:137676)
    at MessagePort.T (https://static.pexels.com/1/_next/static/chunks/framework-f601d7b14b2dcb46.js:1:138197)
[    4341ms] Error: Minified React error #418; visit https://reactjs.org/docs/error-decoder.html?invariant=418 for the full message or use the non-minified dev environment for full errors and additional helpful warnings.
    at lg (https://static.pexels.com/1/_next/static/chunks/framework-f601d7b14b2dcb46.js:1:53940)
    at i (https://static.pexels.com/1/_next/static/chunks/framework-f601d7b14b2dcb46.js:1:128615)
    at oD (https://static.pexels.com/1/_next/static/chunks/framework-f601d7b14b2dcb46.js:1:106599)
    at oO (https://static.pexels.com/1/_next/static/chunks/framework-f601d7b14b2dcb46.js:1:106469)
    at ox (https://static.pexels.com/1/_next/static/chunks/framework-f601d7b14b2dcb46.js:1:101542)
    at x (https://static.pexels.com/1/_next/static/chunks/framework-f601d7b14b2dcb46.js:1:137676)
    at MessagePort.T (https://static.pexels.com/1/_next/static/chunks/framework-f601d7b14b2dcb46.js:1:138197)
[    4341ms] Error: Minified React error #418; visit https://reactjs.org/docs/error-decoder.html?invariant=418 for the full message or use the non-minified dev environment for full errors and additional helpful warnings.
    at lg (https://static.pexels.com/1/_next/static/chunks/framework-f601d7b14b2dcb46.js:1:53940)
    at i (https://static.pexels.com/1/_next/static/chunks/framework-f601d7b14b2dcb46.js:1:128615)
    at oD (https://static.pexels.com/1/_next/static/chunks/framework-f601d7b14b2dcb46.js:1:106599)
    at oO (https://static.pexels.com/1/_next/static/chunks/framework-f601d7b14b2dcb46.js:1:106469)
    at ox (https://static.pexels.com/1/_next/static/chunks/framework-f601d7b14b2dcb46.js:1:101542)
    at x (https://static.pexels.com/1/_next/static/chunks/framework-f601d7b14b2dcb46.js:1:137676)
    at MessagePort.T (https://static.pexels.com/1/_next/static/chunks/framework-f601d7b14b2dcb46.js:1:138197)
[    4341ms] Error: Minified React error #418; visit https://reactjs.org/docs/error-decoder.html?invariant=418 for the full message or use the non-minified dev environment for full errors and additional helpful warnings.
    at lg (https://static.pexels.com/1/_next/static/chunks/framework-f601d7b14b2dcb46.js:1:53940)
    at i (https://static.pexels.com/1/_next/static/chunks/framework-f601d7b14b2dcb46.js:1:128615)
    at oD (https://static.pexels.com/1/_next/static/chunks/framework-f601d7b14b2dcb46.js:1:106599)
    at oO (https://static.pexels.com/1/_next/static/chunks/framework-f601d7b14b2dcb46.js:1:106469)
    at ox (https://static.pexels.com/1/_next/static/chunks/framework-f601d7b14b2dcb46.js:1:101542)
    at x (https://static.pexels.com/1/_next/static/chunks/framework-f601d7b14b2dcb46.js:1:137676)
    at MessagePort.T (https://static.pexels.com/1/_next/static/chunks/framework-f601d7b14b2dcb46.js:1:138197)
[    4341ms] Error: Minified React error #418; visit https://reactjs.org/docs/error-decoder.html?invariant=418 for the full message or use the non-minified dev environment for full errors and additional helpful warnings.
    at lg (https://static.pexels.com/1/_next/static/chunks/framework-f601d7b14b2dcb46.js:1:53940)
    at i (https://static.pexels.com/1/_next/static/chunks/framework-f601d7b14b2dcb46.js:1:128615)
    at oD (https://static.pexels.com/1/_next/static/chunks/framework-f601d7b14b2dcb46.js:1:106599)
    at oO (https://static.pexels.com/1/_next/static/chunks/framework-f601d7b14b2dcb46.js:1:106469)
    at ox (https://static.pexels.com/1/_next/static/chunks/framework-f601d7b14b2dcb46.js:1:101542)
    at x (https://static.pexels.com/1/_next/static/chunks/framework-f601d7b14b2dcb46.js:1:137676)
    at MessagePort.T (https://static.pexels.com/1/_next/static/chunks/framework-f601d7b14b2dcb46.js:1:138197)
[    4341ms] Error: Minified React error #423; visit https://reactjs.org/docs/error-decoder.html?invariant=423 for the full message or use the non-minified dev environment for full errors and additional helpful warnings.
    at i (https://static.pexels.com/1/_next/static/chunks/framework-f601d7b14b2dcb46.js:1:128274)
    at oD (https://static.pexels.com/1/_next/static/chunks/framework-f601d7b14b2dcb46.js:1:106599)
    at oO (https://static.pexels.com/1/_next/static/chunks/framework-f601d7b14b2dcb46.js:1:106469)
    at oE (https://static.pexels.com/1/_next/static/chunks/framework-f601d7b14b2dcb46.js:1:103240)
    at ox (https://static.pexels.com/1/_next/static/chunks/framework-f601d7b14b2dcb46.js:1:101795)
    at x (https://static.pexels.com/1/_next/static/chunks/framework-f601d7b14b2dcb46.js:1:137676)
    at MessagePort.T (https://static.pexels.com/1/_next/static/chunks/framework-f601d7b14b2dcb46.js:1:138197)
[    4567ms] [ERROR] Failed to load resource: the server responded with a status of 401 () @ https://www.pexels.com/en-us/api/v2/me:0
[   40698ms] [WARNING] [GSI_LOGGER]: Your client application uses one of the Google One Tap prompt UI status methods that may stop functioning when FedCM becomes mandatory. Refer to the migration guide to update your code accordingly and opt-in to FedCM to test your changes. Learn more: https://developers.google.com/identity/gsi/web/guides/fedcm-migration?s=dc#display_moment and https://developers.google.com/identity/gsi/web/guides/fedcm-migration?s=dc#skipped_moment @ https://static.pexels.com/1/vendor/sentry-8.34.0/bundle.tracing.min.js:1
[   40702ms] [ERROR] Not signed in with the identity provider. @ https://www.pexels.com/search/videos/?q=autumn%20leaves%20falling%20down%20slow%20motion:0
[   44142ms] [LOG] one tap prompt iu @ https://static.pexels.com/1/vendor/sentry-8.34.0/bundle.tracing.min.js:1
[   44145ms] [ERROR] [GSI_LOGGER]: FedCM get() rejects with AbortError: signal is aborted without reason @ https://static.pexels.com/1/_next/static/chunks/pages/_app-4b19e496425880c9.js:19
[   45995ms] [WARNING] [Meta Pixel] - Invalid parameter format for currency. Please refer https://developers.facebook.com/docs/meta-pixel/reference/ for valid parameter specifications. @ https://static.pexels.com/1/vendor/sentry-8.34.0/bundle.tracing.min.js:1
