[    1329ms] [INFO] %cDownload the React DevTools for a better development experience: https://react.dev/link/react-devtools font-weight:bold @ http://localhost:3106/_next/static/chunks/node_modules_next_dist_1ybzpk2._.js:2477
[    1386ms] [LOG] [HMR] connected @ http://localhost:3106/_next/static/chunks/node_modules_next_dist_1ybzpk2._.js:2477
[   84617ms] [INFO] %cDownload the React DevTools for a better development experience: https://react.dev/link/react-devtools font-weight:bold @ http://localhost:3106/_next/static/chunks/node_modules_next_dist_1ybzpk2._.js:2477
[   84627ms] [LOG] [HMR] connected @ http://localhost:3106/_next/static/chunks/node_modules_next_dist_1ybzpk2._.js:2477
[  115046ms] [ERROR] Failed to load resource: net::ERR_CONNECTION_REFUSED @ http://localhost:8000/api/v1/users/list?role=LEARNER&sort=name&order=asc&page=1&page_size=20:0
[  115216ms] [INFO] %cDownload the React DevTools for a better development experience: https://react.dev/link/react-devtools font-weight:bold @ http://localhost:3106/_next/static/chunks/node_modules_next_dist_1ybzpk2._.js:2477
[  115226ms] [LOG] [HMR] connected @ http://localhost:3106/_next/static/chunks/node_modules_next_dist_1ybzpk2._.js:2477
[  239198ms] [INFO] %cDownload the React DevTools for a better development experience: https://react.dev/link/react-devtools font-weight:bold @ http://localhost:3106/_next/static/chunks/node_modules_next_dist_1ybzpk2._.js:2477
[  239208ms] [LOG] [HMR] connected @ http://localhost:3106/_next/static/chunks/node_modules_next_dist_1ybzpk2._.js:2477
[  260602ms] [ERROR] Failed to load resource: the server responded with a status of 500 (Internal Server Error) @ http://localhost:8000/api/v1/users/list?role=LEARNER&search=%D1%82%D1%80%D0%B8%D0%B3%D0%B3%D0%B5%D1%80&sort=email&order=desc&page=1&page_size=20:0
[  330069ms] [ERROR] Failed to load resource: the server responded with a status of 500 (Internal Server Error) @ http://localhost:8000/api/v1/users/list?role=LEARNER&search=x&sort=email&order=desc&page=1&page_size=20:0
[  331072ms] [ERROR] Failed to load resource: the server responded with a status of 500 (Internal Server Error) @ http://localhost:8000/api/v1/users/list?role=LEARNER&search=x&sort=email&order=desc&page=1&page_size=20:0
[  394312ms] [ERROR] WebSocket connection to 'ws://localhost:3106/_next/webpack-hmr?id=_KOJvBVBhe64KpCqaMV5p' failed: Error in connection establishment: net::ERR_CONNECTION_REFUSED @ http://localhost:3106/_next/static/chunks/node_modules_next_dist_client_0r5nbpw._.js:13422
[  395314ms] [ERROR] WebSocket connection to 'ws://localhost:3106/_next/webpack-hmr?id=_KOJvBVBhe64KpCqaMV5p' failed: Error in connection establishment: net::ERR_CONNECTION_REFUSED @ http://localhost:3106/_next/static/chunks/node_modules_next_dist_client_0r5nbpw._.js:13422
[  396319ms] [ERROR] WebSocket connection to 'ws://localhost:3106/_next/webpack-hmr?id=_KOJvBVBhe64KpCqaMV5p' failed: Error in connection establishment: net::ERR_CONNECTION_REFUSED @ http://localhost:3106/_next/static/chunks/node_modules_next_dist_client_0r5nbpw._.js:13422
[  397326ms] [ERROR] WebSocket connection to 'ws://localhost:3106/_next/webpack-hmr?id=_KOJvBVBhe64KpCqaMV5p' failed: Error in connection establishment: net::ERR_CONNECTION_REFUSED @ http://localhost:3106/_next/static/chunks/node_modules_next_dist_client_0r5nbpw._.js:13422
[  398332ms] [ERROR] WebSocket connection to 'ws://localhost:3106/_next/webpack-hmr?id=_KOJvBVBhe64KpCqaMV5p' failed: Error in connection establishment: net::ERR_CONNECTION_REFUSED @ http://localhost:3106/_next/static/chunks/node_modules_next_dist_client_0r5nbpw._.js:13422
[  403338ms] [ERROR] WebSocket connection to 'ws://localhost:3106/_next/webpack-hmr?id=_KOJvBVBhe64KpCqaMV5p' failed: Error in connection establishment: net::ERR_CONNECTION_REFUSED @ http://localhost:3106/_next/static/chunks/node_modules_next_dist_client_0r5nbpw._.js:13422
[  408346ms] [ERROR] WebSocket connection to 'ws://localhost:3106/_next/webpack-hmr?id=_KOJvBVBhe64KpCqaMV5p' failed: Error in connection establishment: net::ERR_CONNECTION_REFUSED @ http://localhost:3106/_next/static/chunks/node_modules_next_dist_client_0r5nbpw._.js:13422
[  413366ms] [ERROR] WebSocket connection to 'ws://localhost:3106/_next/webpack-hmr?id=_KOJvBVBhe64KpCqaMV5p' failed: Error in connection establishment: net::ERR_CONNECTION_REFUSED @ http://localhost:3106/_next/static/chunks/node_modules_next_dist_client_0r5nbpw._.js:13422
[  418387ms] [ERROR] WebSocket connection to 'ws://localhost:3106/_next/webpack-hmr?id=_KOJvBVBhe64KpCqaMV5p' failed: Error in connection establishment: net::ERR_CONNECTION_REFUSED @ http://localhost:3106/_next/static/chunks/node_modules_next_dist_client_0r5nbpw._.js:13422
[  423460ms] [ERROR] WebSocket connection to 'ws://localhost:3106/_next/webpack-hmr?id=_KOJvBVBhe64KpCqaMV5p' failed: Error in connection establishment: net::ERR_CONNECTION_REFUSED @ http://localhost:3106/_next/static/chunks/node_modules_next_dist_client_0r5nbpw._.js:13422
[  428525ms] [ERROR] WebSocket connection to 'ws://localhost:3106/_next/webpack-hmr?id=_KOJvBVBhe64KpCqaMV5p' failed: Error in connection establishment: net::ERR_CONNECTION_REFUSED @ http://localhost:3106/_next/static/chunks/node_modules_next_dist_client_0r5nbpw._.js:13422
[  433844ms] [ERROR] WebSocket connection to 'ws://localhost:3106/_next/webpack-hmr?id=_KOJvBVBhe64KpCqaMV5p' failed: Error in connection establishment: net::ERR_CONNECTION_REFUSED @ http://localhost:3106/_next/static/chunks/node_modules_next_dist_client_0r5nbpw._.js:13422
[  433940ms] SecurityError: Failed to read the 'localStorage' property from 'Window': Access is denied for this document.
    at <anonymous>:6:5
    at <anonymous>:7:7
