[     155ms] [INFO] %cDownload the React DevTools for a better development experience: https://react.dev/link/react-devtools font-weight:bold @ http://localhost:3112/_next/static/chunks/node_modules_next_dist_1ybzpk2._.js:2477
[     164ms] [LOG] [HMR] connected @ http://localhost:3112/_next/static/chunks/node_modules_next_dist_1ybzpk2._.js:2477
[  202937ms] [LOG] [Fast Refresh] rebuilding @ http://localhost:3112/_next/static/chunks/node_modules_next_dist_1ybzpk2._.js:2477
[  203031ms] [LOG] [Fast Refresh] done in 196ms @ http://localhost:3112/_next/static/chunks/node_modules_next_dist_1ybzpk2._.js:2477
[  221242ms] [LOG] [Fast Refresh] rebuilding @ http://localhost:3112/_next/static/chunks/node_modules_next_dist_1ybzpk2._.js:2477
[  221441ms] [LOG] [Fast Refresh] done in 302ms @ http://localhost:3112/_next/static/chunks/node_modules_next_dist_1ybzpk2._.js:2477
[  344716ms] [LOG] [Fast Refresh] rebuilding @ http://localhost:3112/_next/static/chunks/node_modules_next_dist_1ybzpk2._.js:2477
[  344750ms] [LOG] [Fast Refresh] done in 79ms @ http://localhost:3112/_next/static/chunks/node_modules_next_dist_1ybzpk2._.js:2477
[  387567ms] [LOG] [Fast Refresh] rebuilding @ http://localhost:3112/_next/static/chunks/node_modules_next_dist_1ybzpk2._.js:2477
[  387604ms] [LOG] [Fast Refresh] done in 55ms @ http://localhost:3112/_next/static/chunks/node_modules_next_dist_1ybzpk2._.js:2477
[  414163ms] [LOG] [Fast Refresh] rebuilding @ http://localhost:3112/_next/static/chunks/node_modules_next_dist_1ybzpk2._.js:2477
[  414199ms] [LOG] [Fast Refresh] done in 55ms @ http://localhost:3112/_next/static/chunks/node_modules_next_dist_1ybzpk2._.js:2477
[  463946ms] [LOG] [Fast Refresh] rebuilding @ http://localhost:3112/_next/static/chunks/node_modules_next_dist_1ybzpk2._.js:2477
[  463982ms] [LOG] [Fast Refresh] done in 56ms @ http://localhost:3112/_next/static/chunks/node_modules_next_dist_1ybzpk2._.js:2477
[  548240ms] [LOG] [Fast Refresh] rebuilding @ http://localhost:3112/_next/static/chunks/node_modules_next_dist_1ybzpk2._.js:2477
[  548279ms] [LOG] [Fast Refresh] done in 50ms @ http://localhost:3112/_next/static/chunks/node_modules_next_dist_1ybzpk2._.js:2477
[  580297ms] [LOG] [Fast Refresh] rebuilding @ http://localhost:3112/_next/static/chunks/node_modules_next_dist_1ybzpk2._.js:2477
[  580329ms] [LOG] [Fast Refresh] done in 58ms @ http://localhost:3112/_next/static/chunks/node_modules_next_dist_1ybzpk2._.js:2477
[  637218ms] [LOG] [Fast Refresh] rebuilding @ http://localhost:3112/_next/static/chunks/node_modules_next_dist_1ybzpk2._.js:2477
[  637252ms] [LOG] [Fast Refresh] done in 50ms @ http://localhost:3112/_next/static/chunks/node_modules_next_dist_1ybzpk2._.js:2477
[  667430ms] [LOG] [Fast Refresh] rebuilding @ http://localhost:3112/_next/static/chunks/node_modules_next_dist_1ybzpk2._.js:2477
[  667466ms] [LOG] [Fast Refresh] done in 57ms @ http://localhost:3112/_next/static/chunks/node_modules_next_dist_1ybzpk2._.js:2477
[  744254ms] [LOG] [Fast Refresh] rebuilding @ http://localhost:3112/_next/static/chunks/node_modules_next_dist_1ybzpk2._.js:2477
[  744404ms] [LOG] [Fast Refresh] done in 13ms @ http://localhost:3112/_next/static/chunks/node_modules_next_dist_1ybzpk2._.js:2477
[  744566ms] [LOG] [Fast Refresh] rebuilding @ http://localhost:3112/_next/static/chunks/node_modules_next_dist_1ybzpk2._.js:2477
[  745518ms] [LOG] [Fast Refresh] done in 1052ms @ http://localhost:3112/_next/static/chunks/node_modules_next_dist_1ybzpk2._.js:2477
[  783730ms] [LOG] [Fast Refresh] rebuilding @ http://localhost:3112/_next/static/chunks/node_modules_next_dist_1ybzpk2._.js:2477
[  783872ms] [LOG] [Fast Refresh] done in 150ms @ http://localhost:3112/_next/static/chunks/node_modules_next_dist_1ybzpk2._.js:2477
[  783973ms] [LOG] [Fast Refresh] rebuilding @ http://localhost:3112/_next/static/chunks/node_modules_next_dist_1ybzpk2._.js:2477
[  784943ms] [LOG] [Fast Refresh] done in 1069ms @ http://localhost:3112/_next/static/chunks/node_modules_next_dist_1ybzpk2._.js:2477
[  827797ms] [LOG] [Fast Refresh] rebuilding @ http://localhost:3112/_next/static/chunks/node_modules_next_dist_1ybzpk2._.js:2477
[  827879ms] [LOG] [Fast Refresh] done in 70ms @ http://localhost:3112/_next/static/chunks/node_modules_next_dist_1ybzpk2._.js:2477
[  827981ms] [LOG] [Fast Refresh] rebuilding @ http://localhost:3112/_next/static/chunks/node_modules_next_dist_1ybzpk2._.js:2477
[  828919ms] [LOG] [Fast Refresh] done in 1039ms @ http://localhost:3112/_next/static/chunks/node_modules_next_dist_1ybzpk2._.js:2477
[  891809ms] [LOG] [Fast Refresh] rebuilding @ http://localhost:3112/_next/static/chunks/node_modules_next_dist_1ybzpk2._.js:2477
[  891878ms] [LOG] [Fast Refresh] done in 150ms @ http://localhost:3112/_next/static/chunks/node_modules_next_dist_1ybzpk2._.js:2477
[  916998ms] [LOG] [Fast Refresh] rebuilding @ http://localhost:3112/_next/static/chunks/node_modules_next_dist_1ybzpk2._.js:2477
[  917094ms] [ERROR] Failed to load resource: the server responded with a status of 404 (Not Found) @ http://localhost:3112/ui-kit/craft-smoke?_rsc=OGYu11qBOLLeeotQ:0
[  917097ms] [LOG] [Fast Refresh] done in 74ms @ http://localhost:3112/_next/static/chunks/node_modules_next_dist_1ybzpk2._.js:2477
[  917109ms] [ERROR] Failed to load resource: the server responded with a status of 404 (Not Found) @ http://localhost:3112/ui-kit/craft-smoke?_rsc=OGYu11qBOLLeeotQ:0
[  917183ms] [ERROR] Failed to load resource: the server responded with a status of 404 (Not Found) @ http://localhost:3112/ui-kit/craft-smoke?_rsc=OGYu11qBOLLeeotQ:0
[  917200ms] [ERROR] Failed to load resource: the server responded with a status of 404 (Not Found) @ http://localhost:3112/ui-kit/craft-smoke:0
[  917225ms] [INFO] %cDownload the React DevTools for a better development experience: https://react.dev/link/react-devtools font-weight:bold @ http://localhost:3112/_next/static/chunks/node_modules_next_dist_1ybzpk2._.js:2477
[  917239ms] [LOG] [HMR] connected @ http://localhost:3112/_next/static/chunks/node_modules_next_dist_1ybzpk2._.js:2477
[ 1588408ms] [LOG] [Fast Refresh] rebuilding @ http://localhost:3112/_next/static/chunks/node_modules_next_dist_1ybzpk2._.js:2477
[ 1589232ms] [LOG] [Fast Refresh] done in 927ms @ http://localhost:3112/_next/static/chunks/node_modules_next_dist_1ybzpk2._.js:2477
[ 1589295ms] [INFO] %cDownload the React DevTools for a better development experience: https://react.dev/link/react-devtools font-weight:bold @ http://localhost:3112/_next/static/chunks/node_modules_next_dist_1ybzpk2._.js:2477
[ 1589305ms] [LOG] [HMR] connected @ http://localhost:3112/_next/static/chunks/node_modules_next_dist_1ybzpk2._.js:2477
[ 1643458ms] [INFO] %cDownload the React DevTools for a better development experience: https://react.dev/link/react-devtools font-weight:bold @ http://localhost:3112/_next/static/chunks/node_modules_next_dist_1ybzpk2._.js:2477
[ 1643467ms] [LOG] [HMR] connected @ http://localhost:3112/_next/static/chunks/node_modules_next_dist_1ybzpk2._.js:2477
[ 1960759ms] [INFO] %cDownload the React DevTools for a better development experience: https://react.dev/link/react-devtools font-weight:bold @ http://localhost:3112/_next/static/chunks/node_modules_next_dist_1ybzpk2._.js:2477
[ 1960768ms] [LOG] [HMR] connected @ http://localhost:3112/_next/static/chunks/node_modules_next_dist_1ybzpk2._.js:2477
[ 2070970ms] [INFO] %cDownload the React DevTools for a better development experience: https://react.dev/link/react-devtools font-weight:bold @ http://localhost:3112/_next/static/chunks/node_modules_next_dist_1ybzpk2._.js:2477
[ 2070981ms] [LOG] [HMR] connected @ http://localhost:3112/_next/static/chunks/node_modules_next_dist_1ybzpk2._.js:2477
[ 2091617ms] [INFO] %cDownload the React DevTools for a better development experience: https://react.dev/link/react-devtools font-weight:bold @ http://localhost:3112/_next/static/chunks/node_modules_next_dist_1ybzpk2._.js:2477
[ 2091624ms] [LOG] [HMR] connected @ http://localhost:3112/_next/static/chunks/node_modules_next_dist_1ybzpk2._.js:2477
[ 2119252ms] [INFO] %cDownload the React DevTools for a better development experience: https://react.dev/link/react-devtools font-weight:bold @ http://localhost:3112/_next/static/chunks/node_modules_next_dist_1ybzpk2._.js:2477
[ 2119260ms] [LOG] [HMR] connected @ http://localhost:3112/_next/static/chunks/node_modules_next_dist_1ybzpk2._.js:2477
[ 2144818ms] [INFO] %cDownload the React DevTools for a better development experience: https://react.dev/link/react-devtools font-weight:bold @ http://localhost:3112/_next/static/chunks/node_modules_next_dist_1ybzpk2._.js:2477
[ 2144825ms] [LOG] [HMR] connected @ http://localhost:3112/_next/static/chunks/node_modules_next_dist_1ybzpk2._.js:2477
