[     174ms] [LOG] [Fast Refresh] rebuilding @ http://localhost:3100/_next/static/chunks/node_modules_next_dist_1ybzpk2._.js:2477
[     514ms] [LOG] [Fast Refresh] done in 442ms @ http://localhost:3100/_next/static/chunks/node_modules_next_dist_1ybzpk2._.js:2477
[     551ms] [VERBOSE] [DOM] Input elements should have autocomplete attributes (suggested: "current-password"): (More info: https://goo.gl/9p2vKq) %o @ http://localhost:3100/login:0
[     561ms] [INFO] %cDownload the React DevTools for a better development experience: https://react.dev/link/react-devtools font-weight:bold @ http://localhost:3100/_next/static/chunks/node_modules_next_dist_1ybzpk2._.js:2477
[     583ms] [LOG] [HMR] connected @ http://localhost:3100/_next/static/chunks/node_modules_next_dist_1ybzpk2._.js:2477
[  303626ms] [VERBOSE] [DOM] Input elements should have autocomplete attributes (suggested: "current-password"): (More info: https://goo.gl/9p2vKq) %o @ http://localhost:3100/login:0
[  303643ms] [INFO] %cDownload the React DevTools for a better development experience: https://react.dev/link/react-devtools font-weight:bold @ http://localhost:3100/_next/static/chunks/node_modules_next_dist_1ybzpk2._.js:2477
[  303658ms] [LOG] [HMR] connected @ http://localhost:3100/_next/static/chunks/node_modules_next_dist_1ybzpk2._.js:2477
[  398961ms] [ERROR] WebSocket connection to 'ws://localhost:3100/_next/webpack-hmr?id=iJQkTELB9YeHpvOBqQhFO' failed: Error in connection establishment: net::ERR_CONNECTION_REFUSED @ http://localhost:3100/_next/static/chunks/node_modules_next_dist_client_0r5nbpw._.js:13422
[  399963ms] [ERROR] WebSocket connection to 'ws://localhost:3100/_next/webpack-hmr?id=iJQkTELB9YeHpvOBqQhFO' failed: Error in connection establishment: net::ERR_CONNECTION_REFUSED @ http://localhost:3100/_next/static/chunks/node_modules_next_dist_client_0r5nbpw._.js:13422
[  400965ms] [ERROR] WebSocket connection to 'ws://localhost:3100/_next/webpack-hmr?id=iJQkTELB9YeHpvOBqQhFO' failed: Error in connection establishment: net::ERR_CONNECTION_REFUSED @ http://localhost:3100/_next/static/chunks/node_modules_next_dist_client_0r5nbpw._.js:13422
[  401968ms] [ERROR] WebSocket connection to 'ws://localhost:3100/_next/webpack-hmr?id=iJQkTELB9YeHpvOBqQhFO' failed: Error in connection establishment: net::ERR_CONNECTION_REFUSED @ http://localhost:3100/_next/static/chunks/node_modules_next_dist_client_0r5nbpw._.js:13422
[  402971ms] [ERROR] WebSocket connection to 'ws://localhost:3100/_next/webpack-hmr?id=iJQkTELB9YeHpvOBqQhFO' failed: Error in connection establishment: net::ERR_CONNECTION_REFUSED @ http://localhost:3100/_next/static/chunks/node_modules_next_dist_client_0r5nbpw._.js:13422
[  407973ms] [ERROR] WebSocket connection to 'ws://localhost:3100/_next/webpack-hmr?id=iJQkTELB9YeHpvOBqQhFO' failed: Error in connection establishment: net::ERR_CONNECTION_REFUSED @ http://localhost:3100/_next/static/chunks/node_modules_next_dist_client_0r5nbpw._.js:13422
[  412976ms] [ERROR] WebSocket connection to 'ws://localhost:3100/_next/webpack-hmr?id=iJQkTELB9YeHpvOBqQhFO' failed: Error in connection establishment: net::ERR_CONNECTION_REFUSED @ http://localhost:3100/_next/static/chunks/node_modules_next_dist_client_0r5nbpw._.js:13422
[  417980ms] [ERROR] WebSocket connection to 'ws://localhost:3100/_next/webpack-hmr?id=iJQkTELB9YeHpvOBqQhFO' failed: Error in connection establishment: net::ERR_CONNECTION_REFUSED @ http://localhost:3100/_next/static/chunks/node_modules_next_dist_client_0r5nbpw._.js:13422
[  422985ms] [ERROR] WebSocket connection to 'ws://localhost:3100/_next/webpack-hmr?id=iJQkTELB9YeHpvOBqQhFO' failed: Error in connection establishment: net::ERR_CONNECTION_REFUSED @ http://localhost:3100/_next/static/chunks/node_modules_next_dist_client_0r5nbpw._.js:13422
[  427987ms] [ERROR] WebSocket connection to 'ws://localhost:3100/_next/webpack-hmr?id=iJQkTELB9YeHpvOBqQhFO' failed: Error in connection establishment: net::ERR_CONNECTION_REFUSED @ http://localhost:3100/_next/static/chunks/node_modules_next_dist_client_0r5nbpw._.js:13422
[  432991ms] [ERROR] WebSocket connection to 'ws://localhost:3100/_next/webpack-hmr?id=iJQkTELB9YeHpvOBqQhFO' failed: Error in connection establishment: net::ERR_CONNECTION_REFUSED @ http://localhost:3100/_next/static/chunks/node_modules_next_dist_client_0r5nbpw._.js:13422
[  437997ms] [ERROR] WebSocket connection to 'ws://localhost:3100/_next/webpack-hmr?id=iJQkTELB9YeHpvOBqQhFO' failed: Error in connection establishment: net::ERR_CONNECTION_REFUSED @ http://localhost:3100/_next/static/chunks/node_modules_next_dist_client_0r5nbpw._.js:13422
