[      72ms] [LOG] [Telegram.WebView] > postEvent web_app_set_header_color {color_key: bg_color} @ https://telegram.org/js/telegram-web-app.js:134
[      72ms] [LOG] [Telegram.WebView] > postEvent web_app_set_bottom_bar_color {color: #ffffff} @ https://telegram.org/js/telegram-web-app.js:134
[      72ms] [LOG] [Telegram.WebView] > postEvent web_app_request_theme  @ https://telegram.org/js/telegram-web-app.js:134
[      72ms] [LOG] [Telegram.WebView] > postEvent web_app_request_viewport  @ https://telegram.org/js/telegram-web-app.js:134
[      72ms] [LOG] [Telegram.WebView] > postEvent web_app_request_safe_area  @ https://telegram.org/js/telegram-web-app.js:134
[      72ms] [LOG] [Telegram.WebView] > postEvent web_app_request_content_safe_area  @ https://telegram.org/js/telegram-web-app.js:134
[      77ms] [LOG] [Telegram.WebView] > postEvent web_app_ready  @ https://telegram.org/js/telegram-web-app.js:134
[      77ms] [LOG] [Telegram.WebView] > postEvent web_app_expand  @ https://telegram.org/js/telegram-web-app.js:134
[      77ms] [WARNING] [Telegram.WebApp] BackButton is not supported in version 6.0 @ https://telegram.org/js/telegram-web-app.js:988
[    3123ms] [WARNING] The resource http://127.0.0.1:8301/tg/assets/foxi.webp was preloaded using link preload but not used within a few seconds from the window's load event. Please make sure it has an appropriate `as` value and it is preloaded intentionally. @ http://127.0.0.1:8301/tg/:0
[   16713ms] [WARNING] [Telegram.WebApp] HapticFeedback is not supported in version 6.0 @ https://telegram.org/js/telegram-web-app.js:1477
[   16713ms] [WARNING] [Telegram.WebApp] BackButton is not supported in version 6.0 @ https://telegram.org/js/telegram-web-app.js:988
[   16713ms] [LOG] [Telegram.WebView] > postEvent web_app_setup_main_button {is_visible: false} @ https://telegram.org/js/telegram-web-app.js:134
[   17215ms] [WARNING] [Telegram.WebApp] HapticFeedback is not supported in version 6.0 @ https://telegram.org/js/telegram-web-app.js:1477
[   17215ms] [WARNING] [Telegram.WebApp] BackButton is not supported in version 6.0 @ https://telegram.org/js/telegram-web-app.js:988
[   17719ms] [WARNING] [Telegram.WebApp] HapticFeedback is not supported in version 6.0 @ https://telegram.org/js/telegram-web-app.js:1477
[   17719ms] [WARNING] [Telegram.WebApp] BackButton is not supported in version 6.0 @ https://telegram.org/js/telegram-web-app.js:988
[   18224ms] [WARNING] [Telegram.WebApp] HapticFeedback is not supported in version 6.0 @ https://telegram.org/js/telegram-web-app.js:1477
[   18224ms] [WARNING] [Telegram.WebApp] BackButton is not supported in version 6.0 @ https://telegram.org/js/telegram-web-app.js:988
[   18727ms] [WARNING] [Telegram.WebApp] HapticFeedback is not supported in version 6.0 @ https://telegram.org/js/telegram-web-app.js:1477
[   18728ms] [WARNING] [Telegram.WebApp] BackButton is not supported in version 6.0 @ https://telegram.org/js/telegram-web-app.js:988
[   20254ms] [WARNING] The resource http://127.0.0.1:8301/tg/assets/foxi.webp was preloaded using link preload but not used within a few seconds from the window's load event. Please make sure it has an appropriate `as` value and it is preloaded intentionally. @ http://127.0.0.1:8301/tg/:0
[   65726ms] [WARNING] [Telegram.WebApp] BackButton is not supported in version 6.0 @ https://telegram.org/js/telegram-web-app.js:988
[   65728ms] [WARNING] [Telegram.WebApp] HapticFeedback is not supported in version 6.0 @ https://telegram.org/js/telegram-web-app.js:1477
[   66631ms] [WARNING] [Telegram.WebApp] HapticFeedback is not supported in version 6.0 @ https://telegram.org/js/telegram-web-app.js:1477
[   67012ms] [WARNING] [Telegram.WebApp] HapticFeedback is not supported in version 6.0 @ https://telegram.org/js/telegram-web-app.js:1477
[   67395ms] [WARNING] [Telegram.WebApp] HapticFeedback is not supported in version 6.0 @ https://telegram.org/js/telegram-web-app.js:1477
[   67775ms] [WARNING] [Telegram.WebApp] HapticFeedback is not supported in version 6.0 @ https://telegram.org/js/telegram-web-app.js:1477
[   68157ms] [WARNING] [Telegram.WebApp] HapticFeedback is not supported in version 6.0 @ https://telegram.org/js/telegram-web-app.js:1477
[   68423ms] [WARNING] [Telegram.WebApp] HapticFeedback is not supported in version 6.0 @ https://telegram.org/js/telegram-web-app.js:1477
[   71425ms] [WARNING] The resource http://127.0.0.1:8301/tg/assets/foxi.webp was preloaded using link preload but not used within a few seconds from the window's load event. Please make sure it has an appropriate `as` value and it is preloaded intentionally. @ http://127.0.0.1:8301/tg/:0
