[      58ms] [LOG] [Telegram.WebView] > postEvent web_app_set_header_color {color_key: bg_color} @ https://telegram.org/js/telegram-web-app.js:134
[      58ms] [LOG] [Telegram.WebView] > postEvent web_app_set_bottom_bar_color {color: #ffffff} @ https://telegram.org/js/telegram-web-app.js:134
[      58ms] [LOG] [Telegram.WebView] > postEvent web_app_request_theme  @ https://telegram.org/js/telegram-web-app.js:134
[      58ms] [LOG] [Telegram.WebView] > postEvent web_app_request_viewport  @ https://telegram.org/js/telegram-web-app.js:134
[      58ms] [LOG] [Telegram.WebView] > postEvent web_app_request_safe_area  @ https://telegram.org/js/telegram-web-app.js:134
[      58ms] [LOG] [Telegram.WebView] > postEvent web_app_request_content_safe_area  @ https://telegram.org/js/telegram-web-app.js:134
[      61ms] [LOG] [Telegram.WebView] > postEvent web_app_ready  @ https://telegram.org/js/telegram-web-app.js:134
[      61ms] [LOG] [Telegram.WebView] > postEvent web_app_expand  @ https://telegram.org/js/telegram-web-app.js:134
[      61ms] [WARNING] [Telegram.WebApp] Changing swipes behavior is not supported in version 6.0 @ https://telegram.org/js/telegram-web-app.js:607
[      61ms] [WARNING] [Telegram.WebApp] BackButton is not supported in version 6.0 @ https://telegram.org/js/telegram-web-app.js:988
[      61ms] [WARNING] [Telegram.WebApp] BackButton is not supported in version 6.0 @ https://telegram.org/js/telegram-web-app.js:988
[      61ms] [LOG] [Telegram.WebView] > postEvent web_app_setup_main_button {is_visible: false} @ https://telegram.org/js/telegram-web-app.js:134
[   40424ms] [WARNING] [Telegram.WebApp] HapticFeedback is not supported in version 6.0 @ https://telegram.org/js/telegram-web-app.js:1477
[   40424ms] [WARNING] [Telegram.WebApp] BackButton is not supported in version 6.0 @ https://telegram.org/js/telegram-web-app.js:988
[   40424ms] [LOG] [Telegram.WebView] > postEvent web_app_setup_main_button {is_visible: true, is_active: true, is_progress_visible: false, icon_custom_emoji_id: false, text: Записаться на диагностику} @ https://telegram.org/js/telegram-web-app.js:134
[   74108ms] [WARNING] [Telegram.WebApp] HapticFeedback is not supported in version 6.0 @ https://telegram.org/js/telegram-web-app.js:1477
[   74109ms] [WARNING] [Telegram.WebApp] BackButton is not supported in version 6.0 @ https://telegram.org/js/telegram-web-app.js:988
[   74109ms] [LOG] [Telegram.WebView] > postEvent web_app_setup_main_button {is_visible: false} @ https://telegram.org/js/telegram-web-app.js:134
[   74511ms] [WARNING] [Telegram.WebApp] HapticFeedback is not supported in version 6.0 @ https://telegram.org/js/telegram-web-app.js:1477
[   74512ms] [WARNING] [Telegram.WebApp] BackButton is not supported in version 6.0 @ https://telegram.org/js/telegram-web-app.js:988
[   74815ms] [WARNING] [Telegram.WebApp] HapticFeedback is not supported in version 6.0 @ https://telegram.org/js/telegram-web-app.js:1477
[   74815ms] [WARNING] [Telegram.WebApp] BackButton is not supported in version 6.0 @ https://telegram.org/js/telegram-web-app.js:988
