[     127ms] [INFO] %cDownload the React DevTools for a better development experience: https://react.dev/link/react-devtools font-weight:bold @ http://localhost:3112/_next/static/chunks/node_modules_next_dist_1ybzpk2._.js:2477
[     142ms] [LOG] [HMR] connected @ http://localhost:3112/_next/static/chunks/node_modules_next_dist_1ybzpk2._.js:2477
[   85019ms] [ERROR] Pattern attribute value ^[a-z0-9][a-z0-9\-/]{0,254}$ is not a valid regular expression: Uncaught SyntaxError: Invalid regular expression: /^[a-z0-9][a-z0-9\-/]{0,254}$/v: Invalid character in character class @ http://localhost:3112/admin/pages:0
[   85063ms] [ERROR] In HTML, whitespace text nodes cannot be a child of <%s>. Make sure you don't have any extra whitespace between tags on each line of your source code.
This will cause a hydration error.%s tr 

  ...
    <SegmentViewNode type="page" pagePath="(app)/admi...">
      <SegmentTrieNode>
      <ClientPageRoot Component={function AdminPagesPage} serverProvidedParams={{...}}>
        <AdminPagesPage params={Promise} searchParams={Promise}>
          <div className="space-y-4" data-testid="pages-list">
            <div>
            <DataTable columns={[...]} data={[...]} labels={{...}} pageCount={1} pagination={{pageIndex:0, ...}} ...>
              <div className="space-y-4">
                <div>
                <_c className="overflow-h...">
                  <div ref={null} className="rounded-xl...">
                    <_c>
                      <div className="relative w...">
                        <table ref={null} className="w-full cap...">
                          <_c2>
                          <_c4>
                            <tbody ref={null} className={"[&_tr:la..."}>
                              <_c8 data-state={undefined} onClick={function} className="cursor-poi...">
>                               <tr
>                                 ref={null}
>                                 className="border-b transition-colors hover:bg-muted/50 data-[state=selected]:bg-mut..."
>                                 data-state={undefined}
>                                 onClick={function}
>                               >
>                                 {"                  "}
                                  ...
                ...
            ...
    ...
 @ http://localhost:3112/_next/static/chunks/node_modules_next_dist_1ybzpk2._.js:3318
[   85157ms] [LOG] [Fast Refresh] rebuilding @ http://localhost:3112/_next/static/chunks/node_modules_next_dist_1ybzpk2._.js:2477
[   86047ms] [LOG] [Fast Refresh] done in 991ms @ http://localhost:3112/_next/static/chunks/node_modules_next_dist_1ybzpk2._.js:2477
[   86347ms] [WARNING] Detected `scroll-behavior: smooth` on the `<html>` element. To disable smooth scrolling during route transitions, add `data-scroll-behavior="smooth"` to your <html> element. Learn more: https://nextjs.org/docs/messages/missing-data-scroll-behavior @ http://localhost:3112/_next/static/chunks/node_modules_next_dist_1ybzpk2._.js:2477
[   86384ms] [ERROR] %o

%s TypeError: Cannot destructure property 'type' of 'Ve(...)' as it is undefined.
    at Xe (http://localhost:3112/_next/static/chunks/node_modules_1anfz_e._.js:5528:19)
    at Object.toNode (http://localhost:3112/_next/static/chunks/node_modules_1anfz_e._.js:5665:31)
    at http://localhost:3112/_next/static/chunks/node_modules_1anfz_e._.js:6142:57
    at Array.map (<anonymous>)
    at Object.deserialize (http://localhost:3112/_next/static/chunks/node_modules_1anfz_e._.js:6138:90)
    at http://localhost:3112/_next/static/chunks/node_modules_1anfz_e._.js:4073:42
    at e.produce (http://localhost:3112/_next/static/chunks/node_modules_1anfz_e._.js:881:25)
    at e.produceWithPatches (http://localhost:3112/_next/static/chunks/node_modules_1anfz_e._.js:908:29)
    at http://localhost:3112/_next/static/chunks/node_modules_1anfz_e._.js:4060:198
    at http://localhost:3112/_next/static/chunks/node_modules_1anfz_e._.js:4107:17
    at e.<computed> [as deserialize] (http://localhost:3112/_next/static/chunks/node_modules_1anfz_e._.js:4176:36)
    at De (http://localhost:3112/_next/static/chunks/node_modules_1anfz_e._.js:5168:35)
    at Object.react_stack_bottom_frame (http://localhost:3112/_next/static/chunks/node_modules_next_dist_compiled_react-dom_096_9a-._.js:15037:24)
    at renderWithHooks (http://localhost:3112/_next/static/chunks/node_modules_next_dist_compiled_react-dom_096_9a-._.js:4620:24)
    at updateFunctionComponent (http://localhost:3112/_next/static/chunks/node_modules_next_dist_compiled_react-dom_096_9a-._.js:6081:21)
    at beginWork (http://localhost:3112/_next/static/chunks/node_modules_next_dist_compiled_react-dom_096_9a-._.js:6691:24)
    at runWithFiberInDEV (http://localhost:3112/_next/static/chunks/node_modules_next_dist_compiled_react-dom_096_9a-._.js:965:74)
    at performUnitOfWork (http://localhost:3112/_next/static/chunks/node_modules_next_dist_compiled_react-dom_096_9a-._.js:9555:97)
    at workLoopSync (http://localhost:3112/_next/static/chunks/node_modules_next_dist_compiled_react-dom_096_9a-._.js:9449:40)
    at renderRootSync (http://localhost:3112/_next/static/chunks/node_modules_next_dist_compiled_react-dom_096_9a-._.js:9433:13)
    at performWorkOnRoot (http://localhost:3112/_next/static/chunks/node_modules_next_dist_compiled_react-dom_096_9a-._.js:9098:47)
    at performSyncWorkOnRoot (http://localhost:3112/_next/static/chunks/node_modules_next_dist_compiled_react-dom_096_9a-._.js:10263:9)
    at flushSyncWorkAcrossRoots_impl (http://localhost:3112/_next/static/chunks/node_modules_next_dist_compiled_react-dom_096_9a-._.js:10179:316)
    at processRootScheduleInMicrotask (http://localhost:3112/_next/static/chunks/node_modules_next_dist_compiled_react-dom_096_9a-._.js:10200:106)
    at http://localhost:3112/_next/static/chunks/node_modules_next_dist_compiled_react-dom_096_9a-._.js:10274:158 The above error occurred in the <De> component. It was handled by the <ErrorBoundaryHandler> error boundary. @ http://localhost:3112/_next/static/chunks/node_modules_next_dist_client_0r5nbpw._.js:1998
[   86385ms] [ERROR] [app] route error boundary caught: TypeError: Cannot destructure property 'type' of 'Ve(...)' as it is undefined.
    at Xe (http://localhost:3112/_next/static/chunks/node_modules_1anfz_e._.js:5528:19)
    at Object.toNode (http://localhost:3112/_next/static/chunks/node_modules_1anfz_e._.js:5665:31)
    at http://localhost:3112/_next/static/chunks/node_modules_1anfz_e._.js:6142:57
    at Array.map (<anonymous>)
    at Object.deserialize (http://localhost:3112/_next/static/chunks/node_modules_1anfz_e._.js:6138:90)
    at http://localhost:3112/_next/static/chunks/node_modules_1anfz_e._.js:4073:42
    at e.produce (http://localhost:3112/_next/static/chunks/node_modules_1anfz_e._.js:881:25)
    at e.produceWithPatches (http://localhost:3112/_next/static/chunks/node_modules_1anfz_e._.js:908:29)
    at http://localhost:3112/_next/static/chunks/node_modules_1anfz_e._.js:4060:198
    at http://localhost:3112/_next/static/chunks/node_modules_1anfz_e._.js:4107:17
    at e.<computed> [as deserialize] (http://localhost:3112/_next/static/chunks/node_modules_1anfz_e._.js:4176:36)
    at De (http://localhost:3112/_next/static/chunks/node_modules_1anfz_e._.js:5168:35)
    at Object.react_stack_bottom_frame (http://localhost:3112/_next/static/chunks/node_modules_next_dist_compiled_react-dom_096_9a-._.js:15037:24)
    at renderWithHooks (http://localhost:3112/_next/static/chunks/node_modules_next_dist_compiled_react-dom_096_9a-._.js:4620:24)
    at updateFunctionComponent (http://localhost:3112/_next/static/chunks/node_modules_next_dist_compiled_react-dom_096_9a-._.js:6081:21)
    at beginWork (http://localhost:3112/_next/static/chunks/node_modules_next_dist_compiled_react-dom_096_9a-._.js:6691:24)
    at runWithFiberInDEV (http://localhost:3112/_next/static/chunks/node_modules_next_dist_compiled_react-dom_096_9a-._.js:965:74)
    at performUnitOfWork (http://localhost:3112/_next/static/chunks/node_modules_next_dist_compiled_react-dom_096_9a-._.js:9555:97)
    at workLoopSync (http://localhost:3112/_next/static/chunks/node_modules_next_dist_compiled_react-dom_096_9a-._.js:9449:40)
    at renderRootSync (http://localhost:3112/_next/static/chunks/node_modules_next_dist_compiled_react-dom_096_9a-._.js:9433:13)
    at performWorkOnRoot (http://localhost:3112/_next/static/chunks/node_modules_next_dist_compiled_react-dom_096_9a-._.js:9098:47)
    at performSyncWorkOnRoot (http://localhost:3112/_next/static/chunks/node_modules_next_dist_compiled_react-dom_096_9a-._.js:10263:9)
    at flushSyncWorkAcrossRoots_impl (http://localhost:3112/_next/static/chunks/node_modules_next_dist_compiled_react-dom_096_9a-._.js:10179:316)
    at processRootScheduleInMicrotask (http://localhost:3112/_next/static/chunks/node_modules_next_dist_compiled_react-dom_096_9a-._.js:10200:106)
    at http://localhost:3112/_next/static/chunks/node_modules_next_dist_compiled_react-dom_096_9a-._.js:10274:158 @ http://localhost:3112/_next/static/chunks/node_modules_next_dist_1ybzpk2._.js:3318
[   86386ms] [ERROR] [app] route error boundary caught: TypeError: Cannot destructure property 'type' of 'Ve(...)' as it is undefined.
    at Xe (http://localhost:3112/_next/static/chunks/node_modules_1anfz_e._.js:5528:19)
    at Object.toNode (http://localhost:3112/_next/static/chunks/node_modules_1anfz_e._.js:5665:31)
    at http://localhost:3112/_next/static/chunks/node_modules_1anfz_e._.js:6142:57
    at Array.map (<anonymous>)
    at Object.deserialize (http://localhost:3112/_next/static/chunks/node_modules_1anfz_e._.js:6138:90)
    at http://localhost:3112/_next/static/chunks/node_modules_1anfz_e._.js:4073:42
    at e.produce (http://localhost:3112/_next/static/chunks/node_modules_1anfz_e._.js:881:25)
    at e.produceWithPatches (http://localhost:3112/_next/static/chunks/node_modules_1anfz_e._.js:908:29)
    at http://localhost:3112/_next/static/chunks/node_modules_1anfz_e._.js:4060:198
    at http://localhost:3112/_next/static/chunks/node_modules_1anfz_e._.js:4107:17
    at e.<computed> [as deserialize] (http://localhost:3112/_next/static/chunks/node_modules_1anfz_e._.js:4176:36)
    at De (http://localhost:3112/_next/static/chunks/node_modules_1anfz_e._.js:5168:35)
    at Object.react_stack_bottom_frame (http://localhost:3112/_next/static/chunks/node_modules_next_dist_compiled_react-dom_096_9a-._.js:15037:24)
    at renderWithHooks (http://localhost:3112/_next/static/chunks/node_modules_next_dist_compiled_react-dom_096_9a-._.js:4620:24)
    at updateFunctionComponent (http://localhost:3112/_next/static/chunks/node_modules_next_dist_compiled_react-dom_096_9a-._.js:6081:21)
    at beginWork (http://localhost:3112/_next/static/chunks/node_modules_next_dist_compiled_react-dom_096_9a-._.js:6691:24)
    at runWithFiberInDEV (http://localhost:3112/_next/static/chunks/node_modules_next_dist_compiled_react-dom_096_9a-._.js:965:74)
    at performUnitOfWork (http://localhost:3112/_next/static/chunks/node_modules_next_dist_compiled_react-dom_096_9a-._.js:9555:97)
    at workLoopSync (http://localhost:3112/_next/static/chunks/node_modules_next_dist_compiled_react-dom_096_9a-._.js:9449:40)
    at renderRootSync (http://localhost:3112/_next/static/chunks/node_modules_next_dist_compiled_react-dom_096_9a-._.js:9433:13)
    at performWorkOnRoot (http://localhost:3112/_next/static/chunks/node_modules_next_dist_compiled_react-dom_096_9a-._.js:9098:47)
    at performSyncWorkOnRoot (http://localhost:3112/_next/static/chunks/node_modules_next_dist_compiled_react-dom_096_9a-._.js:10263:9)
    at flushSyncWorkAcrossRoots_impl (http://localhost:3112/_next/static/chunks/node_modules_next_dist_compiled_react-dom_096_9a-._.js:10179:316)
    at processRootScheduleInMicrotask (http://localhost:3112/_next/static/chunks/node_modules_next_dist_compiled_react-dom_096_9a-._.js:10200:106)
    at http://localhost:3112/_next/static/chunks/node_modules_next_dist_compiled_react-dom_096_9a-._.js:10274:158 @ http://localhost:3112/_next/static/chunks/node_modules_next_dist_1ybzpk2._.js:3318
[  247567ms] [ERROR] %o

%s TypeError: Cannot destructure property 'type' of 'Ve(...)' as it is undefined.
    at Xe (http://localhost:3112/_next/static/chunks/node_modules_1anfz_e._.js:5528:19)
    at Object.toNode (http://localhost:3112/_next/static/chunks/node_modules_1anfz_e._.js:5665:31)
    at http://localhost:3112/_next/static/chunks/node_modules_1anfz_e._.js:6142:57
    at Array.map (<anonymous>)
    at Object.deserialize (http://localhost:3112/_next/static/chunks/node_modules_1anfz_e._.js:6138:90)
    at http://localhost:3112/_next/static/chunks/node_modules_1anfz_e._.js:4073:42
    at e.produce (http://localhost:3112/_next/static/chunks/node_modules_1anfz_e._.js:881:25)
    at e.produceWithPatches (http://localhost:3112/_next/static/chunks/node_modules_1anfz_e._.js:908:29)
    at http://localhost:3112/_next/static/chunks/node_modules_1anfz_e._.js:4060:198
    at http://localhost:3112/_next/static/chunks/node_modules_1anfz_e._.js:4107:17
    at e.<computed> [as deserialize] (http://localhost:3112/_next/static/chunks/node_modules_1anfz_e._.js:4176:36)
    at De (http://localhost:3112/_next/static/chunks/node_modules_1anfz_e._.js:5168:35)
    at Object.react_stack_bottom_frame (http://localhost:3112/_next/static/chunks/node_modules_next_dist_compiled_react-dom_096_9a-._.js:15037:24)
    at renderWithHooks (http://localhost:3112/_next/static/chunks/node_modules_next_dist_compiled_react-dom_096_9a-._.js:4620:24)
    at updateFunctionComponent (http://localhost:3112/_next/static/chunks/node_modules_next_dist_compiled_react-dom_096_9a-._.js:6081:21)
    at beginWork (http://localhost:3112/_next/static/chunks/node_modules_next_dist_compiled_react-dom_096_9a-._.js:6691:24)
    at runWithFiberInDEV (http://localhost:3112/_next/static/chunks/node_modules_next_dist_compiled_react-dom_096_9a-._.js:965:74)
    at performUnitOfWork (http://localhost:3112/_next/static/chunks/node_modules_next_dist_compiled_react-dom_096_9a-._.js:9555:97)
    at workLoopSync (http://localhost:3112/_next/static/chunks/node_modules_next_dist_compiled_react-dom_096_9a-._.js:9449:40)
    at renderRootSync (http://localhost:3112/_next/static/chunks/node_modules_next_dist_compiled_react-dom_096_9a-._.js:9433:13)
    at performWorkOnRoot (http://localhost:3112/_next/static/chunks/node_modules_next_dist_compiled_react-dom_096_9a-._.js:9098:47)
    at performSyncWorkOnRoot (http://localhost:3112/_next/static/chunks/node_modules_next_dist_compiled_react-dom_096_9a-._.js:10263:9)
    at flushSyncWorkAcrossRoots_impl (http://localhost:3112/_next/static/chunks/node_modules_next_dist_compiled_react-dom_096_9a-._.js:10179:316)
    at processRootScheduleInMicrotask (http://localhost:3112/_next/static/chunks/node_modules_next_dist_compiled_react-dom_096_9a-._.js:10200:106)
    at http://localhost:3112/_next/static/chunks/node_modules_next_dist_compiled_react-dom_096_9a-._.js:10274:158 The above error occurred in the <De> component. It was handled by the <ErrorBoundaryHandler> error boundary. @ http://localhost:3112/_next/static/chunks/node_modules_next_dist_client_0r5nbpw._.js:1998
[  247570ms] [ERROR] [app] route error boundary caught: TypeError: Cannot destructure property 'type' of 'Ve(...)' as it is undefined.
    at Xe (http://localhost:3112/_next/static/chunks/node_modules_1anfz_e._.js:5528:19)
    at Object.toNode (http://localhost:3112/_next/static/chunks/node_modules_1anfz_e._.js:5665:31)
    at http://localhost:3112/_next/static/chunks/node_modules_1anfz_e._.js:6142:57
    at Array.map (<anonymous>)
    at Object.deserialize (http://localhost:3112/_next/static/chunks/node_modules_1anfz_e._.js:6138:90)
    at http://localhost:3112/_next/static/chunks/node_modules_1anfz_e._.js:4073:42
    at e.produce (http://localhost:3112/_next/static/chunks/node_modules_1anfz_e._.js:881:25)
    at e.produceWithPatches (http://localhost:3112/_next/static/chunks/node_modules_1anfz_e._.js:908:29)
    at http://localhost:3112/_next/static/chunks/node_modules_1anfz_e._.js:4060:198
    at http://localhost:3112/_next/static/chunks/node_modules_1anfz_e._.js:4107:17
    at e.<computed> [as deserialize] (http://localhost:3112/_next/static/chunks/node_modules_1anfz_e._.js:4176:36)
    at De (http://localhost:3112/_next/static/chunks/node_modules_1anfz_e._.js:5168:35)
    at Object.react_stack_bottom_frame (http://localhost:3112/_next/static/chunks/node_modules_next_dist_compiled_react-dom_096_9a-._.js:15037:24)
    at renderWithHooks (http://localhost:3112/_next/static/chunks/node_modules_next_dist_compiled_react-dom_096_9a-._.js:4620:24)
    at updateFunctionComponent (http://localhost:3112/_next/static/chunks/node_modules_next_dist_compiled_react-dom_096_9a-._.js:6081:21)
    at beginWork (http://localhost:3112/_next/static/chunks/node_modules_next_dist_compiled_react-dom_096_9a-._.js:6691:24)
    at runWithFiberInDEV (http://localhost:3112/_next/static/chunks/node_modules_next_dist_compiled_react-dom_096_9a-._.js:965:74)
    at performUnitOfWork (http://localhost:3112/_next/static/chunks/node_modules_next_dist_compiled_react-dom_096_9a-._.js:9555:97)
    at workLoopSync (http://localhost:3112/_next/static/chunks/node_modules_next_dist_compiled_react-dom_096_9a-._.js:9449:40)
    at renderRootSync (http://localhost:3112/_next/static/chunks/node_modules_next_dist_compiled_react-dom_096_9a-._.js:9433:13)
    at performWorkOnRoot (http://localhost:3112/_next/static/chunks/node_modules_next_dist_compiled_react-dom_096_9a-._.js:9098:47)
    at performSyncWorkOnRoot (http://localhost:3112/_next/static/chunks/node_modules_next_dist_compiled_react-dom_096_9a-._.js:10263:9)
    at flushSyncWorkAcrossRoots_impl (http://localhost:3112/_next/static/chunks/node_modules_next_dist_compiled_react-dom_096_9a-._.js:10179:316)
    at processRootScheduleInMicrotask (http://localhost:3112/_next/static/chunks/node_modules_next_dist_compiled_react-dom_096_9a-._.js:10200:106)
    at http://localhost:3112/_next/static/chunks/node_modules_next_dist_compiled_react-dom_096_9a-._.js:10274:158 @ http://localhost:3112/_next/static/chunks/node_modules_next_dist_1ybzpk2._.js:3318
[  247570ms] [ERROR] [app] route error boundary caught: TypeError: Cannot destructure property 'type' of 'Ve(...)' as it is undefined.
    at Xe (http://localhost:3112/_next/static/chunks/node_modules_1anfz_e._.js:5528:19)
    at Object.toNode (http://localhost:3112/_next/static/chunks/node_modules_1anfz_e._.js:5665:31)
    at http://localhost:3112/_next/static/chunks/node_modules_1anfz_e._.js:6142:57
    at Array.map (<anonymous>)
    at Object.deserialize (http://localhost:3112/_next/static/chunks/node_modules_1anfz_e._.js:6138:90)
    at http://localhost:3112/_next/static/chunks/node_modules_1anfz_e._.js:4073:42
    at e.produce (http://localhost:3112/_next/static/chunks/node_modules_1anfz_e._.js:881:25)
    at e.produceWithPatches (http://localhost:3112/_next/static/chunks/node_modules_1anfz_e._.js:908:29)
    at http://localhost:3112/_next/static/chunks/node_modules_1anfz_e._.js:4060:198
    at http://localhost:3112/_next/static/chunks/node_modules_1anfz_e._.js:4107:17
    at e.<computed> [as deserialize] (http://localhost:3112/_next/static/chunks/node_modules_1anfz_e._.js:4176:36)
    at De (http://localhost:3112/_next/static/chunks/node_modules_1anfz_e._.js:5168:35)
    at Object.react_stack_bottom_frame (http://localhost:3112/_next/static/chunks/node_modules_next_dist_compiled_react-dom_096_9a-._.js:15037:24)
    at renderWithHooks (http://localhost:3112/_next/static/chunks/node_modules_next_dist_compiled_react-dom_096_9a-._.js:4620:24)
    at updateFunctionComponent (http://localhost:3112/_next/static/chunks/node_modules_next_dist_compiled_react-dom_096_9a-._.js:6081:21)
    at beginWork (http://localhost:3112/_next/static/chunks/node_modules_next_dist_compiled_react-dom_096_9a-._.js:6691:24)
    at runWithFiberInDEV (http://localhost:3112/_next/static/chunks/node_modules_next_dist_compiled_react-dom_096_9a-._.js:965:74)
    at performUnitOfWork (http://localhost:3112/_next/static/chunks/node_modules_next_dist_compiled_react-dom_096_9a-._.js:9555:97)
    at workLoopSync (http://localhost:3112/_next/static/chunks/node_modules_next_dist_compiled_react-dom_096_9a-._.js:9449:40)
    at renderRootSync (http://localhost:3112/_next/static/chunks/node_modules_next_dist_compiled_react-dom_096_9a-._.js:9433:13)
    at performWorkOnRoot (http://localhost:3112/_next/static/chunks/node_modules_next_dist_compiled_react-dom_096_9a-._.js:9098:47)
    at performSyncWorkOnRoot (http://localhost:3112/_next/static/chunks/node_modules_next_dist_compiled_react-dom_096_9a-._.js:10263:9)
    at flushSyncWorkAcrossRoots_impl (http://localhost:3112/_next/static/chunks/node_modules_next_dist_compiled_react-dom_096_9a-._.js:10179:316)
    at processRootScheduleInMicrotask (http://localhost:3112/_next/static/chunks/node_modules_next_dist_compiled_react-dom_096_9a-._.js:10200:106)
    at http://localhost:3112/_next/static/chunks/node_modules_next_dist_compiled_react-dom_096_9a-._.js:10274:158 @ http://localhost:3112/_next/static/chunks/node_modules_next_dist_1ybzpk2._.js:3318
[  250595ms] [LOG] [Fast Refresh] rebuilding @ http://localhost:3112/_next/static/chunks/node_modules_next_dist_1ybzpk2._.js:2477
[  250630ms] [LOG] [Fast Refresh] done in 136ms @ http://localhost:3112/_next/static/chunks/node_modules_next_dist_1ybzpk2._.js:2477
[  250733ms] [LOG] [Fast Refresh] rebuilding @ http://localhost:3112/_next/static/chunks/node_modules_next_dist_1ybzpk2._.js:2477
[  250814ms] [LOG] [Fast Refresh] done in 182ms @ http://localhost:3112/_next/static/chunks/node_modules_next_dist_1ybzpk2._.js:2477
[  253645ms] [LOG] [Fast Refresh] rebuilding @ http://localhost:3112/_next/static/chunks/node_modules_next_dist_1ybzpk2._.js:2477
[  254056ms] [LOG] [Fast Refresh] done in 512ms @ http://localhost:3112/_next/static/chunks/node_modules_next_dist_1ybzpk2._.js:2477
[  254718ms] [LOG] [Fast Refresh] rebuilding @ http://localhost:3112/_next/static/chunks/node_modules_next_dist_1ybzpk2._.js:2477
[  254905ms] [LOG] [Fast Refresh] done in 288ms @ http://localhost:3112/_next/static/chunks/node_modules_next_dist_1ybzpk2._.js:2477
[  263842ms] [LOG] [Fast Refresh] rebuilding @ http://localhost:3112/_next/static/chunks/node_modules_next_dist_1ybzpk2._.js:2477
[  264081ms] [LOG] [Fast Refresh] done in 339ms @ http://localhost:3112/_next/static/chunks/node_modules_next_dist_1ybzpk2._.js:2477
[  264464ms] [LOG] [Fast Refresh] rebuilding @ http://localhost:3112/_next/static/chunks/node_modules_next_dist_1ybzpk2._.js:2477
[  264642ms] [LOG] [Fast Refresh] done in 278ms @ http://localhost:3112/_next/static/chunks/node_modules_next_dist_1ybzpk2._.js:2477
[  281800ms] [LOG] [Fast Refresh] rebuilding @ http://localhost:3112/_next/static/chunks/node_modules_next_dist_1ybzpk2._.js:2477
[  281842ms] [LOG] [Fast Refresh] done in 90ms @ http://localhost:3112/_next/static/chunks/node_modules_next_dist_1ybzpk2._.js:2477
[  303523ms] [LOG] [Fast Refresh] rebuilding @ http://localhost:3112/_next/static/chunks/node_modules_next_dist_1ybzpk2._.js:2477
[  303546ms] [LOG] [Fast Refresh] done in 67ms @ http://localhost:3112/_next/static/chunks/node_modules_next_dist_1ybzpk2._.js:2477
