[      83ms] [LOG] [Telegram.WebView] > postEvent web_app_set_header_color {color_key: bg_color} @ https://telegram.org/js/telegram-web-app.js:134
[      83ms] [LOG] [Telegram.WebView] > postEvent web_app_set_bottom_bar_color {color: #ffffff} @ https://telegram.org/js/telegram-web-app.js:134
[      83ms] [LOG] [Telegram.WebView] > postEvent web_app_request_theme  @ https://telegram.org/js/telegram-web-app.js:134
[      83ms] [LOG] [Telegram.WebView] > postEvent web_app_request_viewport  @ https://telegram.org/js/telegram-web-app.js:134
[      83ms] [LOG] [Telegram.WebView] > postEvent web_app_request_safe_area  @ https://telegram.org/js/telegram-web-app.js:134
[      83ms] [LOG] [Telegram.WebView] > postEvent web_app_request_content_safe_area  @ https://telegram.org/js/telegram-web-app.js:134
[      88ms] [LOG] [Telegram.WebView] > postEvent web_app_ready  @ https://telegram.org/js/telegram-web-app.js:134
[      88ms] [LOG] [Telegram.WebView] > postEvent web_app_expand  @ https://telegram.org/js/telegram-web-app.js:134
[      88ms] [WARNING] [Telegram.WebApp] BackButton is not supported in version 6.0 @ https://telegram.org/js/telegram-web-app.js:988
[   40361ms] [WARNING] [Telegram.WebApp] BackButton is not supported in version 6.0 @ https://telegram.org/js/telegram-web-app.js:988
[   40361ms] [LOG] [Telegram.WebView] > postEvent web_app_setup_main_button {is_visible: false} @ https://telegram.org/js/telegram-web-app.js:134
[   40362ms] [WARNING] [Telegram.WebApp] HapticFeedback is not supported in version 6.0 @ https://telegram.org/js/telegram-web-app.js:1477
[   61431ms] [WARNING] [Telegram.WebApp] HapticFeedback is not supported in version 6.0 @ https://telegram.org/js/telegram-web-app.js:1477
[   61752ms] [WARNING] [Telegram.WebApp] HapticFeedback is not supported in version 6.0 @ https://telegram.org/js/telegram-web-app.js:1477
[   62072ms] [WARNING] [Telegram.WebApp] HapticFeedback is not supported in version 6.0 @ https://telegram.org/js/telegram-web-app.js:1477
[   62393ms] [WARNING] [Telegram.WebApp] HapticFeedback is not supported in version 6.0 @ https://telegram.org/js/telegram-web-app.js:1477
[   62714ms] [WARNING] [Telegram.WebApp] HapticFeedback is not supported in version 6.0 @ https://telegram.org/js/telegram-web-app.js:1477
[   62899ms] [WARNING] [Telegram.WebApp] HapticFeedback is not supported in version 6.0 @ https://telegram.org/js/telegram-web-app.js:1477
[   84610ms] [WARNING] [Telegram.WebApp] BackButton is not supported in version 6.0 @ https://telegram.org/js/telegram-web-app.js:988
[   85011ms] [WARNING] [Telegram.WebApp] HapticFeedback is not supported in version 6.0 @ https://telegram.org/js/telegram-web-app.js:1477
[   85011ms] [WARNING] [Telegram.WebApp] BackButton is not supported in version 6.0 @ https://telegram.org/js/telegram-web-app.js:988
