[     171ms] [LOG] [Fast Refresh] rebuilding @ http://localhost:3103/_next/static/chunks/node_modules_next_dist_1ybzpk2._.js:2477
[     551ms] [LOG] [Fast Refresh] done in 481ms @ http://localhost:3103/_next/static/chunks/node_modules_next_dist_1ybzpk2._.js:2477
[     556ms] [ERROR] Failed to load resource: the server responded with a status of 404 (Not Found) @ http://localhost:3103/no-such-page-404:0
[     642ms] [INFO] %cDownload the React DevTools for a better development experience: https://react.dev/link/react-devtools font-weight:bold @ http://localhost:3103/_next/static/chunks/node_modules_next_dist_1ybzpk2._.js:2477
[     655ms] [LOG] [HMR] connected @ http://localhost:3103/_next/static/chunks/node_modules_next_dist_1ybzpk2._.js:2477
[   43681ms] [ERROR] WebSocket connection to 'ws://localhost:3103/_next/webpack-hmr?id=YLQw4im8LzKCvzct9s93r' failed: Error in connection establishment: net::ERR_CONNECTION_REFUSED @ http://localhost:3103/_next/static/chunks/node_modules_next_dist_client_0r5nbpw._.js:13422
[   44685ms] [ERROR] WebSocket connection to 'ws://localhost:3103/_next/webpack-hmr?id=YLQw4im8LzKCvzct9s93r' failed: Error in connection establishment: net::ERR_CONNECTION_REFUSED @ http://localhost:3103/_next/static/chunks/node_modules_next_dist_client_0r5nbpw._.js:13422
[   45688ms] [ERROR] WebSocket connection to 'ws://localhost:3103/_next/webpack-hmr?id=YLQw4im8LzKCvzct9s93r' failed: Error in connection establishment: net::ERR_CONNECTION_REFUSED @ http://localhost:3103/_next/static/chunks/node_modules_next_dist_client_0r5nbpw._.js:13422
[   46691ms] [ERROR] WebSocket connection to 'ws://localhost:3103/_next/webpack-hmr?id=YLQw4im8LzKCvzct9s93r' failed: Error in connection establishment: net::ERR_CONNECTION_REFUSED @ http://localhost:3103/_next/static/chunks/node_modules_next_dist_client_0r5nbpw._.js:13422
[   47692ms] [ERROR] WebSocket connection to 'ws://localhost:3103/_next/webpack-hmr?id=YLQw4im8LzKCvzct9s93r' failed: Error in connection establishment: net::ERR_CONNECTION_REFUSED @ http://localhost:3103/_next/static/chunks/node_modules_next_dist_client_0r5nbpw._.js:13422
[   52695ms] [ERROR] WebSocket connection to 'ws://localhost:3103/_next/webpack-hmr?id=YLQw4im8LzKCvzct9s93r' failed: Error in connection establishment: net::ERR_CONNECTION_REFUSED @ http://localhost:3103/_next/static/chunks/node_modules_next_dist_client_0r5nbpw._.js:13422
[   57699ms] [ERROR] WebSocket connection to 'ws://localhost:3103/_next/webpack-hmr?id=YLQw4im8LzKCvzct9s93r' failed: Error in connection establishment: net::ERR_CONNECTION_REFUSED @ http://localhost:3103/_next/static/chunks/node_modules_next_dist_client_0r5nbpw._.js:13422
[   62702ms] [ERROR] WebSocket connection to 'ws://localhost:3103/_next/webpack-hmr?id=YLQw4im8LzKCvzct9s93r' failed: Error in connection establishment: net::ERR_CONNECTION_REFUSED @ http://localhost:3103/_next/static/chunks/node_modules_next_dist_client_0r5nbpw._.js:13422
[   67706ms] [ERROR] WebSocket connection to 'ws://localhost:3103/_next/webpack-hmr?id=YLQw4im8LzKCvzct9s93r' failed: Error in connection establishment: net::ERR_CONNECTION_REFUSED @ http://localhost:3103/_next/static/chunks/node_modules_next_dist_client_0r5nbpw._.js:13422
[   72709ms] [ERROR] WebSocket connection to 'ws://localhost:3103/_next/webpack-hmr?id=YLQw4im8LzKCvzct9s93r' failed: Error in connection establishment: net::ERR_CONNECTION_REFUSED @ http://localhost:3103/_next/static/chunks/node_modules_next_dist_client_0r5nbpw._.js:13422
[   77712ms] [ERROR] WebSocket connection to 'ws://localhost:3103/_next/webpack-hmr?id=YLQw4im8LzKCvzct9s93r' failed: Error in connection establishment: net::ERR_CONNECTION_REFUSED @ http://localhost:3103/_next/static/chunks/node_modules_next_dist_client_0r5nbpw._.js:13422
[   82715ms] [ERROR] WebSocket connection to 'ws://localhost:3103/_next/webpack-hmr?id=YLQw4im8LzKCvzct9s93r' failed: Error in connection establishment: net::ERR_CONNECTION_REFUSED @ http://localhost:3103/_next/static/chunks/node_modules_next_dist_client_0r5nbpw._.js:13422
[  119164ms] [ERROR] Failed to load resource: the server responded with a status of 404 (Not Found) @ http://localhost:3103/no-such-page-404:0
[  119257ms] [INFO] %cDownload the React DevTools for a better development experience: https://react.dev/link/react-devtools font-weight:bold @ http://localhost:3103/_next/static/chunks/node_modules_next_dist_1ybzpk2._.js:2477
[  119301ms] [LOG] [HMR] connected @ http://localhost:3103/_next/static/chunks/node_modules_next_dist_1ybzpk2._.js:2477
[  119440ms] [LOG] [Fast Refresh] rebuilding @ http://localhost:3103/_next/static/chunks/node_modules_next_dist_1ybzpk2._.js:2477
[  119443ms] [LOG] [Fast Refresh] done in 107ms @ http://localhost:3103/_next/static/chunks/node_modules_next_dist_1ybzpk2._.js:2477
[  125166ms] [LOG] [Fast Refresh] rebuilding @ http://localhost:3103/_next/static/chunks/node_modules_next_dist_1ybzpk2._.js:2477
[  125168ms] [LOG] [Fast Refresh] done in 103ms @ http://localhost:3103/_next/static/chunks/node_modules_next_dist_1ybzpk2._.js:2477
[  268992ms] [ERROR] WebSocket connection to 'ws://localhost:3103/_next/webpack-hmr?id=pig-scUJj2LU2_RMMEsvq' failed: Error in connection establishment: net::ERR_CONNECTION_REFUSED @ http://localhost:3103/_next/static/chunks/node_modules_next_dist_client_0r5nbpw._.js:13422
[  269994ms] [ERROR] WebSocket connection to 'ws://localhost:3103/_next/webpack-hmr?id=pig-scUJj2LU2_RMMEsvq' failed: Error in connection establishment: net::ERR_CONNECTION_REFUSED @ http://localhost:3103/_next/static/chunks/node_modules_next_dist_client_0r5nbpw._.js:13422
[  270996ms] [ERROR] WebSocket connection to 'ws://localhost:3103/_next/webpack-hmr?id=pig-scUJj2LU2_RMMEsvq' failed: Error in connection establishment: net::ERR_CONNECTION_REFUSED @ http://localhost:3103/_next/static/chunks/node_modules_next_dist_client_0r5nbpw._.js:13422
[  271998ms] [ERROR] WebSocket connection to 'ws://localhost:3103/_next/webpack-hmr?id=pig-scUJj2LU2_RMMEsvq' failed: Error in connection establishment: net::ERR_CONNECTION_REFUSED @ http://localhost:3103/_next/static/chunks/node_modules_next_dist_client_0r5nbpw._.js:13422
[  273000ms] [ERROR] WebSocket connection to 'ws://localhost:3103/_next/webpack-hmr?id=pig-scUJj2LU2_RMMEsvq' failed: Error in connection establishment: net::ERR_CONNECTION_REFUSED @ http://localhost:3103/_next/static/chunks/node_modules_next_dist_client_0r5nbpw._.js:13422
[  278002ms] [ERROR] WebSocket connection to 'ws://localhost:3103/_next/webpack-hmr?id=pig-scUJj2LU2_RMMEsvq' failed: Error in connection establishment: net::ERR_CONNECTION_REFUSED @ http://localhost:3103/_next/static/chunks/node_modules_next_dist_client_0r5nbpw._.js:13422
[  283005ms] [ERROR] WebSocket connection to 'ws://localhost:3103/_next/webpack-hmr?id=pig-scUJj2LU2_RMMEsvq' failed: Error in connection establishment: net::ERR_CONNECTION_REFUSED @ http://localhost:3103/_next/static/chunks/node_modules_next_dist_client_0r5nbpw._.js:13422
[  288007ms] [ERROR] WebSocket connection to 'ws://localhost:3103/_next/webpack-hmr?id=pig-scUJj2LU2_RMMEsvq' failed: Error in connection establishment: net::ERR_CONNECTION_REFUSED @ http://localhost:3103/_next/static/chunks/node_modules_next_dist_client_0r5nbpw._.js:13422
[  293010ms] [ERROR] WebSocket connection to 'ws://localhost:3103/_next/webpack-hmr?id=pig-scUJj2LU2_RMMEsvq' failed: Error in connection establishment: net::ERR_CONNECTION_REFUSED @ http://localhost:3103/_next/static/chunks/node_modules_next_dist_client_0r5nbpw._.js:13422
[  298013ms] [ERROR] WebSocket connection to 'ws://localhost:3103/_next/webpack-hmr?id=pig-scUJj2LU2_RMMEsvq' failed: Error in connection establishment: net::ERR_CONNECTION_REFUSED @ http://localhost:3103/_next/static/chunks/node_modules_next_dist_client_0r5nbpw._.js:13422
[  303018ms] [ERROR] WebSocket connection to 'ws://localhost:3103/_next/webpack-hmr?id=pig-scUJj2LU2_RMMEsvq' failed: Error in connection establishment: net::ERR_CONNECTION_REFUSED @ http://localhost:3103/_next/static/chunks/node_modules_next_dist_client_0r5nbpw._.js:13422
[  308023ms] [ERROR] WebSocket connection to 'ws://localhost:3103/_next/webpack-hmr?id=pig-scUJj2LU2_RMMEsvq' failed: Error in connection establishment: net::ERR_CONNECTION_REFUSED @ http://localhost:3103/_next/static/chunks/node_modules_next_dist_client_0r5nbpw._.js:13422
