[     116ms] [VERBOSE] [DOM] Input elements should have autocomplete attributes (suggested: "current-password"): (More info: https://goo.gl/9p2vKq) %o @ http://localhost:3107/login:0
[     190ms] [INFO] %cDownload the React DevTools for a better development experience: https://react.dev/link/react-devtools font-weight:bold @ http://localhost:3107/_next/static/chunks/node_modules_next_dist_1ybzpk2._.js:2477
[     231ms] [LOG] [HMR] connected @ http://localhost:3107/_next/static/chunks/node_modules_next_dist_1ybzpk2._.js:2477
[     363ms] [LOG] [Fast Refresh] rebuilding @ http://localhost:3107/_next/static/chunks/node_modules_next_dist_1ybzpk2._.js:2477
[     388ms] [LOG] [Fast Refresh] done in 127ms @ http://localhost:3107/_next/static/chunks/node_modules_next_dist_1ybzpk2._.js:2477
[     466ms] [WARNING] Detected `scroll-behavior: smooth` on the `<html>` element. To disable smooth scrolling during route transitions, add `data-scroll-behavior="smooth"` to your <html> element. Learn more: https://nextjs.org/docs/messages/missing-data-scroll-behavior @ http://localhost:3107/_next/static/chunks/node_modules_next_dist_1ybzpk2._.js:2477
[     489ms] [LOG] [Fast Refresh] rebuilding @ http://localhost:3107/_next/static/chunks/node_modules_next_dist_1ybzpk2._.js:2477
[     537ms] [ERROR] %o

%s TypeError: Cannot read properties of undefined (reading 'length')
    at TeamWidget (http://localhost:3107/_next/static/chunks/src_0s_v274._.js:834:34)
    at Object.react_stack_bottom_frame (http://localhost:3107/_next/static/chunks/node_modules_next_dist_compiled_react-dom_096_9a-._.js:15037:24)
    at renderWithHooks (http://localhost:3107/_next/static/chunks/node_modules_next_dist_compiled_react-dom_096_9a-._.js:4620:24)
    at updateFunctionComponent (http://localhost:3107/_next/static/chunks/node_modules_next_dist_compiled_react-dom_096_9a-._.js:6081:21)
    at beginWork (http://localhost:3107/_next/static/chunks/node_modules_next_dist_compiled_react-dom_096_9a-._.js:6691:24)
    at runWithFiberInDEV (http://localhost:3107/_next/static/chunks/node_modules_next_dist_compiled_react-dom_096_9a-._.js:965:74)
    at performUnitOfWork (http://localhost:3107/_next/static/chunks/node_modules_next_dist_compiled_react-dom_096_9a-._.js:9555:97)
    at workLoopSync (http://localhost:3107/_next/static/chunks/node_modules_next_dist_compiled_react-dom_096_9a-._.js:9449:40)
    at renderRootSync (http://localhost:3107/_next/static/chunks/node_modules_next_dist_compiled_react-dom_096_9a-._.js:9433:13)
    at performWorkOnRoot (http://localhost:3107/_next/static/chunks/node_modules_next_dist_compiled_react-dom_096_9a-._.js:9098:47)
    at performSyncWorkOnRoot (http://localhost:3107/_next/static/chunks/node_modules_next_dist_compiled_react-dom_096_9a-._.js:10263:9)
    at flushSyncWorkAcrossRoots_impl (http://localhost:3107/_next/static/chunks/node_modules_next_dist_compiled_react-dom_096_9a-._.js:10179:316)
    at processRootScheduleInMicrotask (http://localhost:3107/_next/static/chunks/node_modules_next_dist_compiled_react-dom_096_9a-._.js:10200:106)
    at http://localhost:3107/_next/static/chunks/node_modules_next_dist_compiled_react-dom_096_9a-._.js:10274:158 The above error occurred in the <TeamWidget> component. It was handled by the <ErrorBoundaryHandler> error boundary. @ http://localhost:3107/_next/static/chunks/node_modules_next_dist_client_0r5nbpw._.js:1998
[     538ms] [ERROR] [app] route error boundary caught: TypeError: Cannot read properties of undefined (reading 'length')
    at TeamWidget (http://localhost:3107/_next/static/chunks/src_0s_v274._.js:834:34)
    at Object.react_stack_bottom_frame (http://localhost:3107/_next/static/chunks/node_modules_next_dist_compiled_react-dom_096_9a-._.js:15037:24)
    at renderWithHooks (http://localhost:3107/_next/static/chunks/node_modules_next_dist_compiled_react-dom_096_9a-._.js:4620:24)
    at updateFunctionComponent (http://localhost:3107/_next/static/chunks/node_modules_next_dist_compiled_react-dom_096_9a-._.js:6081:21)
    at beginWork (http://localhost:3107/_next/static/chunks/node_modules_next_dist_compiled_react-dom_096_9a-._.js:6691:24)
    at runWithFiberInDEV (http://localhost:3107/_next/static/chunks/node_modules_next_dist_compiled_react-dom_096_9a-._.js:965:74)
    at performUnitOfWork (http://localhost:3107/_next/static/chunks/node_modules_next_dist_compiled_react-dom_096_9a-._.js:9555:97)
    at workLoopSync (http://localhost:3107/_next/static/chunks/node_modules_next_dist_compiled_react-dom_096_9a-._.js:9449:40)
    at renderRootSync (http://localhost:3107/_next/static/chunks/node_modules_next_dist_compiled_react-dom_096_9a-._.js:9433:13)
    at performWorkOnRoot (http://localhost:3107/_next/static/chunks/node_modules_next_dist_compiled_react-dom_096_9a-._.js:9098:47)
    at performSyncWorkOnRoot (http://localhost:3107/_next/static/chunks/node_modules_next_dist_compiled_react-dom_096_9a-._.js:10263:9)
    at flushSyncWorkAcrossRoots_impl (http://localhost:3107/_next/static/chunks/node_modules_next_dist_compiled_react-dom_096_9a-._.js:10179:316)
    at processRootScheduleInMicrotask (http://localhost:3107/_next/static/chunks/node_modules_next_dist_compiled_react-dom_096_9a-._.js:10200:106)
    at http://localhost:3107/_next/static/chunks/node_modules_next_dist_compiled_react-dom_096_9a-._.js:10274:158 @ http://localhost:3107/_next/static/chunks/node_modules_next_dist_1ybzpk2._.js:3318
[     538ms] [ERROR] [app] route error boundary caught: TypeError: Cannot read properties of undefined (reading 'length')
    at TeamWidget (http://localhost:3107/_next/static/chunks/src_0s_v274._.js:834:34)
    at Object.react_stack_bottom_frame (http://localhost:3107/_next/static/chunks/node_modules_next_dist_compiled_react-dom_096_9a-._.js:15037:24)
    at renderWithHooks (http://localhost:3107/_next/static/chunks/node_modules_next_dist_compiled_react-dom_096_9a-._.js:4620:24)
    at updateFunctionComponent (http://localhost:3107/_next/static/chunks/node_modules_next_dist_compiled_react-dom_096_9a-._.js:6081:21)
    at beginWork (http://localhost:3107/_next/static/chunks/node_modules_next_dist_compiled_react-dom_096_9a-._.js:6691:24)
    at runWithFiberInDEV (http://localhost:3107/_next/static/chunks/node_modules_next_dist_compiled_react-dom_096_9a-._.js:965:74)
    at performUnitOfWork (http://localhost:3107/_next/static/chunks/node_modules_next_dist_compiled_react-dom_096_9a-._.js:9555:97)
    at workLoopSync (http://localhost:3107/_next/static/chunks/node_modules_next_dist_compiled_react-dom_096_9a-._.js:9449:40)
    at renderRootSync (http://localhost:3107/_next/static/chunks/node_modules_next_dist_compiled_react-dom_096_9a-._.js:9433:13)
    at performWorkOnRoot (http://localhost:3107/_next/static/chunks/node_modules_next_dist_compiled_react-dom_096_9a-._.js:9098:47)
    at performSyncWorkOnRoot (http://localhost:3107/_next/static/chunks/node_modules_next_dist_compiled_react-dom_096_9a-._.js:10263:9)
    at flushSyncWorkAcrossRoots_impl (http://localhost:3107/_next/static/chunks/node_modules_next_dist_compiled_react-dom_096_9a-._.js:10179:316)
    at processRootScheduleInMicrotask (http://localhost:3107/_next/static/chunks/node_modules_next_dist_compiled_react-dom_096_9a-._.js:10200:106)
    at http://localhost:3107/_next/static/chunks/node_modules_next_dist_compiled_react-dom_096_9a-._.js:10274:158 @ http://localhost:3107/_next/static/chunks/node_modules_next_dist_1ybzpk2._.js:3318
[     541ms] [LOG] [Fast Refresh] done in 153ms @ http://localhost:3107/_next/static/chunks/node_modules_next_dist_1ybzpk2._.js:2477
