[     204ms] [INFO] %cDownload the React DevTools for a better development experience: https://react.dev/link/react-devtools font-weight:bold @ http://localhost:3112/_next/static/chunks/node_modules_next_dist_1ybzpk2._.js:2477
[     230ms] [LOG] [HMR] connected @ http://localhost:3112/_next/static/chunks/node_modules_next_dist_1ybzpk2._.js:2477
[  148937ms] [LOG] [Fast Refresh] rebuilding @ http://localhost:3112/_next/static/chunks/node_modules_next_dist_1ybzpk2._.js:2477
[  148966ms] [LOG] [Fast Refresh] done in 47ms @ http://localhost:3112/_next/static/chunks/node_modules_next_dist_1ybzpk2._.js:2477
[  157130ms] [LOG] [Fast Refresh] rebuilding @ http://localhost:3112/_next/static/chunks/node_modules_next_dist_1ybzpk2._.js:2477
[  157137ms] [ERROR] %o

%s ReferenceError: resolveCraftNodeType is not defined
    at renderNode (http://localhost:3112/_next/static/chunks/src_1v9ccfr._.js?id=%255Bproject%255D%252Fsrc%252Fcomponents%252Fpage-editor%252Flayers-panel.tsx+%255Bapp-client%255D+%2528ecmascript%2529:63:22)
    at eval (http://localhost:3112/_next/static/chunks/src_1v9ccfr._.js?id=%255Bproject%255D%252Fsrc%252Fcomponents%252Fpage-editor%252Flayers-panel.tsx+%255Bapp-client%255D+%2528ecmascript%2529:183:46)
    at Array.map (<anonymous>)
    at LayersPanel (http://localhost:3112/_next/static/chunks/src_1v9ccfr._.js?id=%255Bproject%255D%252Fsrc%252Fcomponents%252Fpage-editor%252Flayers-panel.tsx+%255Bapp-client%255D+%2528ecmascript%2529:183:36)
    at Object.react_stack_bottom_frame (http://localhost:3112/_next/static/chunks/node_modules_next_dist_compiled_react-dom_096_9a-._.js:15037:24)
    at renderWithHooks (http://localhost:3112/_next/static/chunks/node_modules_next_dist_compiled_react-dom_096_9a-._.js:4620:24)
    at updateFunctionComponent (http://localhost:3112/_next/static/chunks/node_modules_next_dist_compiled_react-dom_096_9a-._.js:6081:21)
    at beginWork (http://localhost:3112/_next/static/chunks/node_modules_next_dist_compiled_react-dom_096_9a-._.js:6691:24)
    at runWithFiberInDEV (http://localhost:3112/_next/static/chunks/node_modules_next_dist_compiled_react-dom_096_9a-._.js:965:74)
    at performUnitOfWork (http://localhost:3112/_next/static/chunks/node_modules_next_dist_compiled_react-dom_096_9a-._.js:9555:97)
    at workLoopSync (http://localhost:3112/_next/static/chunks/node_modules_next_dist_compiled_react-dom_096_9a-._.js:9449:40)
    at renderRootSync (http://localhost:3112/_next/static/chunks/node_modules_next_dist_compiled_react-dom_096_9a-._.js:9433:13)
    at performWorkOnRoot (http://localhost:3112/_next/static/chunks/node_modules_next_dist_compiled_react-dom_096_9a-._.js:9098:47)
    at performSyncWorkOnRoot (http://localhost:3112/_next/static/chunks/node_modules_next_dist_compiled_react-dom_096_9a-._.js:10263:9)
    at flushSyncWorkAcrossRoots_impl (http://localhost:3112/_next/static/chunks/node_modules_next_dist_compiled_react-dom_096_9a-._.js:10179:316)
    at flushSyncWork$1 (http://localhost:3112/_next/static/chunks/node_modules_next_dist_compiled_react-dom_096_9a-._.js:9230:86)
    at Object.scheduleRefresh (http://localhost:3112/_next/static/chunks/node_modules_next_dist_compiled_react-dom_096_9a-._.js:299:13)
    at http://localhost:3112/_next/static/chunks/node_modules_next_dist_compiled_1amofcm._.js:391:33
    at Set.forEach (<anonymous>)
    at Object.performReactRefresh (http://localhost:3112/_next/static/chunks/node_modules_next_dist_compiled_1amofcm._.js:384:38)
    at applyUpdate (http://localhost:3112/_next/static/chunks/node_modules_next_dist_compiled_1amofcm._.js:878:31)
    at http://localhost:3112/_next/static/chunks/node_modules_next_dist_compiled_1amofcm._.js:886:13 The above error occurred in the <LayersPanel> component. It was handled by the <ErrorBoundaryHandler> error boundary. @ http://localhost:3112/_next/static/chunks/node_modules_next_dist_client_0r5nbpw._.js:1998
[  157138ms] [ERROR] [app] route error boundary caught: ReferenceError: resolveCraftNodeType is not defined
    at renderNode (http://localhost:3112/_next/static/chunks/src_1v9ccfr._.js?id=%255Bproject%255D%252Fsrc%252Fcomponents%252Fpage-editor%252Flayers-panel.tsx+%255Bapp-client%255D+%2528ecmascript%2529:63:22)
    at eval (http://localhost:3112/_next/static/chunks/src_1v9ccfr._.js?id=%255Bproject%255D%252Fsrc%252Fcomponents%252Fpage-editor%252Flayers-panel.tsx+%255Bapp-client%255D+%2528ecmascript%2529:183:46)
    at Array.map (<anonymous>)
    at LayersPanel (http://localhost:3112/_next/static/chunks/src_1v9ccfr._.js?id=%255Bproject%255D%252Fsrc%252Fcomponents%252Fpage-editor%252Flayers-panel.tsx+%255Bapp-client%255D+%2528ecmascript%2529:183:36)
    at Object.react_stack_bottom_frame (http://localhost:3112/_next/static/chunks/node_modules_next_dist_compiled_react-dom_096_9a-._.js:15037:24)
    at renderWithHooks (http://localhost:3112/_next/static/chunks/node_modules_next_dist_compiled_react-dom_096_9a-._.js:4620:24)
    at updateFunctionComponent (http://localhost:3112/_next/static/chunks/node_modules_next_dist_compiled_react-dom_096_9a-._.js:6081:21)
    at beginWork (http://localhost:3112/_next/static/chunks/node_modules_next_dist_compiled_react-dom_096_9a-._.js:6691:24)
    at runWithFiberInDEV (http://localhost:3112/_next/static/chunks/node_modules_next_dist_compiled_react-dom_096_9a-._.js:965:74)
    at performUnitOfWork (http://localhost:3112/_next/static/chunks/node_modules_next_dist_compiled_react-dom_096_9a-._.js:9555:97)
    at workLoopSync (http://localhost:3112/_next/static/chunks/node_modules_next_dist_compiled_react-dom_096_9a-._.js:9449:40)
    at renderRootSync (http://localhost:3112/_next/static/chunks/node_modules_next_dist_compiled_react-dom_096_9a-._.js:9433:13)
    at performWorkOnRoot (http://localhost:3112/_next/static/chunks/node_modules_next_dist_compiled_react-dom_096_9a-._.js:9098:47)
    at performSyncWorkOnRoot (http://localhost:3112/_next/static/chunks/node_modules_next_dist_compiled_react-dom_096_9a-._.js:10263:9)
    at flushSyncWorkAcrossRoots_impl (http://localhost:3112/_next/static/chunks/node_modules_next_dist_compiled_react-dom_096_9a-._.js:10179:316)
    at flushSyncWork$1 (http://localhost:3112/_next/static/chunks/node_modules_next_dist_compiled_react-dom_096_9a-._.js:9230:86)
    at Object.scheduleRefresh (http://localhost:3112/_next/static/chunks/node_modules_next_dist_compiled_react-dom_096_9a-._.js:299:13)
    at http://localhost:3112/_next/static/chunks/node_modules_next_dist_compiled_1amofcm._.js:391:33
    at Set.forEach (<anonymous>)
    at Object.performReactRefresh (http://localhost:3112/_next/static/chunks/node_modules_next_dist_compiled_1amofcm._.js:384:38)
    at applyUpdate (http://localhost:3112/_next/static/chunks/node_modules_next_dist_compiled_1amofcm._.js:878:31)
    at http://localhost:3112/_next/static/chunks/node_modules_next_dist_compiled_1amofcm._.js:886:13 @ http://localhost:3112/_next/static/chunks/node_modules_next_dist_1ybzpk2._.js:3318
[  157139ms] [ERROR] [app] route error boundary caught: ReferenceError: resolveCraftNodeType is not defined
    at renderNode (http://localhost:3112/_next/static/chunks/src_1v9ccfr._.js?id=%255Bproject%255D%252Fsrc%252Fcomponents%252Fpage-editor%252Flayers-panel.tsx+%255Bapp-client%255D+%2528ecmascript%2529:63:22)
    at eval (http://localhost:3112/_next/static/chunks/src_1v9ccfr._.js?id=%255Bproject%255D%252Fsrc%252Fcomponents%252Fpage-editor%252Flayers-panel.tsx+%255Bapp-client%255D+%2528ecmascript%2529:183:46)
    at Array.map (<anonymous>)
    at LayersPanel (http://localhost:3112/_next/static/chunks/src_1v9ccfr._.js?id=%255Bproject%255D%252Fsrc%252Fcomponents%252Fpage-editor%252Flayers-panel.tsx+%255Bapp-client%255D+%2528ecmascript%2529:183:36)
    at Object.react_stack_bottom_frame (http://localhost:3112/_next/static/chunks/node_modules_next_dist_compiled_react-dom_096_9a-._.js:15037:24)
    at renderWithHooks (http://localhost:3112/_next/static/chunks/node_modules_next_dist_compiled_react-dom_096_9a-._.js:4620:24)
    at updateFunctionComponent (http://localhost:3112/_next/static/chunks/node_modules_next_dist_compiled_react-dom_096_9a-._.js:6081:21)
    at beginWork (http://localhost:3112/_next/static/chunks/node_modules_next_dist_compiled_react-dom_096_9a-._.js:6691:24)
    at runWithFiberInDEV (http://localhost:3112/_next/static/chunks/node_modules_next_dist_compiled_react-dom_096_9a-._.js:965:74)
    at performUnitOfWork (http://localhost:3112/_next/static/chunks/node_modules_next_dist_compiled_react-dom_096_9a-._.js:9555:97)
    at workLoopSync (http://localhost:3112/_next/static/chunks/node_modules_next_dist_compiled_react-dom_096_9a-._.js:9449:40)
    at renderRootSync (http://localhost:3112/_next/static/chunks/node_modules_next_dist_compiled_react-dom_096_9a-._.js:9433:13)
    at performWorkOnRoot (http://localhost:3112/_next/static/chunks/node_modules_next_dist_compiled_react-dom_096_9a-._.js:9098:47)
    at performSyncWorkOnRoot (http://localhost:3112/_next/static/chunks/node_modules_next_dist_compiled_react-dom_096_9a-._.js:10263:9)
    at flushSyncWorkAcrossRoots_impl (http://localhost:3112/_next/static/chunks/node_modules_next_dist_compiled_react-dom_096_9a-._.js:10179:316)
    at flushSyncWork$1 (http://localhost:3112/_next/static/chunks/node_modules_next_dist_compiled_react-dom_096_9a-._.js:9230:86)
    at Object.scheduleRefresh (http://localhost:3112/_next/static/chunks/node_modules_next_dist_compiled_react-dom_096_9a-._.js:299:13)
    at http://localhost:3112/_next/static/chunks/node_modules_next_dist_compiled_1amofcm._.js:391:33
    at Set.forEach (<anonymous>)
    at Object.performReactRefresh (http://localhost:3112/_next/static/chunks/node_modules_next_dist_compiled_1amofcm._.js:384:38)
    at applyUpdate (http://localhost:3112/_next/static/chunks/node_modules_next_dist_compiled_1amofcm._.js:878:31)
    at http://localhost:3112/_next/static/chunks/node_modules_next_dist_compiled_1amofcm._.js:886:13 @ http://localhost:3112/_next/static/chunks/node_modules_next_dist_1ybzpk2._.js:3318
[  157158ms] [LOG] [Fast Refresh] done in 41ms @ http://localhost:3112/_next/static/chunks/node_modules_next_dist_1ybzpk2._.js:2477
[  164099ms] [LOG] [Fast Refresh] rebuilding @ http://localhost:3112/_next/static/chunks/node_modules_next_dist_1ybzpk2._.js:2477
[  164129ms] [LOG] [Fast Refresh] done in 39ms @ http://localhost:3112/_next/static/chunks/node_modules_next_dist_1ybzpk2._.js:2477
[  170217ms] [LOG] [Fast Refresh] rebuilding @ http://localhost:3112/_next/static/chunks/node_modules_next_dist_1ybzpk2._.js:2477
[  170244ms] [LOG] [Fast Refresh] done in 41ms @ http://localhost:3112/_next/static/chunks/node_modules_next_dist_1ybzpk2._.js:2477
[  177099ms] [LOG] [Fast Refresh] rebuilding @ http://localhost:3112/_next/static/chunks/node_modules_next_dist_1ybzpk2._.js:2477
[  177127ms] [LOG] [Fast Refresh] done in 47ms @ http://localhost:3112/_next/static/chunks/node_modules_next_dist_1ybzpk2._.js:2477
