[2026-07-26T23:40:19.276Z] GET file:///Users/grigory/Dymova-english/docs/prototypes/hero-3d-demo.html → 200 (1ms, 8427B)
[2026-07-26T23:40:19.284Z] GET https://unpkg.com/three@0.165.0/build/three.module.js → pending (?ms, ?B)
[2026-07-26T23:40:35.915Z] GET file:///Users/grigory/Dymova-english/docs/prototypes/hero-3d-demo.html → 200 (2ms, 8427B)
[2026-07-26T23:40:35.934Z] GET https://unpkg.com/three@0.165.0/build/three.module.js → 200 (12ms, 1284652B)
[2026-07-26T23:40:43.835Z] GET file:///Users/grigory/Dymova-english/docs/prototypes/hero-3d-demo.html → 200 (1ms, 8427B)
[2026-07-26T23:40:43.883Z] GET https://unpkg.com/three@0.165.0/build/three.module.js → 200 (12ms, 1284652B)
[2026-07-26T23:40:46.645Z] GET file:///Users/grigory/Dymova-english/docs/prototypes/hero-3d-demo.html → 200 (1ms, 8427B)
[2026-07-26T23:40:46.663Z] GET https://unpkg.com/three@0.165.0/build/three.module.js → 200 (12ms, 1284652B)
[2026-07-26T23:56:35.454Z] GET file:///Users/grigory/Dymova-english/docs/prototypes/hero-3d-demo.html → 200 (13ms, 8427B)
[2026-07-26T23:56:35.523Z] GET https://unpkg.com/three@0.165.0/build/three.module.js → 200 (23ms, 1284652B)
[2026-07-27T00:21:21.384Z] GET file:///Users/grigory/Dymova-english/docs/prototypes/hero-3d-demo-v2.html → 200 (23ms, 15384B)
[2026-07-27T00:21:21.465Z] GET https://fonts.googleapis.com/css2?family=Playfair+Display:ital,wght@0,600;1,600&family=Inter:wght@400;600;800&display=swap → 200 (387ms, ?B)
[2026-07-27T00:21:21.465Z] GET https://unpkg.com/gsap@3.12.5/dist/gsap.min.js → 200 (330ms, 72214B)
[2026-07-27T00:21:21.465Z] GET https://unpkg.com/gsap@3.12.5/dist/ScrollTrigger.min.js → 200 (348ms, 43380B)
[2026-07-27T00:21:21.477Z] GET https://unpkg.com/three@0.165.0/build/three.module.js → 200 (19ms, 1284652B)
[2026-07-27T00:21:21.477Z] GET https://unpkg.com/three@0.165.0/examples/jsm/postprocessing/EffectComposer.js → 200 (241ms, 4651B)
[2026-07-27T00:21:21.477Z] GET https://unpkg.com/three@0.165.0/examples/jsm/postprocessing/RenderPass.js → 200 (243ms, 1941B)
[2026-07-27T00:21:21.477Z] GET https://unpkg.com/three@0.165.0/examples/jsm/postprocessing/UnrealBloomPass.js → 200 (243ms, 12406B)
[2026-07-27T00:21:21.477Z] GET https://unpkg.com/three@0.165.0/examples/jsm/postprocessing/OutputPass.js → 200 (263ms, 2524B)
[2026-07-27T00:21:21.719Z] GET https://unpkg.com/three@0.165.0/examples/jsm/shaders/CopyShader.js → 200 (92ms, 571B)
[2026-07-27T00:21:21.719Z] GET https://unpkg.com/three@0.165.0/examples/jsm/postprocessing/ShaderPass.js → 200 (93ms, 1576B)
[2026-07-27T00:21:21.719Z] GET https://unpkg.com/three@0.165.0/examples/jsm/postprocessing/MaskPass.js → 200 (93ms, 2231B)
[2026-07-27T00:21:21.720Z] GET https://unpkg.com/three@0.165.0/examples/jsm/postprocessing/Pass.js → 200 (92ms, 1706B)
[2026-07-27T00:21:21.720Z] GET https://unpkg.com/three@0.165.0/examples/jsm/shaders/LuminosityHighPassShader.js → 200 (92ms, 1192B)
[2026-07-27T00:21:21.740Z] GET https://unpkg.com/three@0.165.0/examples/jsm/shaders/OutputShader.js → 200 (93ms, 1499B)
[2026-07-27T00:21:21.892Z] GET https://fonts.gstatic.com/s/inter/v20/UcC73FwrK3iLTeHuS_nVMrMxCp50SjIa0ZL7W0Q5n-wU.woff2 → pending (?ms, ?B)
[2026-07-27T00:21:21.892Z] GET https://fonts.gstatic.com/s/playfairdisplay/v40/nuFRD-vYSZviVYUb_rj3ij__anPXDTnCjmHKM4nYO7KN_naUXtXA-X-uE0qEE5Do.woff2 → pending (?ms, ?B)
[2026-07-27T00:21:21.892Z] GET https://fonts.gstatic.com/s/inter/v20/UcC73FwrK3iLTeHuS_nVMrMxCp50SjIa1ZL7W0Q5nw.woff2 → pending (?ms, ?B)
[2026-07-27T00:23:05.698Z] GET file:///Users/grigory/Dymova-english/docs/prototypes/hero-3d-demo-v2.html → 200 (1ms, 15386B)
[2026-07-27T00:23:05.778Z] GET https://fonts.googleapis.com/css2?family=Playfair+Display:ital,wght@0,600;1,600&family=Inter:wght@400;600;800&display=swap → 200 (?ms, 11014B)
[2026-07-27T00:23:05.778Z] GET https://unpkg.com/gsap@3.12.5/dist/gsap.min.js → 200 (5ms, 72214B)
[2026-07-27T00:23:05.778Z] GET https://unpkg.com/gsap@3.12.5/dist/ScrollTrigger.min.js → 200 (4ms, 43380B)
[2026-07-27T00:23:05.780Z] GET https://unpkg.com/three@0.165.0/build/three.module.js → 200 (18ms, 1284652B)
[2026-07-27T00:23:05.780Z] GET https://unpkg.com/three@0.165.0/examples/jsm/postprocessing/EffectComposer.js → 200 (6ms, 4651B)
[2026-07-27T00:23:05.780Z] GET https://unpkg.com/three@0.165.0/examples/jsm/postprocessing/RenderPass.js → 200 (6ms, 1941B)
[2026-07-27T00:23:05.780Z] GET https://unpkg.com/three@0.165.0/examples/jsm/postprocessing/UnrealBloomPass.js → 200 (7ms, 12406B)
[2026-07-27T00:23:05.780Z] GET https://unpkg.com/three@0.165.0/examples/jsm/postprocessing/OutputPass.js → 200 (7ms, 2524B)
[2026-07-27T00:23:05.782Z] GET https://fonts.gstatic.com/s/inter/v20/UcC73FwrK3iLTeHuS_nVMrMxCp50SjIa0ZL7W0Q5n-wU.woff2 → 200 (2ms, 18744B)
[2026-07-27T00:23:05.782Z] GET https://fonts.gstatic.com/s/playfairdisplay/v40/nuFRD-vYSZviVYUb_rj3ij__anPXDTnCjmHKM4nYO7KN_naUXtXA-X-uE0qEE5Do.woff2 → 200 (2ms, 13528B)
[2026-07-27T00:23:05.782Z] GET https://fonts.gstatic.com/s/inter/v20/UcC73FwrK3iLTeHuS_nVMrMxCp50SjIa1ZL7W0Q5nw.woff2 → 200 (2ms, 48432B)
[2026-07-27T00:23:05.794Z] GET https://unpkg.com/three@0.165.0/examples/jsm/shaders/CopyShader.js → 200 (1ms, 571B)
[2026-07-27T00:23:05.794Z] GET https://unpkg.com/three@0.165.0/examples/jsm/postprocessing/ShaderPass.js → 200 (1ms, 1576B)
[2026-07-27T00:23:05.794Z] GET https://unpkg.com/three@0.165.0/examples/jsm/postprocessing/MaskPass.js → 200 (2ms, 2231B)
[2026-07-27T00:23:05.794Z] GET https://unpkg.com/three@0.165.0/examples/jsm/postprocessing/Pass.js → 200 (2ms, 1706B)
[2026-07-27T00:23:05.794Z] GET https://unpkg.com/three@0.165.0/examples/jsm/shaders/LuminosityHighPassShader.js → 200 (1ms, 1192B)
[2026-07-27T00:23:05.794Z] GET https://unpkg.com/three@0.165.0/examples/jsm/shaders/OutputShader.js → 200 (2ms, 1499B)
[2026-07-27T00:24:10.221Z] GET file:///Users/grigory/Dymova-english/docs/prototypes/hero-3d-demo-v2.html → 200 (1ms, 15386B)
[2026-07-27T00:24:10.267Z] GET https://fonts.googleapis.com/css2?family=Playfair+Display:ital,wght@0,600;1,600&family=Inter:wght@400;600;800&display=swap → 200 (2ms, 11014B)
[2026-07-27T00:24:10.268Z] GET https://unpkg.com/gsap@3.12.5/dist/gsap.min.js → 200 (7ms, 72214B)
[2026-07-27T00:24:10.268Z] GET https://unpkg.com/gsap@3.12.5/dist/ScrollTrigger.min.js → 200 (6ms, 43380B)
[2026-07-27T00:24:10.270Z] GET https://unpkg.com/three@0.165.0/build/three.module.js → 200 (11ms, 1284652B)
[2026-07-27T00:24:10.270Z] GET https://unpkg.com/three@0.165.0/examples/jsm/postprocessing/EffectComposer.js → 200 (5ms, 4651B)
[2026-07-27T00:24:10.270Z] GET https://unpkg.com/three@0.165.0/examples/jsm/postprocessing/RenderPass.js → 200 (5ms, 1941B)
[2026-07-27T00:24:10.270Z] GET https://unpkg.com/three@0.165.0/examples/jsm/postprocessing/UnrealBloomPass.js → 200 (6ms, 12406B)
[2026-07-27T00:24:10.272Z] GET https://unpkg.com/three@0.165.0/examples/jsm/postprocessing/OutputPass.js → 200 (4ms, 2524B)
[2026-07-27T00:24:10.273Z] GET https://fonts.gstatic.com/s/inter/v20/UcC73FwrK3iLTeHuS_nVMrMxCp50SjIa0ZL7W0Q5n-wU.woff2 → 200 (?ms, 18744B)
[2026-07-27T00:24:10.273Z] GET https://fonts.gstatic.com/s/playfairdisplay/v40/nuFRD-vYSZviVYUb_rj3ij__anPXDTnCjmHKM4nYO7KN_naUXtXA-X-uE0qEE5Do.woff2 → 200 (1ms, 13528B)
[2026-07-27T00:24:10.273Z] GET https://fonts.gstatic.com/s/inter/v20/UcC73FwrK3iLTeHuS_nVMrMxCp50SjIa1ZL7W0Q5nw.woff2 → 200 (1ms, 48432B)
[2026-07-27T00:24:10.276Z] GET https://unpkg.com/three@0.165.0/examples/jsm/shaders/CopyShader.js → 200 (1ms, 571B)
[2026-07-27T00:24:10.276Z] GET https://unpkg.com/three@0.165.0/examples/jsm/postprocessing/ShaderPass.js → 200 (1ms, 1576B)
[2026-07-27T00:24:10.276Z] GET https://unpkg.com/three@0.165.0/examples/jsm/postprocessing/MaskPass.js → 200 (1ms, 2231B)
[2026-07-27T00:24:10.276Z] GET https://unpkg.com/three@0.165.0/examples/jsm/postprocessing/Pass.js → 200 (1ms, 1706B)
[2026-07-27T00:24:10.277Z] GET https://unpkg.com/three@0.165.0/examples/jsm/shaders/LuminosityHighPassShader.js → 200 (?ms, 1192B)
[2026-07-27T00:24:10.277Z] GET https://unpkg.com/three@0.165.0/examples/jsm/shaders/OutputShader.js → 200 (1ms, 1499B)
[2026-07-27T00:24:48.035Z] GET file:///Users/grigory/Dymova-english/docs/prototypes/hero-3d-demo-v2.html → 200 (?ms, 15398B)
[2026-07-27T00:24:48.064Z] GET https://fonts.googleapis.com/css2?family=Playfair+Display:ital,wght@0,600;1,600&family=Inter:wght@400;600;800&display=swap → 200 (1ms, 11014B)
[2026-07-27T00:24:48.064Z] GET https://unpkg.com/gsap@3.12.5/dist/gsap.min.js → 200 (4ms, 72214B)
[2026-07-27T00:24:48.064Z] GET https://unpkg.com/gsap@3.12.5/dist/ScrollTrigger.min.js → 200 (3ms, 43380B)
[2026-07-27T00:24:48.065Z] GET https://unpkg.com/three@0.165.0/build/three.module.js → 200 (14ms, 1284652B)
[2026-07-27T00:24:48.065Z] GET https://unpkg.com/three@0.165.0/examples/jsm/postprocessing/EffectComposer.js → 200 (3ms, 4651B)
[2026-07-27T00:24:48.065Z] GET https://unpkg.com/three@0.165.0/examples/jsm/postprocessing/RenderPass.js → 200 (4ms, 1941B)
[2026-07-27T00:24:48.065Z] GET https://unpkg.com/three@0.165.0/examples/jsm/postprocessing/UnrealBloomPass.js → 200 (5ms, 12406B)
[2026-07-27T00:24:48.066Z] GET https://unpkg.com/three@0.165.0/examples/jsm/postprocessing/OutputPass.js → 200 (5ms, 2524B)
[2026-07-27T00:24:48.067Z] GET https://fonts.gstatic.com/s/inter/v20/UcC73FwrK3iLTeHuS_nVMrMxCp50SjIa0ZL7W0Q5n-wU.woff2 → 200 (2ms, 18744B)
[2026-07-27T00:24:48.067Z] GET https://fonts.gstatic.com/s/playfairdisplay/v40/nuFRD-vYSZviVYUb_rj3ij__anPXDTnCjmHKM4nYO7KN_naUXtXA-X-uE0qEE5Do.woff2 → 200 (2ms, 13528B)
[2026-07-27T00:24:48.067Z] GET https://fonts.gstatic.com/s/inter/v20/UcC73FwrK3iLTeHuS_nVMrMxCp50SjIa1ZL7W0Q5nw.woff2 → 200 (5ms, 48432B)
[2026-07-27T00:24:48.071Z] GET https://unpkg.com/three@0.165.0/examples/jsm/shaders/CopyShader.js → 200 (1ms, 571B)
[2026-07-27T00:24:48.071Z] GET https://unpkg.com/three@0.165.0/examples/jsm/postprocessing/ShaderPass.js → 200 (2ms, 1576B)
[2026-07-27T00:24:48.071Z] GET https://unpkg.com/three@0.165.0/examples/jsm/postprocessing/MaskPass.js → 200 (2ms, 2231B)
[2026-07-27T00:24:48.071Z] GET https://unpkg.com/three@0.165.0/examples/jsm/postprocessing/Pass.js → 200 (2ms, 1706B)
[2026-07-27T00:24:48.071Z] GET https://unpkg.com/three@0.165.0/examples/jsm/shaders/LuminosityHighPassShader.js → 200 (3ms, 1192B)
[2026-07-27T00:24:48.071Z] GET https://unpkg.com/three@0.165.0/examples/jsm/shaders/OutputShader.js → 200 (3ms, 1499B)
[2026-07-27T00:24:50.266Z] GET file:///Users/grigory/Dymova-english/docs/prototypes/hero-3d-demo-v2.html → 200 (?ms, 15398B)
[2026-07-27T00:24:50.334Z] GET https://fonts.googleapis.com/css2?family=Playfair+Display:ital,wght@0,600;1,600&family=Inter:wght@400;600;800&display=swap → 200 (?ms, 11014B)
[2026-07-27T00:24:50.334Z] GET https://unpkg.com/gsap@3.12.5/dist/gsap.min.js → 200 (4ms, 72214B)
[2026-07-27T00:24:50.334Z] GET https://unpkg.com/gsap@3.12.5/dist/ScrollTrigger.min.js → 200 (3ms, 43380B)
[2026-07-27T00:24:50.335Z] GET https://unpkg.com/three@0.165.0/build/three.module.js → 200 (15ms, 1284652B)
[2026-07-27T00:24:50.335Z] GET https://unpkg.com/three@0.165.0/examples/jsm/postprocessing/EffectComposer.js → 200 (2ms, 4651B)
[2026-07-27T00:24:50.335Z] GET https://unpkg.com/three@0.165.0/examples/jsm/postprocessing/RenderPass.js → 200 (3ms, 1941B)
[2026-07-27T00:24:50.335Z] GET https://unpkg.com/three@0.165.0/examples/jsm/postprocessing/UnrealBloomPass.js → 200 (4ms, 12406B)
[2026-07-27T00:24:50.335Z] GET https://unpkg.com/three@0.165.0/examples/jsm/postprocessing/OutputPass.js → 200 (6ms, 2524B)
[2026-07-27T00:24:50.336Z] GET https://fonts.gstatic.com/s/inter/v20/UcC73FwrK3iLTeHuS_nVMrMxCp50SjIa0ZL7W0Q5n-wU.woff2 → 200 (2ms, 18744B)
[2026-07-27T00:24:50.336Z] GET https://fonts.gstatic.com/s/playfairdisplay/v40/nuFRD-vYSZviVYUb_rj3ij__anPXDTnCjmHKM4nYO7KN_naUXtXA-X-uE0qEE5Do.woff2 → 200 (3ms, 13528B)
[2026-07-27T00:24:50.336Z] GET https://fonts.gstatic.com/s/inter/v20/UcC73FwrK3iLTeHuS_nVMrMxCp50SjIa1ZL7W0Q5nw.woff2 → 200 (3ms, 48432B)
[2026-07-27T00:24:50.341Z] GET https://unpkg.com/three@0.165.0/examples/jsm/shaders/CopyShader.js → 200 (2ms, 571B)
[2026-07-27T00:24:50.341Z] GET https://unpkg.com/three@0.165.0/examples/jsm/postprocessing/ShaderPass.js → 200 (2ms, 1576B)
[2026-07-27T00:24:50.341Z] GET https://unpkg.com/three@0.165.0/examples/jsm/postprocessing/MaskPass.js → 200 (3ms, 2231B)
[2026-07-27T00:24:50.342Z] GET https://unpkg.com/three@0.165.0/examples/jsm/postprocessing/Pass.js → 200 (1ms, 1706B)
[2026-07-27T00:24:50.342Z] GET https://unpkg.com/three@0.165.0/examples/jsm/shaders/LuminosityHighPassShader.js → 200 (2ms, 1192B)
[2026-07-27T00:24:50.343Z] GET https://unpkg.com/three@0.165.0/examples/jsm/shaders/OutputShader.js → 200 (1ms, 1499B)
[2026-07-27T00:36:45.729Z] GET file:///Users/grigory/Dymova-english/docs/prototypes/hero-3d-demo-v2.html → 200 (1ms, 13962B)
[2026-07-27T00:36:45.816Z] GET https://fonts.googleapis.com/css2?family=Montserrat:ital,wght@0,700;0,800;1,700&family=DM+Sans:wght@400;500&display=swap → 200 (278ms, 7621B)
[2026-07-27T00:36:45.816Z] GET https://unpkg.com/gsap@3.12.5/dist/gsap.min.js → 200 (5ms, 72214B)
[2026-07-27T00:36:45.816Z] GET https://unpkg.com/gsap@3.12.5/dist/ScrollTrigger.min.js → 200 (4ms, 43380B)
[2026-07-27T00:36:45.818Z] GET https://unpkg.com/three@0.165.0/build/three.module.js → 200 (12ms, 1284652B)
[2026-07-27T00:36:45.818Z] GET https://unpkg.com/three@0.165.0/examples/jsm/postprocessing/EffectComposer.js → 200 (2ms, 4651B)
[2026-07-27T00:36:45.818Z] GET https://unpkg.com/three@0.165.0/examples/jsm/postprocessing/RenderPass.js → 200 (3ms, 1941B)
[2026-07-27T00:36:45.818Z] GET https://unpkg.com/three@0.165.0/examples/jsm/postprocessing/UnrealBloomPass.js → 200 (4ms, 12406B)
[2026-07-27T00:36:45.818Z] GET https://unpkg.com/three@0.165.0/examples/jsm/postprocessing/OutputPass.js → 200 (4ms, 2524B)
[2026-07-27T00:36:45.820Z] GET https://unpkg.com/three@0.165.0/examples/jsm/shaders/CopyShader.js → 200 (3ms, 571B)
[2026-07-27T00:36:45.820Z] GET https://unpkg.com/three@0.165.0/examples/jsm/postprocessing/ShaderPass.js → 200 (3ms, 1576B)
[2026-07-27T00:36:45.821Z] GET https://unpkg.com/three@0.165.0/examples/jsm/postprocessing/MaskPass.js → 200 (3ms, 2231B)
[2026-07-27T00:36:45.822Z] GET https://unpkg.com/three@0.165.0/examples/jsm/postprocessing/Pass.js → 200 (2ms, 1706B)
[2026-07-27T00:36:45.822Z] GET https://unpkg.com/three@0.165.0/examples/jsm/shaders/LuminosityHighPassShader.js → 200 (2ms, 1192B)
[2026-07-27T00:36:45.823Z] GET https://unpkg.com/three@0.165.0/examples/jsm/shaders/OutputShader.js → 200 (1ms, 1499B)
[2026-07-27T00:36:46.115Z] GET https://fonts.gstatic.com/s/montserrat/v31/JTUSjIg1_i6t8kCHKm459W1hyyTh89ZNpQ.woff2 → pending (?ms, ?B)
[2026-07-27T00:36:46.115Z] GET https://fonts.gstatic.com/s/montserrat/v31/JTUFjIg1_i6t8kCHKm459Wx7xQYXK0vOoz6jq0N6WXx0ppC8MLnbtrVK.woff2 → pending (?ms, ?B)
[2026-07-27T00:36:46.115Z] GET https://fonts.gstatic.com/s/montserrat/v31/JTUSjIg1_i6t8kCHKm459WlhyyTh89Y.woff2 → pending (?ms, ?B)
[2026-07-27T00:36:46.115Z] GET https://fonts.gstatic.com/s/dmsans/v17/rP2Yp2ywxg089UriI5-g4vlH9VoD8Cmcqbu0-K6z9mXg.woff2 → pending (?ms, ?B)
[2026-07-27T00:38:39.304Z] GET file:///Users/grigory/Dymova-english/docs/prototypes/hero-3d-demo-v2.html → 200 (?ms, 13962B)
[2026-07-27T00:38:39.357Z] GET https://fonts.googleapis.com/css2?family=Montserrat:ital,wght@0,700;0,800;1,700&family=DM+Sans:wght@400;500&display=swap → 200 (1ms, 7621B)
[2026-07-27T00:38:39.357Z] GET https://unpkg.com/gsap@3.12.5/dist/gsap.min.js → 200 (8ms, 72214B)
[2026-07-27T00:38:39.357Z] GET https://unpkg.com/gsap@3.12.5/dist/ScrollTrigger.min.js → 200 (5ms, 43380B)
[2026-07-27T00:38:39.359Z] GET https://unpkg.com/three@0.165.0/build/three.module.js → 200 (15ms, ?B)
[2026-07-27T00:38:39.359Z] GET https://unpkg.com/three@0.165.0/examples/jsm/postprocessing/EffectComposer.js → 200 (1ms, 4651B)
[2026-07-27T00:38:39.359Z] GET https://unpkg.com/three@0.165.0/examples/jsm/postprocessing/RenderPass.js → 200 (2ms, 1941B)
[2026-07-27T00:38:39.359Z] GET https://unpkg.com/three@0.165.0/examples/jsm/postprocessing/UnrealBloomPass.js → 200 (2ms, 12406B)
[2026-07-27T00:38:39.359Z] GET https://unpkg.com/three@0.165.0/examples/jsm/postprocessing/OutputPass.js → 200 (2ms, 2524B)
[2026-07-27T00:38:39.359Z] GET https://fonts.gstatic.com/s/montserrat/v31/JTUSjIg1_i6t8kCHKm459W1hyyTh89ZNpQ.woff2 → 200 (1ms, 21492B)
[2026-07-27T00:38:39.359Z] GET https://fonts.gstatic.com/s/montserrat/v31/JTUFjIg1_i6t8kCHKm459Wx7xQYXK0vOoz6jq0N6WXx0ppC8MLnbtrVK.woff2 → 200 (1ms, 8980B)
[2026-07-27T00:38:39.359Z] GET https://fonts.gstatic.com/s/montserrat/v31/JTUSjIg1_i6t8kCHKm459WlhyyTh89Y.woff2 → 200 (4ms, 35508B)
[2026-07-27T00:38:39.359Z] GET https://fonts.gstatic.com/s/dmsans/v17/rP2Yp2ywxg089UriI5-g4vlH9VoD8Cmcqbu0-K6z9mXg.woff2 → 200 (5ms, 36980B)
[2026-07-27T00:38:39.363Z] GET https://unpkg.com/three@0.165.0/examples/jsm/shaders/CopyShader.js → 200 (2ms, 571B)
[2026-07-27T00:38:39.363Z] GET https://unpkg.com/three@0.165.0/examples/jsm/postprocessing/ShaderPass.js → 200 (3ms, ?B)
[2026-07-27T00:38:39.363Z] GET https://unpkg.com/three@0.165.0/examples/jsm/postprocessing/MaskPass.js → 200 (3ms, ?B)
[2026-07-27T00:38:39.364Z] GET https://unpkg.com/three@0.165.0/examples/jsm/postprocessing/Pass.js → 200 (2ms, ?B)
[2026-07-27T00:38:39.364Z] GET https://unpkg.com/three@0.165.0/examples/jsm/shaders/OutputShader.js → 200 (3ms, ?B)
[2026-07-27T00:38:39.365Z] GET https://unpkg.com/three@0.165.0/examples/jsm/shaders/LuminosityHighPassShader.js → 200 (3ms, ?B)
[2026-07-27T00:39:16.262Z] GET file:///Users/grigory/Dymova-english/docs/prototypes/hero-3d-demo-v2.html → 200 (1ms, 13962B)
[2026-07-27T00:39:16.288Z] GET https://fonts.googleapis.com/css2?family=Montserrat:ital,wght@0,700;0,800;1,700&family=DM+Sans:wght@400;500&display=swap → 200 (?ms, 7621B)
[2026-07-27T00:39:16.288Z] GET https://unpkg.com/gsap@3.12.5/dist/gsap.min.js → 200 (10ms, 72214B)
[2026-07-27T00:39:16.288Z] GET https://unpkg.com/gsap@3.12.5/dist/ScrollTrigger.min.js → 200 (7ms, 43380B)
[2026-07-27T00:39:16.288Z] GET https://unpkg.com/three@0.165.0/build/three.module.js → 200 (13ms, 1284652B)
[2026-07-27T00:39:16.288Z] GET https://unpkg.com/three@0.165.0/examples/jsm/postprocessing/EffectComposer.js → 200 (7ms, 4651B)
[2026-07-27T00:39:16.288Z] GET https://unpkg.com/three@0.165.0/examples/jsm/postprocessing/RenderPass.js → 200 (5ms, 1941B)
[2026-07-27T00:39:16.288Z] GET https://unpkg.com/three@0.165.0/examples/jsm/postprocessing/UnrealBloomPass.js → 200 (7ms, 12406B)
[2026-07-27T00:39:16.288Z] GET https://unpkg.com/three@0.165.0/examples/jsm/postprocessing/OutputPass.js → 200 (5ms, 2524B)
[2026-07-27T00:39:16.290Z] GET https://fonts.gstatic.com/s/montserrat/v31/JTUSjIg1_i6t8kCHKm459W1hyyTh89ZNpQ.woff2 → 200 (1ms, 21492B)
[2026-07-27T00:39:16.290Z] GET https://fonts.gstatic.com/s/montserrat/v31/JTUFjIg1_i6t8kCHKm459Wx7xQYXK0vOoz6jq0N6WXx0ppC8MLnbtrVK.woff2 → 200 (1ms, 8980B)
[2026-07-27T00:39:16.291Z] GET https://fonts.gstatic.com/s/montserrat/v31/JTUSjIg1_i6t8kCHKm459WlhyyTh89Y.woff2 → 200 (?ms, 35508B)
[2026-07-27T00:39:16.291Z] GET https://fonts.gstatic.com/s/dmsans/v17/rP2Yp2ywxg089UriI5-g4vlH9VoD8Cmcqbu0-K6z9mXg.woff2 → 200 (1ms, 36980B)
[2026-07-27T00:39:16.298Z] GET https://unpkg.com/three@0.165.0/examples/jsm/postprocessing/Pass.js → 200 (1ms, 1706B)
[2026-07-27T00:39:16.299Z] GET https://unpkg.com/three@0.165.0/examples/jsm/shaders/OutputShader.js → 200 (?ms, 1499B)
[2026-07-27T00:39:16.299Z] GET https://unpkg.com/three@0.165.0/examples/jsm/shaders/CopyShader.js → 200 (1ms, 571B)
[2026-07-27T00:39:16.299Z] GET https://unpkg.com/three@0.165.0/examples/jsm/postprocessing/ShaderPass.js → 200 (1ms, 1576B)
[2026-07-27T00:39:16.299Z] GET https://unpkg.com/three@0.165.0/examples/jsm/postprocessing/MaskPass.js → 200 (1ms, 2231B)
[2026-07-27T00:39:16.299Z] GET https://unpkg.com/three@0.165.0/examples/jsm/shaders/LuminosityHighPassShader.js → 200 (1ms, 1192B)
